
     Program PWSCF v.5.1.1 starts on 10Jun2015 at 12: 5:43 

     This program is part of the open-source Quantum ESPRESSO suite
     for quantum simulation of materials; please cite
         "P. Giannozzi et al., J. Phys.:Condens. Matter 21 395502 (2009);
          URL http://www.quantum-espresso.org", 
     in publications or presentations arising from this work. More details at
     http://www.quantum-espresso.org/quote

     Parallel version (MPI & OpenMP), running on       8 processor cores
     Number of MPI processes:                 8
     Threads/MPI process:                     1
     R & G space division:  proc/nbgrp/npool/nimage =       8
     Waiting for input...
     Reading input from standard input
Warning: card &IONS ignored
Warning: card / ignored

     Current dimensions of program PWSCF are:
     Max number of different atomic species (ntypx) = 10
     Max number of k-points (npk) =  40000
     Max angular momentum in pseudopotentials (lmaxx) =  3
     Presently no symmetry can be used with electric field

               file H.pbe-rrkjus.UPF: wavefunction(s)  1S renormalized

     gamma-point specific algorithms are used

     Subspace diagonalization in iterative solution of the eigenvalue problem:
     scalapack distributed-memory algorithm (size of sub-group:  2*  2 procs)

 
     Parallelization info
     --------------------
     sticks:   dense  smooth     PW     G-vecs:    dense   smooth      PW
     Min         124     124     30                 2980     2980     366
     Max         126     126     31                 2983     2983     375
     Sum         997     997    241                23847    23847    2945
     Tot         499     499    121
 


     bravais-lattice index     =            1
     lattice parameter (alat)  =      13.2281  a.u.
     unit-cell volume          =    2314.6788 (a.u.)^3
     number of atoms/cell      =            5
     number of atomic types    =            2
     number of electrons       =         8.00
     number of Kohn-Sham states=            4
     kinetic-energy cutoff     =      18.0000  Ry
     charge density cutoff     =      72.0000  Ry
     convergence threshold     =      1.0E-06
     mixing beta               =       0.3000
     number of iterations used =            8  plain     mixing
     Exchange-correlation      =  SLA  PW   PBE  PBE ( 1  4  3  4 0 0)

     celldm(1)=  13.228083  celldm(2)=   0.000000  celldm(3)=   0.000000
     celldm(4)=   0.000000  celldm(5)=   0.000000  celldm(6)=   0.000000

     crystal axes: (cart. coord. in units of alat)
               a(1) = (   1.000000   0.000000   0.000000 )  
               a(2) = (   0.000000   1.000000   0.000000 )  
               a(3) = (   0.000000   0.000000   1.000000 )  

     reciprocal axes: (cart. coord. in units 2 pi/alat)
               b(1) = (  1.000000  0.000000  0.000000 )  
               b(2) = (  0.000000  1.000000  0.000000 )  
               b(3) = (  0.000000  0.000000  1.000000 )  


     PseudoPot. # 1 for Si read from file:
     /home/matt/espresso/pseudo/Si.pbe-n-van.UPF
     MD5 check sum: 8a97496598b7338af554a5de8957bfee
     Pseudo is Ultrasoft + core correction, Zval =  4.0
     Generated by new atomic code, or converted to UPF format
     Using radial grid of  899 points,  6 beta functions with: 
                l(1) =   0
                l(2) =   0
                l(3) =   1
                l(4) =   1
                l(5) =   2
                l(6) =   2
     Q(r) pseudized with  8 coefficients,  rinner =    0.900   0.900   0.900
                                                       0.900   0.900

     PseudoPot. # 2 for H  read from file:
     /home/matt/espresso/pseudo/H.pbe-rrkjus.UPF
     MD5 check sum: 7cc9d459525c9a0585f487a71c3c9563
     Pseudo is Ultrasoft, Zval =  1.0
     Generated by new atomic code, or converted to UPF format
     Using radial grid of 1061 points,  2 beta functions with: 
                l(1) =   0
                l(2) =   0
     Q(r) pseudized with 0 coefficients 


     atomic species   valence    mass     pseudopotential
        Si             4.00    28.08550     Si( 1.00)
        H              1.00     1.00794     H ( 1.00)

     No symmetry found



   Cartesian axes

     site n.     atom                  positions (alat units)
         1           Si  tau(   1) = (  -0.0277829   0.3482714   0.0000000  )
         2           H   tau(   2) = (   0.1822929   0.3482714   0.0000000  )
         3           H   tau(   3) = (  -0.0978086   0.4498400   0.1700357  )
         4           H   tau(   4) = (  -0.0978086   0.1502329   0.0029429  )
         5           H   tau(   5) = (  -0.0978086   0.4447414  -0.1729786  )

     number of k points=     1
                       cart. coord. in units 2pi/alat
        k(    1) = (   0.0000000   0.0000000   0.0000000), wk =   2.0000000

     Dense  grid:    11924 G-vectors     FFT dimensions: (  36,  36,  36)

     Largest allocated arrays     est. size (Mb)     dimensions
        Kohn-Sham Wavefunctions         0.01 Mb     (     185,    4)
        NL pseudopotentials             0.07 Mb     (     185,   26)
        Each V/rho on FFT grid          0.10 Mb     (    6480)
        Each G-vector array             0.01 Mb     (    1490)
        G-vector shells                 0.00 Mb     (     230)
     Largest temporary arrays     est. size (Mb)     dimensions
        Auxiliary wavefunctions         0.02 Mb     (     185,   16)
        Each subspace H/S matrix        0.00 Mb     (       8,    8)
        Each <psi_i|beta_j> matrix      0.00 Mb     (      26,    4)
        Arrays for rho mixing           0.79 Mb     (    6480,    8)
 
     Using a distance-based cell
     Adding the potential well
        Amplitude [Ry a.u.] : -1.0000E+00
        Atom selected :           1
        Well size     :  2.6456E+00
 

     Check: negative/imaginary core charge=   -0.000002    0.000000

     Initial potential from superposition of free atoms

     starting charge    7.61451, renormalised to    8.00000

     negative rho (up, down):  1.309E-06 0.000E+00
     Starting wfc are    8 randomized atomic wfcs

     total cpu time spent up to now is        0.3 secs

     per-process dynamical memory:     8.3 Mb

     Self-consistent Calculation

     iteration #  1     ecut=    18.00 Ry     beta=0.30
     Davidson diagonalization with overlap
     ethr =  1.00E-02,  avg # of iterations =  3.0

     negative rho (up, down):  1.452E-04 0.000E+00

     total cpu time spent up to now is        0.3 secs

     The total energy is the sum of the following terms:

     one-electron contribution =     -25.51215573 Ry
     hartree contribution      =       7.90796645 Ry
     xc contribution           =      -6.42734757 Ry
     ewald contribution        =       0.88693575 Ry

     total energy              =     -19.32454140 Ry
     Harris-Foulkes estimate   =     -20.19038626 Ry
     estimated scf accuracy    <       2.23982698 Ry

     iteration #  2     ecut=    18.00 Ry     beta=0.30
     Davidson diagonalization with overlap
     ethr =  1.00E-02,  avg # of iterations =  1.0

     negative rho (up, down):  1.648E-02 0.000E+00

     total cpu time spent up to now is        0.5 secs

     The total energy is the sum of the following terms:

     one-electron contribution =     -25.06716702 Ry
     hartree contribution      =      11.48186360 Ry
     xc contribution           =      -7.41243376 Ry
     ewald contribution        =       0.88693575 Ry

     total energy              =     -18.82364520 Ry
     Harris-Foulkes estimate   =     -19.38781831 Ry
     estimated scf accuracy    <       0.78962972 Ry

     iteration #  3     ecut=    18.00 Ry     beta=0.30
     Davidson diagonalization with overlap
     ethr =  9.87E-03,  avg # of iterations =  2.0

     negative rho (up, down):  3.445E-02 0.000E+00

     total cpu time spent up to now is        0.5 secs

     The total energy is the sum of the following terms:

     one-electron contribution =     -24.10076313 Ry
     hartree contribution      =      11.43236352 Ry
     xc contribution           =      -7.45965362 Ry
     ewald contribution        =       0.88693575 Ry

     total energy              =     -18.91403355 Ry
     Harris-Foulkes estimate   =     -18.94966671 Ry
     estimated scf accuracy    <       0.07544953 Ry

     iteration #  4     ecut=    18.00 Ry     beta=0.30
     Davidson diagonalization with overlap
     ethr =  9.43E-04,  avg # of iterations =  2.0

     negative rho (up, down):  6.951E-02 0.000E+00

     total cpu time spent up to now is        0.5 secs

     The total energy is the sum of the following terms:

     one-electron contribution =     -24.44186788 Ry
     hartree contribution      =      12.01228972 Ry
     xc contribution           =      -7.61236897 Ry
     ewald contribution        =       0.88693575 Ry

     total energy              =     -18.91736459 Ry
     Harris-Foulkes estimate   =     -18.93203203 Ry
     estimated scf accuracy    <       0.02397622 Ry

     iteration #  5     ecut=    18.00 Ry     beta=0.30
     Davidson diagonalization with overlap
     ethr =  3.00E-04,  avg # of iterations =  2.0

     negative rho (up, down):  7.369E-02 0.000E+00

     total cpu time spent up to now is        0.6 secs

     The total energy is the sum of the following terms:

     one-electron contribution =     -24.25685898 Ry
     hartree contribution      =      12.09297117 Ry
     xc contribution           =      -7.64725205 Ry
     ewald contribution        =       0.88693575 Ry

     total energy              =     -18.92208917 Ry
     Harris-Foulkes estimate   =     -18.92110617 Ry
     estimated scf accuracy    <       0.00154119 Ry

     iteration #  6     ecut=    18.00 Ry     beta=0.30
     Davidson diagonalization with overlap
     ethr =  1.93E-05,  avg # of iterations =  1.0

     negative rho (up, down):  7.739E-02 0.000E+00

     total cpu time spent up to now is        0.6 secs

     The total energy is the sum of the following terms:

     one-electron contribution =     -24.25243428 Ry
     hartree contribution      =      12.01715831 Ry
     xc contribution           =      -7.59078245 Ry
     ewald contribution        =       0.88693575 Ry

     total energy              =     -18.92021520 Ry
     Harris-Foulkes estimate   =     -18.92213839 Ry
     estimated scf accuracy    <       0.00405717 Ry

     iteration #  7     ecut=    18.00 Ry     beta=0.30
     Davidson diagonalization with overlap
     ethr =  1.93E-05,  avg # of iterations =  2.0

     negative rho (up, down):  7.729E-02 0.000E+00

     total cpu time spent up to now is        0.6 secs

     The total energy is the sum of the following terms:

     one-electron contribution =     -24.22270469 Ry
     hartree contribution      =      12.01552554 Ry
     xc contribution           =      -7.59057950 Ry
     ewald contribution        =       0.88693575 Ry

     total energy              =     -18.92069675 Ry
     Harris-Foulkes estimate   =     -18.92070210 Ry
     estimated scf accuracy    <       0.00008209 Ry

     iteration #  8     ecut=    18.00 Ry     beta=0.30
     Davidson diagonalization with overlap
     ethr =  1.03E-06,  avg # of iterations =  1.0

     negative rho (up, down):  7.746E-02 0.000E+00

     total cpu time spent up to now is        0.7 secs

     The total energy is the sum of the following terms:

     one-electron contribution =     -24.22443146 Ry
     hartree contribution      =      12.02089966 Ry
     xc contribution           =      -7.59342365 Ry
     ewald contribution        =       0.88693575 Ry

     total energy              =     -18.92068971 Ry
     Harris-Foulkes estimate   =     -18.92070300 Ry
     estimated scf accuracy    <       0.00006660 Ry

     iteration #  9     ecut=    18.00 Ry     beta=0.30
     Davidson diagonalization with overlap
     ethr =  8.33E-07,  avg # of iterations =  1.0

     negative rho (up, down):  7.727E-02 0.000E+00

     total cpu time spent up to now is        0.7 secs

     The total energy is the sum of the following terms:

     one-electron contribution =     -24.22486488 Ry
     hartree contribution      =      12.02019573 Ry
     xc contribution           =      -7.59400115 Ry
     ewald contribution        =       0.88693575 Ry

     total energy              =     -18.92068363 Ry
     Harris-Foulkes estimate   =     -18.92069106 Ry
     estimated scf accuracy    <       0.00003680 Ry

     iteration # 10     ecut=    18.00 Ry     beta=0.30
     Davidson diagonalization with overlap
     ethr =  4.60E-07,  avg # of iterations =  1.0

     negative rho (up, down):  7.704E-02 0.000E+00

     total cpu time spent up to now is        0.7 secs

     The total energy is the sum of the following terms:

     one-electron contribution =     -24.22719422 Ry
     hartree contribution      =      12.01848413 Ry
     xc contribution           =      -7.59391434 Ry
     ewald contribution        =       0.88693575 Ry

     total energy              =     -18.92068315 Ry
     Harris-Foulkes estimate   =     -18.92068510 Ry
     estimated scf accuracy    <       0.00001089 Ry

     iteration # 11     ecut=    18.00 Ry     beta=0.30
     Davidson diagonalization with overlap
     ethr =  1.36E-07,  avg # of iterations =  1.0

     negative rho (up, down):  7.698E-02 0.000E+00

     total cpu time spent up to now is        0.8 secs

     The total energy is the sum of the following terms:

     one-electron contribution =     -24.22872572 Ry
     hartree contribution      =      12.01678581 Ry
     xc contribution           =      -7.59324308 Ry
     ewald contribution        =       0.88693575 Ry

     total energy              =     -18.92068420 Ry
     Harris-Foulkes estimate   =     -18.92068382 Ry
     estimated scf accuracy    <       0.00000288 Ry

     iteration # 12     ecut=    18.00 Ry     beta=0.30
     Davidson diagonalization with overlap
     ethr =  3.60E-08,  avg # of iterations =  1.0

     negative rho (up, down):  7.700E-02 0.000E+00

     total cpu time spent up to now is        0.8 secs

     The total energy is the sum of the following terms:

     one-electron contribution =     -24.22906052 Ry
     hartree contribution      =      12.01669323 Ry
     xc contribution           =      -7.59367397 Ry
     ewald contribution        =       0.88693575 Ry

     total energy              =     -18.92068366 Ry
     Harris-Foulkes estimate   =     -18.92068431 Ry
     estimated scf accuracy    <       0.00000295 Ry

     iteration # 13     ecut=    18.00 Ry     beta=0.30
     Davidson diagonalization with overlap
     ethr =  3.60E-08,  avg # of iterations =  2.0

     negative rho (up, down):  7.706E-02 0.000E+00

     total cpu time spent up to now is        0.9 secs

     End of self-consistent calculation

          k = 0.0000 0.0000 0.0000 (  1473 PWs)   bands (ev):

   -17.8144 -11.6343 -11.5442 -11.5399

     highest occupied level (ev):   -11.5399

     The total energy is the sum of the following terms:

     one-electron contribution =     -24.23063642 Ry
     hartree contribution      =      12.01674406 Ry
     xc contribution           =      -7.59372739 Ry
     ewald contribution        =       0.88693575 Ry

!    total energy              =     -18.92068399 Ry
     Harris-Foulkes estimate   =     -18.92068415 Ry
     estimated scf accuracy    <       0.00000005 Ry

     The total energy is the sum of the following terms:

     one-electron contribution =     -24.23063642 Ry
     hartree contribution      =      12.01674406 Ry
     xc contribution           =      -7.59372739 Ry
     ewald contribution        =       0.88693575 Ry
     electric field correction =       0.00000000 Ry

     convergence has been achieved in  13 iterations
 
     Using a distance-based cell
     Adding the potential well
        Amplitude [Ry a.u.] : -1.0000E+00
        Atom selected :           1
        Well size     :  2.6456E+00
 
 
     Using a distance-based cell
     Adding the potential well
        Amplitude [Ry a.u.] : -1.0000E+00
        Atom selected :           1
        Well size     :  2.6456E+00
 
     E field correction :    5.25722946831244       Ry
     #e's   in well     :    5.25722946831244       electrons
     Numerical error    :    0.742770531687564      electrons
 
     -----------------------------------------------
 
                      SCF converged but...
 
     electron localization condition NOT satisfied
     restarting scf with different applied potential
 
     New field Amp      :   -1.74277053168756       Ry
     charge density from previous step

     Check: negative/imaginary core charge=   -0.000002    0.000000

     negative rho (up, down):  7.706E-02 0.000E+00
 
     Using a distance-based cell
     Adding the potential well
        Amplitude [Ry a.u.] : -1.7428E+00
        Atom selected :           1
        Well size     :  2.6456E+00
 

     total cpu time spent up to now is        0.9 secs

     per-process dynamical memory:     9.1 Mb

     Self-consistent Calculation

     iteration #  1     ecut=    18.00 Ry     beta=0.30
     Davidson diagonalization with overlap
     ethr =  3.60E-08,  avg # of iterations =  9.0

     negative rho (up, down):  9.144E-02 0.000E+00

     total cpu time spent up to now is        0.9 secs

     The total energy is the sum of the following terms:

     one-electron contribution =     -30.16619987 Ry
     hartree contribution      =      12.65576916 Ry
     xc contribution           =      -7.72395365 Ry
     ewald contribution        =       0.88693575 Ry

     total energy              =     -23.11400914 Ry
     Harris-Foulkes estimate   =     -23.22675538 Ry
     estimated scf accuracy    <       0.31264933 Ry

     iteration #  2     ecut=    18.00 Ry     beta=0.30
     Davidson diagonalization with overlap
     ethr =  3.91E-03,  avg # of iterations =  1.0

     negative rho (up, down):  1.097E-01 0.000E+00

     total cpu time spent up to now is        1.0 secs

     The total energy is the sum of the following terms:

     one-electron contribution =     -29.90044335 Ry
     hartree contribution      =      13.46006718 Ry
     xc contribution           =      -7.89289505 Ry
     ewald contribution        =       0.88693575 Ry

     total energy              =     -23.07204055 Ry
     Harris-Foulkes estimate   =     -23.12535235 Ry
     estimated scf accuracy    <       0.08892628 Ry

     iteration #  3     ecut=    18.00 Ry     beta=0.30
     Davidson diagonalization with overlap
     ethr =  1.11E-03,  avg # of iterations =  2.0

     negative rho (up, down):  1.091E-01 0.000E+00

     total cpu time spent up to now is        1.0 secs

     The total energy is the sum of the following terms:

     one-electron contribution =     -29.56973230 Ry
     hartree contribution      =      13.45370862 Ry
     xc contribution           =      -7.89425640 Ry
     ewald contribution        =       0.88693575 Ry

     total energy              =     -23.09227810 Ry
     Harris-Foulkes estimate   =     -23.09264936 Ry
     estimated scf accuracy    <       0.00343808 Ry

     iteration #  4     ecut=    18.00 Ry     beta=0.30
     Davidson diagonalization with overlap
     ethr =  4.30E-05,  avg # of iterations =  1.0

     negative rho (up, down):  1.072E-01 0.000E+00

     total cpu time spent up to now is        1.0 secs

     The total energy is the sum of the following terms:

     one-electron contribution =     -29.57039587 Ry
     hartree contribution      =      13.47362504 Ry
     xc contribution           =      -7.90956912 Ry
     ewald contribution        =       0.88693575 Ry

     total energy              =     -23.09161197 Ry
     Harris-Foulkes estimate   =     -23.09250753 Ry
     estimated scf accuracy    <       0.00248065 Ry

     iteration #  5     ecut=    18.00 Ry     beta=0.30
     Davidson diagonalization with overlap
     ethr =  3.10E-05,  avg # of iterations =  1.0

     negative rho (up, down):  1.070E-01 0.000E+00

     total cpu time spent up to now is        1.1 secs

     The total energy is the sum of the following terms:

     one-electron contribution =     -29.59850588 Ry
     hartree contribution      =      13.54015166 Ry
     xc contribution           =      -7.93383718 Ry
     ewald contribution        =       0.88693575 Ry

     total energy              =     -23.09159409 Ry
     Harris-Foulkes estimate   =     -23.09176287 Ry
     estimated scf accuracy    <       0.00042066 Ry

     iteration #  6     ecut=    18.00 Ry     beta=0.30
     Davidson diagonalization with overlap
     ethr =  5.26E-06,  avg # of iterations =  2.0

     negative rho (up, down):  1.070E-01 0.000E+00

     total cpu time spent up to now is        1.1 secs

     The total energy is the sum of the following terms:

     one-electron contribution =     -29.59634410 Ry
     hartree contribution      =      13.53923505 Ry
     xc contribution           =      -7.93363139 Ry
     ewald contribution        =       0.88693575 Ry

     total energy              =     -23.09167049 Ry
     Harris-Foulkes estimate   =     -23.09166979 Ry
     estimated scf accuracy    <       0.00005771 Ry

     iteration #  7     ecut=    18.00 Ry     beta=0.30
     Davidson diagonalization with overlap
     ethr =  7.21E-07,  avg # of iterations =  1.0

     negative rho (up, down):  1.074E-01 0.000E+00

     total cpu time spent up to now is        1.1 secs

     The total energy is the sum of the following terms:

     one-electron contribution =     -29.59828350 Ry
     hartree contribution      =      13.54929039 Ry
     xc contribution           =      -7.93596956 Ry
     ewald contribution        =       0.88693575 Ry

     total energy              =     -23.09166161 Ry
     Harris-Foulkes estimate   =     -23.09167336 Ry
     estimated scf accuracy    <       0.00004125 Ry

     iteration #  8     ecut=    18.00 Ry     beta=0.30
     Davidson diagonalization with overlap
     ethr =  5.16E-07,  avg # of iterations =  1.0

     negative rho (up, down):  1.074E-01 0.000E+00

     total cpu time spent up to now is        1.2 secs

     The total energy is the sum of the following terms:

     one-electron contribution =     -29.59383510 Ry
     hartree contribution      =      13.54867398 Ry
     xc contribution           =      -7.93583528 Ry
     ewald contribution        =       0.88693575 Ry

     total energy              =     -23.09166506 Ry
     Harris-Foulkes estimate   =     -23.09166485 Ry
     estimated scf accuracy    <       0.00000277 Ry

     iteration #  9     ecut=    18.00 Ry     beta=0.30
     Davidson diagonalization with overlap
     ethr =  3.46E-08,  avg # of iterations =  3.0

     negative rho (up, down):  1.074E-01 0.000E+00

     total cpu time spent up to now is        1.2 secs

     The total energy is the sum of the following terms:

     one-electron contribution =     -29.59415409 Ry
     hartree contribution      =      13.54911780 Ry
     xc contribution           =      -7.93589572 Ry
     ewald contribution        =       0.88693575 Ry

     total energy              =     -23.09166524 Ry
     Harris-Foulkes estimate   =     -23.09166548 Ry
     estimated scf accuracy    <       0.00000261 Ry

     iteration # 10     ecut=    18.00 Ry     beta=0.30
     Davidson diagonalization with overlap
     ethr =  3.27E-08,  avg # of iterations =  1.0

     negative rho (up, down):  1.075E-01 0.000E+00

     total cpu time spent up to now is        1.3 secs

     The total energy is the sum of the following terms:

     one-electron contribution =     -29.59372126 Ry
     hartree contribution      =      13.55004519 Ry
     xc contribution           =      -7.93613127 Ry
     ewald contribution        =       0.88693575 Ry

     total energy              =     -23.09166527 Ry
     Harris-Foulkes estimate   =     -23.09166531 Ry
     estimated scf accuracy    <       0.00000152 Ry

     iteration # 11     ecut=    18.00 Ry     beta=0.30
     Davidson diagonalization with overlap
     ethr =  1.90E-08,  avg # of iterations =  1.0

     negative rho (up, down):  1.075E-01 0.000E+00

     total cpu time spent up to now is        1.3 secs

     End of self-consistent calculation

          k = 0.0000 0.0000 0.0000 (  1473 PWs)   bands (ev):

   -22.9844 -16.1260 -15.9759 -15.9630

     highest occupied level (ev):   -15.9630

     The total energy is the sum of the following terms:

     one-electron contribution =     -29.59336097 Ry
     hartree contribution      =      13.55165374 Ry
     xc contribution           =      -7.93689428 Ry
     ewald contribution        =       0.88693575 Ry

!    total energy              =     -23.09166577 Ry
     Harris-Foulkes estimate   =     -23.09166531 Ry
     estimated scf accuracy    <       0.00000097 Ry

     The total energy is the sum of the following terms:

     one-electron contribution =     -29.59336097 Ry
     hartree contribution      =      13.55165374 Ry
     xc contribution           =      -7.93689428 Ry
     ewald contribution        =       0.88693575 Ry
     electric field correction =       0.00000000 Ry

     convergence has been achieved in  11 iterations
 
     Using a distance-based cell
     Adding the potential well
        Amplitude [Ry a.u.] : -1.7428E+00
        Atom selected :           1
        Well size     :  2.6456E+00
 
 
     Using a distance-based cell
     Adding the potential well
        Amplitude [Ry a.u.] : -1.7428E+00
        Atom selected :           1
        Well size     :  2.6456E+00
 
     E field correction :    10.3588395726946       Ry
     #e's   in well     :    5.94389185744603       electrons
     Numerical error    :    5.610814255396601E-002 electrons
 
     -----------------------------------------------
 
                      SCF converged but...
 
     electron localization condition NOT satisfied
     restarting scf with different applied potential
 
     New field Amp      :   -1.84055414911834       Ry
     charge density from previous step

     Check: negative/imaginary core charge=   -0.000002    0.000000

     negative rho (up, down):  1.075E-01 0.000E+00
 
     Using a distance-based cell
     Adding the potential well
        Amplitude [Ry a.u.] : -1.8406E+00
        Atom selected :           1
        Well size     :  2.6456E+00
 

     total cpu time spent up to now is        1.4 secs

     per-process dynamical memory:     9.3 Mb

     Self-consistent Calculation

     iteration #  1     ecut=    18.00 Ry     beta=0.30
     Davidson diagonalization with overlap
     ethr =  1.90E-08,  avg # of iterations =  7.0

     negative rho (up, down):  1.095E-01 0.000E+00

     total cpu time spent up to now is        1.5 secs

     The total energy is the sum of the following terms:

     one-electron contribution =     -30.39047817 Ry
     hartree contribution      =      13.63183756 Ry
     xc contribution           =      -7.95369581 Ry
     ewald contribution        =       0.88693575 Ry

     total energy              =     -23.67692352 Ry
     Harris-Foulkes estimate   =     -23.67841734 Ry
     estimated scf accuracy    <       0.00419619 Ry

     iteration #  2     ecut=    18.00 Ry     beta=0.30
     Davidson diagonalization with overlap
     ethr =  5.25E-05,  avg # of iterations =  1.0

     negative rho (up, down):  1.117E-01 0.000E+00

     total cpu time spent up to now is        1.5 secs

     The total energy is the sum of the following terms:

     one-electron contribution =     -30.35510465 Ry
     hartree contribution      =      13.72318630 Ry
     xc contribution           =      -7.97270533 Ry
     ewald contribution        =       0.88693575 Ry

     total energy              =     -23.67636855 Ry
     Harris-Foulkes estimate   =     -23.67707559 Ry
     estimated scf accuracy    <       0.00118587 Ry

     iteration #  3     ecut=    18.00 Ry     beta=0.30
     Davidson diagonalization with overlap
     ethr =  1.48E-05,  avg # of iterations =  2.0

     negative rho (up, down):  1.116E-01 0.000E+00

     total cpu time spent up to now is        1.5 secs

     The total energy is the sum of the following terms:

     one-electron contribution =     -30.31590452 Ry
     hartree contribution      =      13.72250851 Ry
     xc contribution           =      -7.97287323 Ry
     ewald contribution        =       0.88693575 Ry

     total energy              =     -23.67663807 Ry
     Harris-Foulkes estimate   =     -23.67664184 Ry
     estimated scf accuracy    <       0.00003887 Ry

     iteration #  4     ecut=    18.00 Ry     beta=0.30
     Davidson diagonalization with overlap
     ethr =  4.86E-07,  avg # of iterations =  1.0

     negative rho (up, down):  1.114E-01 0.000E+00

     total cpu time spent up to now is        1.6 secs

     The total energy is the sum of the following terms:

     one-electron contribution =     -30.31572622 Ry
     hartree contribution      =      13.72330758 Ry
     xc contribution           =      -7.97405592 Ry
     ewald contribution        =       0.88693575 Ry

     total energy              =     -23.67663378 Ry
     Harris-Foulkes estimate   =     -23.67664097 Ry
     estimated scf accuracy    <       0.00002774 Ry

     iteration #  5     ecut=    18.00 Ry     beta=0.30
     Davidson diagonalization with overlap
     ethr =  3.47E-07,  avg # of iterations =  1.0

     negative rho (up, down):  1.112E-01 0.000E+00

     total cpu time spent up to now is        1.6 secs

     The total energy is the sum of the following terms:

     one-electron contribution =     -30.31846265 Ry
     hartree contribution      =      13.73033716 Ry
     xc contribution           =      -7.97684655 Ry
     ewald contribution        =       0.88693575 Ry

     total energy              =     -23.67663381 Ry
     Harris-Foulkes estimate   =     -23.67663521 Ry
     estimated scf accuracy    <       0.00000709 Ry

     iteration #  6     ecut=    18.00 Ry     beta=0.30
     Davidson diagonalization with overlap
     ethr =  8.86E-08,  avg # of iterations =  2.0

     negative rho (up, down):  1.113E-01 0.000E+00

     total cpu time spent up to now is        1.6 secs

     End of self-consistent calculation

          k = 0.0000 0.0000 0.0000 (  1473 PWs)   bands (ev):

   -23.7522 -16.8166 -16.6578 -16.6440

     highest occupied level (ev):   -16.6440

     The total energy is the sum of the following terms:

     one-electron contribution =     -30.31868983 Ry
     hartree contribution      =      13.73251669 Ry
     xc contribution           =      -7.97739706 Ry
     ewald contribution        =       0.88693575 Ry

!    total energy              =     -23.67663445 Ry
     Harris-Foulkes estimate   =     -23.67663490 Ry
     estimated scf accuracy    <       0.00000064 Ry

     The total energy is the sum of the following terms:

     one-electron contribution =     -30.31868983 Ry
     hartree contribution      =      13.73251669 Ry
     xc contribution           =      -7.97739706 Ry
     ewald contribution        =       0.88693575 Ry
     electric field correction =       0.00000000 Ry

     convergence has been achieved in   6 iterations
 
     Using a distance-based cell
     Adding the potential well
        Amplitude [Ry a.u.] : -1.8406E+00
        Atom selected :           1
        Well size     :  2.6456E+00
 
 
     Using a distance-based cell
     Adding the potential well
        Amplitude [Ry a.u.] : -1.8406E+00
        Atom selected :           1
        Well size     :  2.6456E+00
 
     E field correction :    11.0815839113171       Ry
     #e's   in well     :    6.02078668352433       electrons
     Numerical error    :   -2.078668352432622E-002 electrons
 
     -----------------------------------------------
 
                      SCF converged but...
 
     electron localization condition NOT satisfied
     restarting scf with different applied potential
 
     New field Amp      :   -1.80229513251123       Ry
     charge density from previous step

     Check: negative/imaginary core charge=   -0.000002    0.000000

     negative rho (up, down):  1.113E-01 0.000E+00
 
     Using a distance-based cell
     Adding the potential well
        Amplitude [Ry a.u.] : -1.8023E+00
        Atom selected :           1
        Well size     :  2.6456E+00
 

     total cpu time spent up to now is        1.7 secs

     per-process dynamical memory:     9.3 Mb

     Self-consistent Calculation

     iteration #  1     ecut=    18.00 Ry     beta=0.30
     Davidson diagonalization with overlap
     ethr =  8.86E-08,  avg # of iterations =  5.0

     negative rho (up, down):  1.105E-01 0.000E+00

     total cpu time spent up to now is        1.7 secs

     The total energy is the sum of the following terms:

     one-electron contribution =     -30.00511899 Ry
     hartree contribution      =      13.70060949 Ry
     xc contribution           =      -7.97067421 Ry
     ewald contribution        =       0.88693575 Ry

     total energy              =     -23.44690687 Ry
     Harris-Foulkes estimate   =     -23.44713164 Ry
     estimated scf accuracy    <       0.00064854 Ry

     iteration #  2     ecut=    18.00 Ry     beta=0.30
     Davidson diagonalization with overlap
     ethr =  8.11E-06,  avg # of iterations =  1.0

     negative rho (up, down):  1.097E-01 0.000E+00

     total cpu time spent up to now is        1.8 secs

     The total energy is the sum of the following terms:

     one-electron contribution =     -30.01932687 Ry
     hartree contribution      =      13.66475556 Ry
     xc contribution           =      -7.96328366 Ry
     ewald contribution        =       0.88693575 Ry

     total energy              =     -23.44682562 Ry
     Harris-Foulkes estimate   =     -23.44692989 Ry
     estimated scf accuracy    <       0.00018507 Ry

     iteration #  3     ecut=    18.00 Ry     beta=0.30
     Davidson diagonalization with overlap
     ethr =  2.31E-06,  avg # of iterations =  2.0

     negative rho (up, down):  1.097E-01 0.000E+00

     total cpu time spent up to now is        1.8 secs

     The total energy is the sum of the following terms:

     one-electron contribution =     -30.03536868 Ry
     hartree contribution      =      13.66525768 Ry
     xc contribution           =      -7.96324650 Ry
     ewald contribution        =       0.88693575 Ry

     total energy              =     -23.44686821 Ry
     Harris-Foulkes estimate   =     -23.44686939 Ry
     estimated scf accuracy    <       0.00000610 Ry

     iteration #  4     ecut=    18.00 Ry     beta=0.30
     Davidson diagonalization with overlap
     ethr =  7.63E-08,  avg # of iterations =  2.0

     negative rho (up, down):  1.098E-01 0.000E+00

     total cpu time spent up to now is        1.8 secs

     The total energy is the sum of the following terms:

     one-electron contribution =     -30.03517014 Ry
     hartree contribution      =      13.66462310 Ry
     xc contribution           =      -7.96271697 Ry
     ewald contribution        =       0.88693575 Ry

     total energy              =     -23.44686679 Ry
     Harris-Foulkes estimate   =     -23.44686871 Ry
     estimated scf accuracy    <       0.00000403 Ry

     iteration #  5     ecut=    18.00 Ry     beta=0.30
     Davidson diagonalization with overlap
     ethr =  5.03E-08,  avg # of iterations =  1.0

     negative rho (up, down):  1.098E-01 0.000E+00

     total cpu time spent up to now is        1.9 secs

     The total energy is the sum of the following terms:

     one-electron contribution =     -30.03439482 Ry
     hartree contribution      =      13.66247246 Ry
     xc contribution           =      -7.96174585 Ry
     ewald contribution        =       0.88693575 Ry

     total energy              =     -23.44686586 Ry
     Harris-Foulkes estimate   =     -23.44686695 Ry
     estimated scf accuracy    <       0.00000104 Ry

     iteration #  6     ecut=    18.00 Ry     beta=0.30
     Davidson diagonalization with overlap
     ethr =  1.29E-08,  avg # of iterations =  2.0

     negative rho (up, down):  1.098E-01 0.000E+00

     total cpu time spent up to now is        1.9 secs

     End of self-consistent calculation

          k = 0.0000 0.0000 0.0000 (  1473 PWs)   bands (ev):

   -23.4460 -16.5408 -16.3857 -16.3719

     highest occupied level (ev):   -16.3719

     The total energy is the sum of the following terms:

     one-electron contribution =     -30.03401823 Ry
     hartree contribution      =      13.66185353 Ry
     xc contribution           =      -7.96163713 Ry
     ewald contribution        =       0.88693575 Ry

!    total energy              =     -23.44686608 Ry
     Harris-Foulkes estimate   =     -23.44686604 Ry
     estimated scf accuracy    <       0.00000011 Ry

     The total energy is the sum of the following terms:

     one-electron contribution =     -30.03401823 Ry
     hartree contribution      =      13.66185353 Ry
     xc contribution           =      -7.96163713 Ry
     ewald contribution        =       0.88693575 Ry
     electric field correction =       0.00000000 Ry

     convergence has been achieved in   6 iterations
 
     Using a distance-based cell
     Adding the potential well
        Amplitude [Ry a.u.] : -1.8023E+00
        Atom selected :           1
        Well size     :  2.6456E+00
 
 
     Using a distance-based cell
     Adding the potential well
        Amplitude [Ry a.u.] : -1.8023E+00
        Atom selected :           1
        Well size     :  2.6456E+00
 
     E field correction :    10.7972733494610       Ry
     #e's   in well     :    5.99084642392426       electrons

     Writing output data file si.save
 
     init_run     :      0.12s CPU      0.12s WALL (       1 calls)
     electrons    :      1.46s CPU      1.49s WALL (       4 calls)
     update_pot   :      0.06s CPU      0.06s WALL (       3 calls)

     Called by init_run:
     wfcinit      :      0.00s CPU      0.00s WALL (       1 calls)
     potinit      :      0.01s CPU      0.01s WALL (       1 calls)

     Called by electrons:
     c_bands      :      0.11s CPU      0.20s WALL (      36 calls)
     sum_band     :      0.46s CPU      0.44s WALL (      36 calls)
     v_of_rho     :      0.27s CPU      0.26s WALL (      40 calls)
     newd         :      0.66s CPU      0.59s WALL (      40 calls)
     mix_rho      :      0.02s CPU      0.03s WALL (      36 calls)

     Called by c_bands:
     init_us_2    :      0.00s CPU      0.01s WALL (      73 calls)
     regterg      :      0.10s CPU      0.18s WALL (      36 calls)

     Called by *egterg:
     h_psi        :      0.05s CPU      0.11s WALL (     107 calls)
     s_psi        :      0.00s CPU      0.00s WALL (     107 calls)
     g_psi        :      0.00s CPU      0.00s WALL (      70 calls)
     rdiaghg      :      0.03s CPU      0.05s WALL (     103 calls)

     Called by h_psi:
     add_vuspsi   :      0.00s CPU      0.00s WALL (     107 calls)

     General routines
     calbec       :      0.04s CPU      0.03s WALL (     143 calls)
     fft          :      0.21s CPU      0.28s WALL (     513 calls)
     fftw         :      0.04s CPU      0.09s WALL (     498 calls)
     davcio       :      0.00s CPU      0.00s WALL (       1 calls)
 
     Parallel routines
     fft_scatter  :      0.14s CPU      0.19s WALL (    1011 calls)
 
     PWSCF        :     1.82s CPU         1.94s WALL

 
   This run was terminated on:  12: 5:45  10Jun2015            

=------------------------------------------------------------------------------=
   JOB DONE.
=------------------------------------------------------------------------------=
