
     Program PWSCF v.5.1.1 starts on 10May2016 at  8:53:50 

     This program is part of the open-source Quantum ESPRESSO suite
     for quantum simulation of materials; please cite
         "P. Giannozzi et al., J. Phys.:Condens. Matter 21 395502 (2009);
          URL http://www.quantum-espresso.org", 
     in publications or presentations arising from this work. More details at
     http://www.quantum-espresso.org/quote

     Parallel version (MPI), running on     4 processors
     R & G space division:  proc/nbgrp/npool/nimage =       4
     Waiting for input...
     Reading input from standard input
 Reading EPCDFT CARD. Printing based upon belief that input should be reproducable from output.
     Reading   1 constraint(s); tolerance:  100.000000 max change in field 0.01
     epcdft_update_intrvl: 100
     epcdft with surface: T
          constraint           type   A   A   D   D      T      L
                   1  delta_charge    1   1   2   2 0.0000 0.0000

     Current dimensions of program PWSCF are:
     Max number of different atomic species (ntypx) = 10
     Max number of k-points (npk) =  40000
     Max angular momentum in pseudopotentials (lmaxx) =  3
               file Zn.pbe-mt_fhi.UPF: wavefunction(s)  4p 4f renormalized

     gamma-point specific algorithms are used
     Message from routine setup:
     the system is metallic, specify occupations

     Subspace diagonalization in iterative solution of the eigenvalue problem:
     a serial algorithm will be used


     Parallelization info
     --------------------
     sticks:   dense  smooth     PW     G-vecs:    dense   smooth      PW
     Min        2047    2047    512               139165   139165   17446
     Max        2052    2052    514               139168   139168   17450
     Sum        8197    8197   2053               556667   556667   69791
     Tot        4099    4099   1027

     Generating pointlists ...
     new r_m :   0.0688 (alat units)  1.5590 (a.u.) for type    1


     bravais-lattice index     =            1
     lattice parameter (alat)  =      22.6767  a.u.
     unit-cell volume          =   11661.1222 (a.u.)^3
     number of atoms/cell      =            2
     number of atomic types    =            1
     number of electrons       =        23.00 (up:  12.00, down:  11.00)
     number of Kohn-Sham states=           14
     kinetic-energy cutoff     =      50.0000  Ry
     charge density cutoff     =     200.0000  Ry
     convergence threshold     =      1.0E-07
     mixing beta               =       0.3000
     number of iterations used =            8  plain     mixing
     Exchange-correlation      = PBE ( 1  4  3  4 0 0)

     celldm(1)=  22.676714  celldm(2)=   0.000000  celldm(3)=   0.000000
     celldm(4)=   0.000000  celldm(5)=   0.000000  celldm(6)=   0.000000

     crystal axes: (cart. coord. in units of alat)
               a(1) = (   1.000000   0.000000   0.000000 )  
               a(2) = (   0.000000   1.000000   0.000000 )  
               a(3) = (   0.000000   0.000000   1.000000 )  

     reciprocal axes: (cart. coord. in units 2 pi/alat)
               b(1) = (  1.000000  0.000000  0.000000 )  
               b(2) = (  0.000000  1.000000  0.000000 )  
               b(3) = (  0.000000  0.000000  1.000000 )  


     PseudoPot. # 1 for Zn read from file:
     ../../pseudo/Zn.pbe-mt_fhi.UPF
     MD5 check sum: 5596c9f2b89b9f7367257e7ea958b26e
     Pseudo is Norm-conserving, Zval = 12.0
     Generated using FHI98PP, converted with fhi2upf.x v.5.0.2
     Using radial grid of  527 points,  3 beta functions with: 
                l(1) =   1
                l(2) =   2
                l(3) =   3

     atomic species   valence    mass     pseudopotential
        Zn            12.00    65.39000     Zn( 1.00)

     Starting magnetic structure 
     atomic species   magnetization
        Zn           0.000

     No symmetry found


                                    s                        frac. trans.

      isym =  1     identity                                     

 cryst.   s( 1) = (     1          0          0      )
                  (     0          1          0      )
                  (     0          0          1      )

 cart.    s( 1) = (  1.0000000  0.0000000  0.0000000 )
                  (  0.0000000  1.0000000  0.0000000 )
                  (  0.0000000  0.0000000  1.0000000 )


     point group C_1 (1)    
     there are  1 classes
     the character table:

       E    
A      1.00

     the symmetry operations in each class:
     E        1

   Cartesian axes

     site n.     atom                  positions (alat units)
         1           Zn  tau(   1) = (   0.4166667   0.4166667   0.4166667  )
         2           Zn  tau(   2) = (   0.4166667   0.4166667   0.2500000  )

   Crystallographic axes

     site n.     atom                  positions (cryst. coord.)
         1           Zn  tau(   1) = (  0.4166667  0.4166667  0.4166667  )
         2           Zn  tau(   2) = (  0.4166667  0.4166667  0.2500000  )

     number of k points=     2
                       cart. coord. in units 2pi/alat
        k(    1) = (   0.0000000   0.0000000   0.0000000), wk =   1.0000000
        k(    2) = (   0.0000000   0.0000000   0.0000000), wk =   1.0000000

                       cryst. coord.
        k(    1) = (   0.0000000   0.0000000   0.0000000), wk =   1.0000000
        k(    2) = (   0.0000000   0.0000000   0.0000000), wk =   1.0000000

     Dense  grid:   278334 G-vectors     FFT dimensions: ( 108, 108, 108)

     Largest allocated arrays     est. size (Mb)     dimensions
        Kohn-Sham Wavefunctions         1.86 Mb     (    8725,   14)
        NL pseudopotentials             3.99 Mb     (    8725,   30)
        Each V/rho on FFT grid          9.61 Mb     (  314928,   2)
        Each G-vector array             0.53 Mb     (   69584)
        G-vector shells                 0.02 Mb     (    2154)
     Largest temporary arrays     est. size (Mb)     dimensions
        Auxiliary wavefunctions         3.73 Mb     (    8725,   56)
        Each subspace H/S matrix        0.02 Mb     (      56,   56)
        Each <psi_i|beta_j> matrix      0.00 Mb     (      30,   14)
        Arrays for rho mixing          38.44 Mb     (  314928,    8)

     Initial potential from superposition of free atoms
     Check: negative starting charge=(component1):   -0.041597
     Check: negative starting charge=(component2):   -0.041597

     starting charge   23.99975, renormalised to   23.00000

     negative rho (up, down):  3.986E-02 3.986E-02
     
     Adding image charge field due to neutral metal slab at origin in XY plane.
     Including monopole and dipole terms.
     Quadrupole not implemented yet.
     System should not overlap with cell edges.
     

     reference position (x0):         9.44863066    9.44863066    7.55890453 bohr
     Total charge   1.0000
     Total dipole moment   0.0004   0.0004  -0.0002 au (Ha),   0.0010   0.0010  -0.0004 Debye

     Debug on write surface field to cube file.

     First surface image interaction energy:-0.674E-01

     
     Adding image charge field due to neutral metal slab at origin in XY plane.
     Including monopole and dipole terms.
     Quadrupole not implemented yet.
     System should not overlap with cell edges.
     

     reference position (x0):         9.44863066    9.44863066    7.55890453 bohr
     Total charge   1.0000
     Total dipole moment   0.0004   0.0004  -0.0002 au (Ha),   0.0010   0.0010  -0.0004 Debye

     Debug on write surface field to cube file.
     Starting wfc are   32 randomized atomic wfcs

     total cpu time spent up to now is        6.1 secs

     per-process dynamical memory:    78.4 Mb

     Self-consistent Calculation

     iteration #  1     ecut=    50.00 Ry     beta=0.30
     Davidson diagonalization with overlap
     ethr =  1.00E-02,  avg # of iterations =  4.0

     negative rho (up, down):  2.721E-02 2.746E-02

     Magnetic moment per site:
     atom:    1    charge:    9.3416    magn:    0.0388    constr:    0.0000
     atom:    2    charge:    9.3357    magn:    0.0376    constr:    0.0000

     total cpu time spent up to now is        9.5 secs

     total energy              =    -217.97654807 Ry
     Harris-Foulkes estimate   =    -218.17124741 Ry
     estimated scf accuracy    <       0.53723045 Ry

     total magnetization       =     1.00 Bohr mag/cell
     absolute magnetization    =     1.00 Bohr mag/cell

     iteration #  2     ecut=    50.00 Ry     beta=0.30
     Davidson diagonalization with overlap
     ethr =  2.34E-03,  avg # of iterations =  1.5

     negative rho (up, down):  1.237E-02 1.273E-02

     Magnetic moment per site:
     atom:    1    charge:    9.4642    magn:    0.0774    constr:    0.0000
     atom:    2    charge:    9.4590    magn:    0.0764    constr:    0.0000

     total cpu time spent up to now is       12.4 secs

     total energy              =    -217.96632454 Ry
     Harris-Foulkes estimate   =    -218.01262310 Ry
     estimated scf accuracy    <       0.11786572 Ry

     total magnetization       =     1.00 Bohr mag/cell
     absolute magnetization    =     1.01 Bohr mag/cell

     iteration #  3     ecut=    50.00 Ry     beta=0.30
     Davidson diagonalization with overlap
     ethr =  5.12E-04,  avg # of iterations =  2.0

     negative rho (up, down):  6.643E-03 6.978E-03

     Magnetic moment per site:
     atom:    1    charge:    9.4588    magn:    0.0855    constr:    0.0000
     atom:    2    charge:    9.4567    magn:    0.0852    constr:    0.0000

     total cpu time spent up to now is       15.7 secs

     total energy              =    -217.99272332 Ry
     Harris-Foulkes estimate   =    -217.99151435 Ry
     estimated scf accuracy    <       0.00962062 Ry

     total magnetization       =     1.00 Bohr mag/cell
     absolute magnetization    =     1.04 Bohr mag/cell

     iteration #  4     ecut=    50.00 Ry     beta=0.30
     Davidson diagonalization with overlap
     ethr =  4.18E-05,  avg # of iterations =  2.0

     negative rho (up, down):  2.451E-05 2.524E-05

     Magnetic moment per site:
     atom:    1    charge:    9.4777    magn:    0.0980    constr:    0.0000
     atom:    2    charge:    9.4763    magn:    0.0984    constr:    0.0000

     total cpu time spent up to now is       18.7 secs

     total energy              =    -217.99438975 Ry
     Harris-Foulkes estimate   =    -217.99365334 Ry
     estimated scf accuracy    <       0.00276051 Ry

     total magnetization       =     1.00 Bohr mag/cell
     absolute magnetization    =     1.05 Bohr mag/cell

     iteration #  5     ecut=    50.00 Ry     beta=0.30
     Davidson diagonalization with overlap
     ethr =  1.20E-05,  avg # of iterations =  2.5

     negative rho (up, down):  2.152E-05 2.214E-05

     Magnetic moment per site:
     atom:    1    charge:    9.4716    magn:    0.0958    constr:    0.0000
     atom:    2    charge:    9.4701    magn:    0.0963    constr:    0.0000

     total cpu time spent up to now is       21.8 secs

     total energy              =    -217.99485636 Ry
     Harris-Foulkes estimate   =    -217.99491762 Ry
     estimated scf accuracy    <       0.00033891 Ry

     total magnetization       =     1.00 Bohr mag/cell
     absolute magnetization    =     1.08 Bohr mag/cell

     iteration #  6     ecut=    50.00 Ry     beta=0.30
     Davidson diagonalization with overlap
     ethr =  1.47E-06,  avg # of iterations =  5.5

     Magnetic moment per site:
     atom:    1    charge:    9.4671    magn:    0.0931    constr:    0.0000
     atom:    2    charge:    9.4655    magn:    0.0937    constr:    0.0000

     total cpu time spent up to now is       25.2 secs

     total energy              =    -217.99489544 Ry
     Harris-Foulkes estimate   =    -217.99484001 Ry
     estimated scf accuracy    <       0.00003874 Ry

     total magnetization       =     1.00 Bohr mag/cell
     absolute magnetization    =     1.08 Bohr mag/cell

     iteration #  7     ecut=    50.00 Ry     beta=0.30
     Davidson diagonalization with overlap
     ethr =  1.68E-07,  avg # of iterations =  3.0

     Magnetic moment per site:
     atom:    1    charge:    9.4680    magn:    0.0927    constr:    0.0000
     atom:    2    charge:    9.4665    magn:    0.0933    constr:    0.0000

     total cpu time spent up to now is       28.5 secs

     total energy              =    -217.99490613 Ry
     Harris-Foulkes estimate   =    -217.99490934 Ry
     estimated scf accuracy    <       0.00001578 Ry

     total magnetization       =     1.00 Bohr mag/cell
     absolute magnetization    =     1.09 Bohr mag/cell

     iteration #  8     ecut=    50.00 Ry     beta=0.30
     Davidson diagonalization with overlap
     ethr =  6.86E-08,  avg # of iterations =  2.0

     Magnetic moment per site:
     atom:    1    charge:    9.4679    magn:    0.0925    constr:    0.0000
     atom:    2    charge:    9.4664    magn:    0.0931    constr:    0.0000

     total cpu time spent up to now is       31.7 secs

     total energy              =    -217.99490547 Ry
     Harris-Foulkes estimate   =    -217.99490881 Ry
     estimated scf accuracy    <       0.00000076 Ry

     total magnetization       =     1.00 Bohr mag/cell
     absolute magnetization    =     1.09 Bohr mag/cell

     iteration #  9     ecut=    50.00 Ry     beta=0.30
     Davidson diagonalization with overlap
     ethr =  3.30E-09,  avg # of iterations =  2.5

     Magnetic moment per site:
     atom:    1    charge:    9.4682    magn:    0.0925    constr:    0.0000
     atom:    2    charge:    9.4667    magn:    0.0930    constr:    0.0000

     total cpu time spent up to now is       34.7 secs

     total energy              =    -217.99490784 Ry
     Harris-Foulkes estimate   =    -217.99490930 Ry
     estimated scf accuracy    <       0.00000055 Ry

     total magnetization       =     1.00 Bohr mag/cell
     absolute magnetization    =     1.09 Bohr mag/cell

     iteration # 10     ecut=    50.00 Ry     beta=0.30
     Davidson diagonalization with overlap
     ethr =  2.38E-09,  avg # of iterations =  2.0

     Magnetic moment per site:
     atom:    1    charge:    9.4681    magn:    0.0925    constr:    0.0000
     atom:    2    charge:    9.4666    magn:    0.0931    constr:    0.0000

     total cpu time spent up to now is       38.0 secs

     total energy              =    -217.99490925 Ry
     Harris-Foulkes estimate   =    -217.99490916 Ry
     estimated scf accuracy    <       0.00000010 Ry

     total magnetization       =     1.00 Bohr mag/cell
     absolute magnetization    =     1.09 Bohr mag/cell

     iteration # 11     ecut=    50.00 Ry     beta=0.30
     Davidson diagonalization with overlap
     ethr =  4.46E-10,  avg # of iterations =  2.5
     
     Adding image charge field due to neutral metal slab at origin in XY plane.
     Including monopole and dipole terms.
     Quadrupole not implemented yet.
     System should not overlap with cell edges.
     

     reference position (x0):         9.44863066    9.44863066    7.55890453 bohr
     Total charge   1.0000
     Total dipole moment  -0.0004  -0.0004  -0.1752 au (Ha),  -0.0010  -0.0010  -0.4452 Debye

     Debug on write surface field to cube file.
       I         D           A         Val      Target            Str
       1 0.109E+01   0.105E+01   0.421E-01   0.000E+00   0.000000E+00
     Image interaction energy: -0.677E-01 Change: -0.302E-03 Tolerance:  0.100E-04

     Magnetic moment per site:
     atom:    1    charge:    9.4681    magn:    0.0925    constr:    0.0000
     atom:    2    charge:    9.4666    magn:    0.0931    constr:    0.0000

     total cpu time spent up to now is       43.0 secs

     total energy              =    -217.99490949 Ry
     Harris-Foulkes estimate   =    -217.99490921 Ry
     estimated scf accuracy    <          4.0E-09 Ry

     total magnetization       =     1.00 Bohr mag/cell
     absolute magnetization    =     1.09 Bohr mag/cell

     iteration # 12     ecut=    50.00 Ry     beta=0.30
     Davidson diagonalization with overlap
     ethr =  1.73E-11,  avg # of iterations =  1.5
     
     Adding image charge field due to neutral metal slab at origin in XY plane.
     Including monopole and dipole terms.
     Quadrupole not implemented yet.
     System should not overlap with cell edges.
     

     reference position (x0):         9.44863066    9.44863066    7.55890453 bohr
     Total charge   1.0000
     Total dipole moment  -0.0004  -0.0004  -0.1752 au (Ha),  -0.0010  -0.0010  -0.4452 Debye

     Debug on write surface field to cube file.
       I         D           A         Val      Target            Str
       1 0.109E+01   0.105E+01   0.421E-01   0.000E+00   0.000000E+00
     Image interaction energy: -0.677E-01 Change:  0.209E-08 Tolerance:  0.100E-04
     
     Adding image charge field due to neutral metal slab at origin in XY plane.
     Including monopole and dipole terms.
     Quadrupole not implemented yet.
     System should not overlap with cell edges.
     

     reference position (x0):         9.44863066    9.44863066    7.55890453 bohr
     Total charge   1.0000
     Total dipole moment  -0.0004  -0.0004  -0.1752 au (Ha),  -0.0010  -0.0010  -0.4452 Debye

     Debug on write surface field to cube file.

     Magnetic moment per site:
     atom:    1    charge:    9.4681    magn:    0.0926    constr:    0.0000
     atom:    2    charge:    9.4666    magn:    0.0931    constr:    0.0000

     total cpu time spent up to now is       48.2 secs

     End of self-consistent calculation

 ------ SPIN UP ------------


          k = 0.0000 0.0000 0.0000 ( 34896 PWs)   bands (ev):

   -14.5711   -13.8614   -13.8614   -13.0887   -13.0847   -12.8577   -12.8406   -12.6275
   -12.6275   -12.5768   -10.6265    -6.7693    -3.9990    -3.1500
     occupation numbers 
     1.0000   1.0000   1.0000   1.0000   1.0000   1.0000   1.0000   1.0000
     1.0000   1.0000   1.0000   1.0000   0.0000   0.0000

 ------ SPIN DOWN ----------


          k = 0.0000 0.0000 0.0000 ( 34896 PWs)   bands (ev):

   -14.4393   -13.7521   -13.7521   -13.0106   -13.0064   -12.7785   -12.7614   -12.4728
   -12.4727   -12.3895   -10.3822    -5.8444    -3.6459    -3.6459
     occupation numbers 
     1.0000   1.0000   1.0000   1.0000   1.0000   1.0000   1.0000   1.0000
     1.0000   1.0000   1.0000   0.0000   0.0000   0.0000

     highest occupied level (ev):    -6.7693
     
     Adding image charge field due to neutral metal slab at origin in XY plane.
     Including monopole and dipole terms.
     Quadrupole not implemented yet.
     System should not overlap with cell edges.
     

     reference position (x0):         9.44863066    9.44863066    7.55890453 bohr
     Total charge   1.0000
     Total dipole moment  -0.0004  -0.0004  -0.1752 au (Ha),  -0.0010  -0.0010  -0.4452 Debye

     Debug on write surface field to cube file.
       I         D           A         Val      Target            Str
       1 0.109E+01   0.105E+01   0.421E-01   0.000E+00   0.000000E+00
     Image interaction energy: -0.677E-01 Change:  0.209E-08 Tolerance:  0.100E-04

!    total energy              =    -217.99490757 Ry
     Harris-Foulkes estimate   =    -217.99490921 Ry
     estimated scf accuracy    <          4.0E-09 Ry

     The total energy is the sum of the following terms:

     one-electron contribution =    -400.00572076 Ry
     hartree contribution      =     209.59628592 Ry
     xc contribution           =     -32.48696711 Ry
     ewald contribution        =       4.90223735 Ry
     CDFT correction           =      -0.00000000 Ry
     scf correction            =      -0.00074297 Ry

     total magnetization       =     1.00 Bohr mag/cell
     absolute magnetization    =     1.09 Bohr mag/cell

     convergence has been achieved in  12 iterations

     Writing output data file left.save

     init_run     :      5.73s CPU      6.01s WALL (       1 calls)
     electrons    :     40.84s CPU     44.02s WALL (       1 calls)

     Called by init_run:
     wfcinit      :      1.17s CPU      1.22s WALL (       1 calls)
     potinit      :      3.86s CPU      4.04s WALL (       1 calls)

     Called by electrons:
     c_bands      :     17.12s CPU     18.24s WALL (      12 calls)
     sum_band     :      4.64s CPU      4.89s WALL (      12 calls)
     v_of_rho     :     11.68s CPU     12.46s WALL (      12 calls)
     v_h          :      0.38s CPU      0.43s WALL (      12 calls)
     v_xc         :     11.30s CPU     12.03s WALL (      12 calls)
     mix_rho      :      1.73s CPU      1.84s WALL (      12 calls)

     Called by c_bands:
     init_us_2    :      0.39s CPU      0.42s WALL (      50 calls)
     regterg      :     16.37s CPU     17.42s WALL (      24 calls)

     Called by sum_band:

     Called by *egterg:
     h_psi        :     15.94s CPU     16.94s WALL (      88 calls)
     g_psi        :      0.06s CPU      0.07s WALL (      62 calls)
     rdiaghg      :      0.04s CPU      0.04s WALL (      86 calls)
     regterg:over :      0.50s CPU      0.53s WALL (      62 calls)
     regterg:upda :      0.32s CPU      0.33s WALL (      62 calls)
     regterg:last :      0.13s CPU      0.14s WALL (      24 calls)

     Called by h_psi:
     h_psi:vloc   :     15.05s CPU     16.02s WALL (      88 calls)
     h_psi:vnl    :      0.82s CPU      0.85s WALL (      88 calls)
     add_vuspsi   :      0.35s CPU      0.37s WALL (      88 calls)

     General routines
     calbec       :      0.46s CPU      0.48s WALL (      88 calls)
     fft          :      7.36s CPU      7.98s WALL (     313 calls)
     fftw         :     15.21s CPU     16.16s WALL (    1130 calls)

     Parallel routines
     fft_scatter  :     11.56s CPU     12.38s WALL (    1443 calls)

     PWSCF        :    46.77s CPU        50.29s WALL


   This run was terminated on:   8:54:40  10May2016            

=------------------------------------------------------------------------------=
   JOB DONE.
=------------------------------------------------------------------------------=
