
     Program PWSCF v.5.1.1 starts on 10May2016 at 14:25:27 

     This program is part of the open-source Quantum ESPRESSO suite
     for quantum simulation of materials; please cite
         "P. Giannozzi et al., J. Phys.:Condens. Matter 21 395502 (2009);
          URL http://www.quantum-espresso.org", 
     in publications or presentations arising from this work. More details at
     http://www.quantum-espresso.org/quote

     Parallel version (MPI), running on     4 processors
     R & G space division:  proc/nbgrp/npool/nimage =       4
     Waiting for input...
     Reading input from standard input
 Reading EPCDFT CARD. Printing based upon belief that input should be reproducable from output.
     Reading   1 constraint(s); tolerance:  100.000000 max change in field 0.01
     epcdft_update_intrvl: 100
     epcdft with surface: T
          constraint           type   A   A   D   D      T      L
                   1  delta_charge    1   1   2   2 0.0000 0.0000

     Current dimensions of program PWSCF are:
     Max number of different atomic species (ntypx) = 10
     Max number of k-points (npk) =  40000
     Max angular momentum in pseudopotentials (lmaxx) =  3
               file Zn.pbe-mt_fhi.UPF: wavefunction(s)  4p 4f renormalized

     gamma-point specific algorithms are used
     Message from routine setup:
     the system is metallic, specify occupations

     Subspace diagonalization in iterative solution of the eigenvalue problem:
     a serial algorithm will be used


     Parallelization info
     --------------------
     sticks:   dense  smooth     PW     G-vecs:    dense   smooth      PW
     Min        2047    2047    512               139165   139165   17446
     Max        2052    2052    514               139168   139168   17450
     Sum        8197    8197   2053               556667   556667   69791
     Tot        4099    4099   1027

     Generating pointlists ...
     new r_m :   0.0688 (alat units)  1.5590 (a.u.) for type    1


     bravais-lattice index     =            1
     lattice parameter (alat)  =      22.6767  a.u.
     unit-cell volume          =   11661.1222 (a.u.)^3
     number of atoms/cell      =            2
     number of atomic types    =            1
     number of electrons       =        23.00 (up:  12.00, down:  11.00)
     number of Kohn-Sham states=           14
     kinetic-energy cutoff     =      50.0000  Ry
     charge density cutoff     =     200.0000  Ry
     convergence threshold     =      1.0E-07
     mixing beta               =       0.3000
     number of iterations used =            8  plain     mixing
     Exchange-correlation      = PBE ( 1  4  3  4 0 0)

     celldm(1)=  22.676714  celldm(2)=   0.000000  celldm(3)=   0.000000
     celldm(4)=   0.000000  celldm(5)=   0.000000  celldm(6)=   0.000000

     crystal axes: (cart. coord. in units of alat)
               a(1) = (   1.000000   0.000000   0.000000 )  
               a(2) = (   0.000000   1.000000   0.000000 )  
               a(3) = (   0.000000   0.000000   1.000000 )  

     reciprocal axes: (cart. coord. in units 2 pi/alat)
               b(1) = (  1.000000  0.000000  0.000000 )  
               b(2) = (  0.000000  1.000000  0.000000 )  
               b(3) = (  0.000000  0.000000  1.000000 )  


     PseudoPot. # 1 for Zn read from file:
     ../../pseudo/Zn.pbe-mt_fhi.UPF
     MD5 check sum: 5596c9f2b89b9f7367257e7ea958b26e
     Pseudo is Norm-conserving, Zval = 12.0
     Generated using FHI98PP, converted with fhi2upf.x v.5.0.2
     Using radial grid of  527 points,  3 beta functions with: 
                l(1) =   1
                l(2) =   2
                l(3) =   3

     atomic species   valence    mass     pseudopotential
        Zn            12.00    65.39000     Zn( 1.00)

     Starting magnetic structure 
     atomic species   magnetization
        Zn           0.000

     No symmetry found


                                    s                        frac. trans.

      isym =  1     identity                                     

 cryst.   s( 1) = (     1          0          0      )
                  (     0          1          0      )
                  (     0          0          1      )

 cart.    s( 1) = (  1.0000000  0.0000000  0.0000000 )
                  (  0.0000000  1.0000000  0.0000000 )
                  (  0.0000000  0.0000000  1.0000000 )


     point group C_1 (1)    
     there are  1 classes
     the character table:

       E    
A      1.00

     the symmetry operations in each class:
     E        1

   Cartesian axes

     site n.     atom                  positions (alat units)
         1           Zn  tau(   1) = (   0.4166667   0.4166667   0.5000000  )
         2           Zn  tau(   2) = (   0.4166667   0.4166667   0.3333333  )

   Crystallographic axes

     site n.     atom                  positions (cryst. coord.)
         1           Zn  tau(   1) = (  0.4166667  0.4166667  0.5000000  )
         2           Zn  tau(   2) = (  0.4166667  0.4166667  0.3333333  )

     number of k points=     2
                       cart. coord. in units 2pi/alat
        k(    1) = (   0.0000000   0.0000000   0.0000000), wk =   1.0000000
        k(    2) = (   0.0000000   0.0000000   0.0000000), wk =   1.0000000

                       cryst. coord.
        k(    1) = (   0.0000000   0.0000000   0.0000000), wk =   1.0000000
        k(    2) = (   0.0000000   0.0000000   0.0000000), wk =   1.0000000

     Dense  grid:   278334 G-vectors     FFT dimensions: ( 108, 108, 108)

     Largest allocated arrays     est. size (Mb)     dimensions
        Kohn-Sham Wavefunctions         1.86 Mb     (    8725,   14)
        NL pseudopotentials             3.99 Mb     (    8725,   30)
        Each V/rho on FFT grid          9.61 Mb     (  314928,   2)
        Each G-vector array             0.53 Mb     (   69584)
        G-vector shells                 0.02 Mb     (    2154)
     Largest temporary arrays     est. size (Mb)     dimensions
        Auxiliary wavefunctions         3.73 Mb     (    8725,   56)
        Each subspace H/S matrix        0.02 Mb     (      56,   56)
        Each <psi_i|beta_j> matrix      0.00 Mb     (      30,   14)
        Arrays for rho mixing          38.44 Mb     (  314928,    8)

     Initial potential from superposition of free atoms
     Check: negative starting charge=(component1):   -0.041597
     Check: negative starting charge=(component2):   -0.041597

     starting charge   23.99975, renormalised to   23.00000

     negative rho (up, down):  3.986E-02 3.986E-02
     
     Adding image charge field due to neutral metal slab at origin in XY plane.
     Including monopole and dipole terms.
     Quadrupole not implemented yet.
     System should not overlap with cell edges.
     

     reference position (x0):         9.44863066    9.44863066    9.44863066 bohr
     Total charge   1.0000
     Total dipole moment   0.0004   0.0004  -0.0002 au (Ha),   0.0010   0.0010  -0.0004 Debye


     First surface image interaction energy:-0.107E+00[Ry]


     reference position (x0):         9.44863066    9.44863066    9.44863066 bohr
     Total charge   1.0000
     Total dipole moment   0.0004   0.0004  -0.0002 au (Ha),   0.0010   0.0010  -0.0004 Debye

     Starting wfc are   32 randomized atomic wfcs

     total cpu time spent up to now is        3.8 secs

     per-process dynamical memory:    78.4 Mb

     Self-consistent Calculation

     iteration #  1     ecut=    50.00 Ry     beta=0.30
     Davidson diagonalization with overlap
     ethr =  1.00E-02,  avg # of iterations =  4.0

     negative rho (up, down):  2.722E-02 2.746E-02

     Magnetic moment per site:
     atom:    1    charge:    9.3424    magn:    0.0389    constr:    0.0000
     atom:    2    charge:    9.3349    magn:    0.0375    constr:    0.0000

     total cpu time spent up to now is        7.4 secs

     total energy              =    -217.97583989 Ry
     Harris-Foulkes estimate   =    -218.17182827 Ry
     estimated scf accuracy    <       0.53808434 Ry

     total magnetization       =     1.00 Bohr mag/cell
     absolute magnetization    =     1.00 Bohr mag/cell

     iteration #  2     ecut=    50.00 Ry     beta=0.30
     Davidson diagonalization with overlap
     ethr =  2.34E-03,  avg # of iterations =  1.5

     negative rho (up, down):  1.239E-02 1.275E-02

     Magnetic moment per site:
     atom:    1    charge:    9.4647    magn:    0.0774    constr:    0.0000
     atom:    2    charge:    9.4580    magn:    0.0763    constr:    0.0000

     total cpu time spent up to now is       10.8 secs

     total energy              =    -217.96613557 Ry
     Harris-Foulkes estimate   =    -218.01269650 Ry
     estimated scf accuracy    <       0.11774541 Ry

     total magnetization       =     1.00 Bohr mag/cell
     absolute magnetization    =     1.01 Bohr mag/cell

     iteration #  3     ecut=    50.00 Ry     beta=0.30
     Davidson diagonalization with overlap
     ethr =  5.12E-04,  avg # of iterations =  2.0

     negative rho (up, down):  6.607E-03 6.936E-03

     Magnetic moment per site:
     atom:    1    charge:    9.4590    magn:    0.0856    constr:    0.0000
     atom:    2    charge:    9.4564    magn:    0.0853    constr:    0.0000

     total cpu time spent up to now is       14.2 secs

     total energy              =    -217.99252888 Ry
     Harris-Foulkes estimate   =    -217.99136369 Ry
     estimated scf accuracy    <       0.00962980 Ry

     total magnetization       =     1.00 Bohr mag/cell
     absolute magnetization    =     1.04 Bohr mag/cell

     iteration #  4     ecut=    50.00 Ry     beta=0.30
     Davidson diagonalization with overlap
     ethr =  4.19E-05,  avg # of iterations =  2.0

     negative rho (up, down):  2.399E-05 2.469E-05

     Magnetic moment per site:
     atom:    1    charge:    9.4780    magn:    0.0978    constr:    0.0000
     atom:    2    charge:    9.4762    magn:    0.0985    constr:    0.0000

     total cpu time spent up to now is       17.6 secs

     total energy              =    -217.99411313 Ry
     Harris-Foulkes estimate   =    -217.99349797 Ry
     estimated scf accuracy    <       0.00274675 Ry

     total magnetization       =     1.00 Bohr mag/cell
     absolute magnetization    =     1.05 Bohr mag/cell

     iteration #  5     ecut=    50.00 Ry     beta=0.30
     Davidson diagonalization with overlap
     ethr =  1.19E-05,  avg # of iterations =  2.5

     negative rho (up, down):  2.043E-05 2.100E-05

     Magnetic moment per site:
     atom:    1    charge:    9.4716    magn:    0.0956    constr:    0.0000
     atom:    2    charge:    9.4698    magn:    0.0963    constr:    0.0000

     total cpu time spent up to now is       21.1 secs

     total energy              =    -217.99462041 Ry
     Harris-Foulkes estimate   =    -217.99466900 Ry
     estimated scf accuracy    <       0.00035757 Ry

     total magnetization       =     1.00 Bohr mag/cell
     absolute magnetization    =     1.08 Bohr mag/cell

     iteration #  6     ecut=    50.00 Ry     beta=0.30
     Davidson diagonalization with overlap
     ethr =  1.55E-06,  avg # of iterations =  6.0

     Magnetic moment per site:
     atom:    1    charge:    9.4678    magn:    0.0931    constr:    0.0000
     atom:    2    charge:    9.4658    magn:    0.0939    constr:    0.0000

     total cpu time spent up to now is       25.0 secs

     total energy              =    -217.99465913 Ry
     Harris-Foulkes estimate   =    -217.99459290 Ry
     estimated scf accuracy    <       0.00003459 Ry

     total magnetization       =     1.00 Bohr mag/cell
     absolute magnetization    =     1.08 Bohr mag/cell

     iteration #  7     ecut=    50.00 Ry     beta=0.30
     Davidson diagonalization with overlap
     ethr =  1.50E-07,  avg # of iterations =  3.0

     Magnetic moment per site:
     atom:    1    charge:    9.4681    magn:    0.0926    constr:    0.0000
     atom:    2    charge:    9.4662    magn:    0.0934    constr:    0.0000

     total cpu time spent up to now is       28.4 secs

     total energy              =    -217.99466380 Ry
     Harris-Foulkes estimate   =    -217.99466164 Ry
     estimated scf accuracy    <       0.00000903 Ry

     total magnetization       =     1.00 Bohr mag/cell
     absolute magnetization    =     1.09 Bohr mag/cell

     iteration #  8     ecut=    50.00 Ry     beta=0.30
     Davidson diagonalization with overlap
     ethr =  3.93E-08,  avg # of iterations =  2.0

     Magnetic moment per site:
     atom:    1    charge:    9.4682    magn:    0.0924    constr:    0.0000
     atom:    2    charge:    9.4662    magn:    0.0932    constr:    0.0000

     total cpu time spent up to now is       31.4 secs

     total energy              =    -217.99465933 Ry
     Harris-Foulkes estimate   =    -217.99466686 Ry
     estimated scf accuracy    <       0.00000088 Ry

     total magnetization       =     1.00 Bohr mag/cell
     absolute magnetization    =     1.09 Bohr mag/cell

     iteration #  9     ecut=    50.00 Ry     beta=0.30
     Davidson diagonalization with overlap
     ethr =  3.85E-09,  avg # of iterations =  2.5

     Magnetic moment per site:
     atom:    1    charge:    9.4684    magn:    0.0923    constr:    0.0000
     atom:    2    charge:    9.4664    magn:    0.0932    constr:    0.0000

     total cpu time spent up to now is       35.8 secs

     total energy              =    -217.99466429 Ry
     Harris-Foulkes estimate   =    -217.99466590 Ry
     estimated scf accuracy    <       0.00000032 Ry

     total magnetization       =     1.00 Bohr mag/cell
     absolute magnetization    =     1.09 Bohr mag/cell

     iteration # 10     ecut=    50.00 Ry     beta=0.30
     Davidson diagonalization with overlap
     ethr =  1.38E-09,  avg # of iterations =  2.5

     reference position (x0):         9.44863066    9.44863066    9.44863066 bohr
     Total charge   1.0000
     Total dipole moment  -0.0004  -0.0004  -0.2229 au (Ha),  -0.0010  -0.0010  -0.5666 Debye

       I         D           A         Val      Target            Str
       1 0.109E+01   0.104E+01   0.537E-01   0.000E+00   0.000000E+00
     Image interaction energy: -0.107E+00 [Ry] Change: -0.382E-03 [Ry] Tolerance:  0.100E-04 [Ry]

     Magnetic moment per site:
     atom:    1    charge:    9.4684    magn:    0.0923    constr:    0.0000
     atom:    2    charge:    9.4664    magn:    0.0932    constr:    0.0000

     total cpu time spent up to now is       39.9 secs

     total energy              =    -217.99466515 Ry
     Harris-Foulkes estimate   =    -217.99466592 Ry
     estimated scf accuracy    <       0.00000009 Ry

     total magnetization       =     1.00 Bohr mag/cell
     absolute magnetization    =     1.09 Bohr mag/cell

     iteration # 11     ecut=    50.00 Ry     beta=0.30
     Davidson diagonalization with overlap
     ethr =  3.86E-10,  avg # of iterations =  1.0

     reference position (x0):         9.44863066    9.44863066    9.44863066 bohr
     Total charge   1.0000
     Total dipole moment  -0.0004  -0.0004  -0.2229 au (Ha),  -0.0010  -0.0010  -0.5666 Debye

       I         D           A         Val      Target            Str
       1 0.109E+01   0.104E+01   0.537E-01   0.000E+00   0.000000E+00
     Image interaction energy: -0.107E+00 [Ry] Change:  0.776E-08 [Ry] Tolerance:  0.100E-04 [Ry]

     reference position (x0):         9.44863066    9.44863066    9.44863066 bohr
     Total charge   1.0000
     Total dipole moment  -0.0004  -0.0004  -0.2229 au (Ha),  -0.0010  -0.0010  -0.5666 Debye


     Magnetic moment per site:
     atom:    1    charge:    9.4683    magn:    0.0924    constr:    0.0000
     atom:    2    charge:    9.4663    magn:    0.0932    constr:    0.0000

     total cpu time spent up to now is       44.2 secs

     End of self-consistent calculation

 ------ SPIN UP ------------


          k = 0.0000 0.0000 0.0000 ( 34896 PWs)   bands (ev):

   -14.0306   -13.3208   -13.3208   -12.5484   -12.5445   -12.3166   -12.2995   -12.0866
   -12.0865   -12.0359   -10.0870    -6.2293    -3.4599    -2.6054
     occupation numbers 
     1.0000   1.0000   1.0000   1.0000   1.0000   1.0000   1.0000   1.0000
     1.0000   1.0000   1.0000   1.0000   0.0000   0.0000

 ------ SPIN DOWN ----------


          k = 0.0000 0.0000 0.0000 ( 34896 PWs)   bands (ev):

   -13.8986   -13.2115   -13.2115   -12.4705   -12.4663   -12.2373   -12.2203   -11.9320
   -11.9320   -11.8489    -9.8422    -5.3047    -3.1067    -3.1067
     occupation numbers 
     1.0000   1.0000   1.0000   1.0000   1.0000   1.0000   1.0000   1.0000
     1.0000   1.0000   1.0000   0.0000   0.0000   0.0000

     highest occupied level (ev):    -6.2293

     reference position (x0):         9.44863066    9.44863066    9.44863066 bohr
     Total charge   1.0000
     Total dipole moment  -0.0004  -0.0004  -0.2229 au (Ha),  -0.0010  -0.0010  -0.5666 Debye

       I         D           A         Val      Target            Str
       1 0.109E+01   0.104E+01   0.537E-01   0.000E+00   0.000000E+00
     Image interaction energy: -0.107E+00 [Ry] Change:  0.776E-08 [Ry] Tolerance:  0.100E-04 [Ry]

!    total energy              =    -217.99466523 Ry
     Harris-Foulkes estimate   =    -217.99466592 Ry
     estimated scf accuracy    <       0.00000009 Ry

     The total energy is the sum of the following terms:

     one-electron contribution =    -400.00440907 Ry
     hartree contribution      =     209.59709633 Ry
     xc contribution           =     -32.48724894 Ry
     ewald contribution        =       4.90223735 Ry
     CDFT correction           =      -0.00000000 Ry
     scf correction            =      -0.00234090 Ry

     total magnetization       =     1.00 Bohr mag/cell
     absolute magnetization    =     1.09 Bohr mag/cell

     convergence has been achieved in  11 iterations

     Writing output data file left.save

     init_run     :      3.54s CPU      3.80s WALL (       1 calls)
     electrons    :     36.59s CPU     41.01s WALL (       1 calls)

     Called by init_run:
     wfcinit      :      1.30s CPU      1.39s WALL (       1 calls)
     potinit      :      1.65s CPU      1.76s WALL (       1 calls)

     Called by electrons:
     c_bands      :     16.44s CPU     17.75s WALL (      11 calls)
     sum_band     :      5.23s CPU      5.99s WALL (      11 calls)
     v_of_rho     :     11.03s CPU     12.61s WALL (      11 calls)
     v_h          :      0.35s CPU      0.45s WALL (      11 calls)
     v_xc         :     10.67s CPU     12.16s WALL (      11 calls)
     mix_rho      :      1.74s CPU      2.16s WALL (      11 calls)

     Called by c_bands:
     init_us_2    :      0.36s CPU      0.44s WALL (      46 calls)
     regterg      :     15.73s CPU     16.89s WALL (      22 calls)

     Called by sum_band:

     Called by *egterg:
     h_psi        :     15.50s CPU     16.65s WALL (      82 calls)
     g_psi        :      0.06s CPU      0.07s WALL (      58 calls)
     rdiaghg      :      0.07s CPU      0.07s WALL (      80 calls)
     regterg:over :      0.53s CPU      0.54s WALL (      58 calls)
     regterg:upda :      0.29s CPU      0.31s WALL (      58 calls)
     regterg:last :      0.12s CPU      0.12s WALL (      22 calls)

     Called by h_psi:
     h_psi:vloc   :     14.67s CPU     15.81s WALL (      82 calls)
     h_psi:vnl    :      0.77s CPU      0.78s WALL (      82 calls)
     add_vuspsi   :      0.33s CPU      0.33s WALL (      82 calls)

     General routines
     calbec       :      0.44s CPU      0.45s WALL (      82 calls)
     fft          :      8.08s CPU      9.66s WALL (     292 calls)
     fftw         :     15.68s CPU     17.16s WALL (    1032 calls)

     Parallel routines
     fft_scatter  :     13.67s CPU     15.73s WALL (    1324 calls)

     PWSCF        :    40.32s CPU        45.04s WALL


   This run was terminated on:  14:26:12  10May2016            

=------------------------------------------------------------------------------=
   JOB DONE.
=------------------------------------------------------------------------------=
