
     Program PWSCF v.5.1.1 starts on 10May2016 at  8:55:31 

     This program is part of the open-source Quantum ESPRESSO suite
     for quantum simulation of materials; please cite
         "P. Giannozzi et al., J. Phys.:Condens. Matter 21 395502 (2009);
          URL http://www.quantum-espresso.org", 
     in publications or presentations arising from this work. More details at
     http://www.quantum-espresso.org/quote

     Parallel version (MPI), running on     4 processors
     R & G space division:  proc/nbgrp/npool/nimage =       4
     Waiting for input...
     Reading input from standard input
 Reading EPCDFT CARD. Printing based upon belief that input should be reproducable from output.
     Reading   1 constraint(s); tolerance:  100.000000 max change in field 0.01
     epcdft_update_intrvl: 100
     epcdft with surface: T
          constraint           type   A   A   D   D      T      L
                   1  delta_charge    1   1   2   2 0.0000 0.0000

     Current dimensions of program PWSCF are:
     Max number of different atomic species (ntypx) = 10
     Max number of k-points (npk) =  40000
     Max angular momentum in pseudopotentials (lmaxx) =  3
               file Zn.pbe-mt_fhi.UPF: wavefunction(s)  4p 4f renormalized

     gamma-point specific algorithms are used
     Message from routine setup:
     the system is metallic, specify occupations

     Subspace diagonalization in iterative solution of the eigenvalue problem:
     a serial algorithm will be used


     Parallelization info
     --------------------
     sticks:   dense  smooth     PW     G-vecs:    dense   smooth      PW
     Min        2047    2047    512               139165   139165   17446
     Max        2052    2052    514               139168   139168   17450
     Sum        8197    8197   2053               556667   556667   69791
     Tot        4099    4099   1027

     Generating pointlists ...
     new r_m :   0.0687 (alat units)  1.5590 (a.u.) for type    1


     bravais-lattice index     =            1
     lattice parameter (alat)  =      22.6767  a.u.
     unit-cell volume          =   11661.1222 (a.u.)^3
     number of atoms/cell      =            2
     number of atomic types    =            1
     number of electrons       =        23.00 (up:  12.00, down:  11.00)
     number of Kohn-Sham states=           14
     kinetic-energy cutoff     =      50.0000  Ry
     charge density cutoff     =     200.0000  Ry
     convergence threshold     =      1.0E-07
     mixing beta               =       0.3000
     number of iterations used =            8  plain     mixing
     Exchange-correlation      = PBE ( 1  4  3  4 0 0)

     celldm(1)=  22.676714  celldm(2)=   0.000000  celldm(3)=   0.000000
     celldm(4)=   0.000000  celldm(5)=   0.000000  celldm(6)=   0.000000

     crystal axes: (cart. coord. in units of alat)
               a(1) = (   1.000000   0.000000   0.000000 )  
               a(2) = (   0.000000   1.000000   0.000000 )  
               a(3) = (   0.000000   0.000000   1.000000 )  

     reciprocal axes: (cart. coord. in units 2 pi/alat)
               b(1) = (  1.000000  0.000000  0.000000 )  
               b(2) = (  0.000000  1.000000  0.000000 )  
               b(3) = (  0.000000  0.000000  1.000000 )  


     PseudoPot. # 1 for Zn read from file:
     ../../pseudo/Zn.pbe-mt_fhi.UPF
     MD5 check sum: 5596c9f2b89b9f7367257e7ea958b26e
     Pseudo is Norm-conserving, Zval = 12.0
     Generated using FHI98PP, converted with fhi2upf.x v.5.0.2
     Using radial grid of  527 points,  3 beta functions with: 
                l(1) =   1
                l(2) =   2
                l(3) =   3

     atomic species   valence    mass     pseudopotential
        Zn            12.00    65.39000     Zn( 1.00)

     Starting magnetic structure 
     atomic species   magnetization
        Zn           0.000

     No symmetry found


                                    s                        frac. trans.

      isym =  1     identity                                     

 cryst.   s( 1) = (     1          0          0      )
                  (     0          1          0      )
                  (     0          0          1      )

 cart.    s( 1) = (  1.0000000  0.0000000  0.0000000 )
                  (  0.0000000  1.0000000  0.0000000 )
                  (  0.0000000  0.0000000  1.0000000 )


     point group C_1 (1)    
     there are  1 classes
     the character table:

       E    
A      1.00

     the symmetry operations in each class:
     E        1

   Cartesian axes

     site n.     atom                  positions (alat units)
         1           Zn  tau(   1) = (   0.4166667   0.4166667   0.5833333  )
         2           Zn  tau(   2) = (   0.4166667   0.4166667   0.4166667  )

   Crystallographic axes

     site n.     atom                  positions (cryst. coord.)
         1           Zn  tau(   1) = (  0.4166667  0.4166667  0.5833333  )
         2           Zn  tau(   2) = (  0.4166667  0.4166667  0.4166667  )

     number of k points=     2
                       cart. coord. in units 2pi/alat
        k(    1) = (   0.0000000   0.0000000   0.0000000), wk =   1.0000000
        k(    2) = (   0.0000000   0.0000000   0.0000000), wk =   1.0000000

                       cryst. coord.
        k(    1) = (   0.0000000   0.0000000   0.0000000), wk =   1.0000000
        k(    2) = (   0.0000000   0.0000000   0.0000000), wk =   1.0000000

     Dense  grid:   278334 G-vectors     FFT dimensions: ( 108, 108, 108)

     Largest allocated arrays     est. size (Mb)     dimensions
        Kohn-Sham Wavefunctions         1.86 Mb     (    8725,   14)
        NL pseudopotentials             3.99 Mb     (    8725,   30)
        Each V/rho on FFT grid          9.61 Mb     (  314928,   2)
        Each G-vector array             0.53 Mb     (   69584)
        G-vector shells                 0.02 Mb     (    2154)
     Largest temporary arrays     est. size (Mb)     dimensions
        Auxiliary wavefunctions         3.73 Mb     (    8725,   56)
        Each subspace H/S matrix        0.02 Mb     (      56,   56)
        Each <psi_i|beta_j> matrix      0.00 Mb     (      30,   14)
        Arrays for rho mixing          38.44 Mb     (  314928,    8)

     Initial potential from superposition of free atoms
     Check: negative starting charge=(component1):   -0.041597
     Check: negative starting charge=(component2):   -0.041597

     starting charge   23.99975, renormalised to   23.00000

     negative rho (up, down):  3.986E-02 3.986E-02
     
     Adding image charge field due to neutral metal slab at origin in XY plane.
     Including monopole and dipole terms.
     Quadrupole not implemented yet.
     System should not overlap with cell edges.
     

     reference position (x0):         9.44863066    9.44863066   11.33835680 bohr
     Total charge   1.0000
     Total dipole moment   0.0004   0.0004  -0.0002 au (Ha),   0.0010   0.0010  -0.0004 Debye

     Debug on write surface field to cube file.

     First surface image interaction energy:-0.444E-01

     
     Adding image charge field due to neutral metal slab at origin in XY plane.
     Including monopole and dipole terms.
     Quadrupole not implemented yet.
     System should not overlap with cell edges.
     

     reference position (x0):         9.44863066    9.44863066   11.33835680 bohr
     Total charge   1.0000
     Total dipole moment   0.0004   0.0004  -0.0002 au (Ha),   0.0010   0.0010  -0.0004 Debye

     Debug on write surface field to cube file.
     Starting wfc are   32 randomized atomic wfcs

     total cpu time spent up to now is        6.2 secs

     per-process dynamical memory:    78.4 Mb

     Self-consistent Calculation

     iteration #  1     ecut=    50.00 Ry     beta=0.30
     Davidson diagonalization with overlap
     ethr =  1.00E-02,  avg # of iterations =  4.0

     negative rho (up, down):  2.722E-02 2.746E-02

     Magnetic moment per site:
     atom:    1    charge:    9.3400    magn:    0.0384    constr:    0.0000
     atom:    2    charge:    9.3374    magn:    0.0379    constr:    0.0000

     total cpu time spent up to now is        9.7 secs

     total energy              =    -217.97814636 Ry
     Harris-Foulkes estimate   =    -218.16973806 Ry
     estimated scf accuracy    <       0.53467078 Ry

     total magnetization       =     1.00 Bohr mag/cell
     absolute magnetization    =     1.00 Bohr mag/cell

     iteration #  2     ecut=    50.00 Ry     beta=0.30
     Davidson diagonalization with overlap
     ethr =  2.32E-03,  avg # of iterations =  1.5

     negative rho (up, down):  1.237E-02 1.273E-02

     Magnetic moment per site:
     atom:    1    charge:    9.4630    magn:    0.0771    constr:    0.0000
     atom:    2    charge:    9.4608    magn:    0.0766    constr:    0.0000

     total cpu time spent up to now is       12.5 secs

     total energy              =    -217.96698901 Ry
     Harris-Foulkes estimate   =    -218.01257030 Ry
     estimated scf accuracy    <       0.11764490 Ry

     total magnetization       =     1.00 Bohr mag/cell
     absolute magnetization    =     1.01 Bohr mag/cell

     iteration #  3     ecut=    50.00 Ry     beta=0.30
     Davidson diagonalization with overlap
     ethr =  5.11E-04,  avg # of iterations =  2.0

     negative rho (up, down):  6.669E-03 7.000E-03

     Magnetic moment per site:
     atom:    1    charge:    9.4582    magn:    0.0853    constr:    0.0000
     atom:    2    charge:    9.4573    magn:    0.0852    constr:    0.0000

     total cpu time spent up to now is       15.7 secs

     total energy              =    -217.99292470 Ry
     Harris-Foulkes estimate   =    -217.99189554 Ry
     estimated scf accuracy    <       0.00963605 Ry

     total magnetization       =     1.00 Bohr mag/cell
     absolute magnetization    =     1.04 Bohr mag/cell

     iteration #  4     ecut=    50.00 Ry     beta=0.30
     Davidson diagonalization with overlap
     ethr =  4.19E-05,  avg # of iterations =  2.0

     negative rho (up, down):  2.253E-05 2.315E-05

     Magnetic moment per site:
     atom:    1    charge:    9.4777    magn:    0.0980    constr:    0.0000
     atom:    2    charge:    9.4770    magn:    0.0982    constr:    0.0000

     total cpu time spent up to now is       18.7 secs

     total energy              =    -217.99477803 Ry
     Harris-Foulkes estimate   =    -217.99394169 Ry
     estimated scf accuracy    <       0.00278672 Ry

     total magnetization       =     1.00 Bohr mag/cell
     absolute magnetization    =     1.05 Bohr mag/cell

     iteration #  5     ecut=    50.00 Ry     beta=0.30
     Davidson diagonalization with overlap
     ethr =  1.21E-05,  avg # of iterations =  2.5

     negative rho (up, down):  2.088E-05 2.144E-05

     Magnetic moment per site:
     atom:    1    charge:    9.4712    magn:    0.0957    constr:    0.0000
     atom:    2    charge:    9.4705    magn:    0.0959    constr:    0.0000

     total cpu time spent up to now is       21.7 secs

     total energy              =    -217.99515379 Ry
     Harris-Foulkes estimate   =    -217.99529051 Ry
     estimated scf accuracy    <       0.00036873 Ry

     total magnetization       =     1.00 Bohr mag/cell
     absolute magnetization    =     1.08 Bohr mag/cell

     iteration #  6     ecut=    50.00 Ry     beta=0.30
     Davidson diagonalization with overlap
     ethr =  1.60E-06,  avg # of iterations =  6.0

     Magnetic moment per site:
     atom:    1    charge:    9.4670    magn:    0.0931    constr:    0.0000
     atom:    2    charge:    9.4663    magn:    0.0934    constr:    0.0000

     total cpu time spent up to now is       25.2 secs

     total energy              =    -217.99522230 Ry
     Harris-Foulkes estimate   =    -217.99518348 Ry
     estimated scf accuracy    <       0.00003527 Ry

     total magnetization       =     1.00 Bohr mag/cell
     absolute magnetization    =     1.08 Bohr mag/cell

     iteration #  7     ecut=    50.00 Ry     beta=0.30
     Davidson diagonalization with overlap
     ethr =  1.53E-07,  avg # of iterations =  3.0

     Magnetic moment per site:
     atom:    1    charge:    9.4679    magn:    0.0926    constr:    0.0000
     atom:    2    charge:    9.4672    magn:    0.0929    constr:    0.0000

     total cpu time spent up to now is       28.6 secs

     total energy              =    -217.99523705 Ry
     Harris-Foulkes estimate   =    -217.99524004 Ry
     estimated scf accuracy    <       0.00001150 Ry

     total magnetization       =     1.00 Bohr mag/cell
     absolute magnetization    =     1.09 Bohr mag/cell

     iteration #  8     ecut=    50.00 Ry     beta=0.30
     Davidson diagonalization with overlap
     ethr =  5.00E-08,  avg # of iterations =  2.5

     Magnetic moment per site:
     atom:    1    charge:    9.4676    magn:    0.0925    constr:    0.0000
     atom:    2    charge:    9.4669    magn:    0.0928    constr:    0.0000

     total cpu time spent up to now is       32.0 secs

     total energy              =    -217.99523911 Ry
     Harris-Foulkes estimate   =    -217.99523998 Ry
     estimated scf accuracy    <       0.00000031 Ry

     total magnetization       =     1.00 Bohr mag/cell
     absolute magnetization    =     1.09 Bohr mag/cell

     iteration #  9     ecut=    50.00 Ry     beta=0.30
     Davidson diagonalization with overlap
     ethr =  1.37E-09,  avg # of iterations =  2.5

     Magnetic moment per site:
     atom:    1    charge:    9.4678    magn:    0.0925    constr:    0.0000
     atom:    2    charge:    9.4672    magn:    0.0928    constr:    0.0000

     total cpu time spent up to now is       35.5 secs

     total energy              =    -217.99523976 Ry
     Harris-Foulkes estimate   =    -217.99524042 Ry
     estimated scf accuracy    <       0.00000061 Ry

     total magnetization       =     1.00 Bohr mag/cell
     absolute magnetization    =     1.09 Bohr mag/cell

     iteration # 10     ecut=    50.00 Ry     beta=0.30
     Davidson diagonalization with overlap
     ethr =  1.37E-09,  avg # of iterations =  3.0
     
     Adding image charge field due to neutral metal slab at origin in XY plane.
     Including monopole and dipole terms.
     Quadrupole not implemented yet.
     System should not overlap with cell edges.
     

     reference position (x0):         9.44863066    9.44863066   11.33835680 bohr
     Total charge   1.0000
     Total dipole moment  -0.0004  -0.0004  -0.0774 au (Ha),  -0.0010  -0.0010  -0.1968 Debye

     Debug on write surface field to cube file.
       I         D           A         Val      Target            Str
       1 0.107E+01   0.106E+01   0.186E-01   0.000E+00   0.000000E+00
     Image interaction energy: -0.445E-01 Change: -0.109E-03 Tolerance:  0.100E-04

     Magnetic moment per site:
     atom:    1    charge:    9.4678    magn:    0.0925    constr:    0.0000
     atom:    2    charge:    9.4672    magn:    0.0928    constr:    0.0000

     total cpu time spent up to now is       40.3 secs

     total energy              =    -217.99524050 Ry
     Harris-Foulkes estimate   =    -217.99524032 Ry
     estimated scf accuracy    <       0.00000004 Ry

     total magnetization       =     1.00 Bohr mag/cell
     absolute magnetization    =     1.09 Bohr mag/cell

     iteration # 11     ecut=    50.00 Ry     beta=0.30
     Davidson diagonalization with overlap
     ethr =  1.59E-10,  avg # of iterations =  1.0
     
     Adding image charge field due to neutral metal slab at origin in XY plane.
     Including monopole and dipole terms.
     Quadrupole not implemented yet.
     System should not overlap with cell edges.
     

     reference position (x0):         9.44863066    9.44863066   11.33835680 bohr
     Total charge   1.0000
     Total dipole moment  -0.0004  -0.0004  -0.0774 au (Ha),  -0.0010  -0.0010  -0.1968 Debye

     Debug on write surface field to cube file.
       I         D           A         Val      Target            Str
       1 0.107E+01   0.106E+01   0.186E-01   0.000E+00   0.000000E+00
     Image interaction energy: -0.445E-01 Change:  0.131E-08 Tolerance:  0.100E-04
     
     Adding image charge field due to neutral metal slab at origin in XY plane.
     Including monopole and dipole terms.
     Quadrupole not implemented yet.
     System should not overlap with cell edges.
     

     reference position (x0):         9.44863066    9.44863066   11.33835680 bohr
     Total charge   1.0000
     Total dipole moment  -0.0004  -0.0004  -0.0774 au (Ha),  -0.0010  -0.0010  -0.1968 Debye

     Debug on write surface field to cube file.

     Magnetic moment per site:
     atom:    1    charge:    9.4677    magn:    0.0925    constr:    0.0000
     atom:    2    charge:    9.4671    magn:    0.0928    constr:    0.0000

     total cpu time spent up to now is       45.3 secs

     End of self-consistent calculation

 ------ SPIN UP ------------


          k = 0.0000 0.0000 0.0000 ( 34896 PWs)   bands (ev):

   -14.8837   -14.1728   -14.1728   -13.3988   -13.3948   -13.1686   -13.1515   -12.9395
   -12.9395   -12.8887   -10.9339    -7.0903    -4.3008    -3.4804
     occupation numbers 
     1.0000   1.0000   1.0000   1.0000   1.0000   1.0000   1.0000   1.0000
     1.0000   1.0000   1.0000   1.0000   0.0000   0.0000

 ------ SPIN DOWN ----------


          k = 0.0000 0.0000 0.0000 ( 34896 PWs)   bands (ev):

   -14.7525   -14.0639   -14.0638   -13.3205   -13.3163   -13.0895   -13.0724   -12.7851
   -12.7851   -12.7019   -10.6896    -6.1650    -3.9475    -3.9475
     occupation numbers 
     1.0000   1.0000   1.0000   1.0000   1.0000   1.0000   1.0000   1.0000
     1.0000   1.0000   1.0000   0.0000   0.0000   0.0000

     highest occupied level (ev):    -7.0903
     
     Adding image charge field due to neutral metal slab at origin in XY plane.
     Including monopole and dipole terms.
     Quadrupole not implemented yet.
     System should not overlap with cell edges.
     

     reference position (x0):         9.44863066    9.44863066   11.33835680 bohr
     Total charge   1.0000
     Total dipole moment  -0.0004  -0.0004  -0.0774 au (Ha),  -0.0010  -0.0010  -0.1968 Debye

     Debug on write surface field to cube file.
       I         D           A         Val      Target            Str
       1 0.107E+01   0.106E+01   0.186E-01   0.000E+00   0.000000E+00
     Image interaction energy: -0.445E-01 Change:  0.131E-08 Tolerance:  0.100E-04

!    total energy              =    -217.99524462 Ry
     Harris-Foulkes estimate   =    -217.99524032 Ry
     estimated scf accuracy    <       0.00000004 Ry

     The total energy is the sum of the following terms:

     one-electron contribution =    -400.00051587 Ry
     hartree contribution      =     209.59324862 Ry
     xc contribution           =     -32.48733785 Ry
     ewald contribution        =       4.90223735 Ry
     CDFT correction           =      -0.00000000 Ry
     scf correction            =      -0.00287686 Ry

     total magnetization       =     1.00 Bohr mag/cell
     absolute magnetization    =     1.09 Bohr mag/cell

     convergence has been achieved in  11 iterations

     Writing output data file left.save

     init_run     :      5.40s CPU      6.17s WALL (       1 calls)
     electrons    :     37.99s CPU     40.91s WALL (       1 calls)

     Called by init_run:
     wfcinit      :      1.12s CPU      1.26s WALL (       1 calls)
     potinit      :      3.68s CPU      4.23s WALL (       1 calls)

     Called by electrons:
     c_bands      :     15.79s CPU     17.12s WALL (      11 calls)
     sum_band     :      4.24s CPU      4.60s WALL (      11 calls)
     v_of_rho     :     10.53s CPU     11.31s WALL (      11 calls)
     v_h          :      0.36s CPU      0.39s WALL (      11 calls)
     v_xc         :     10.17s CPU     10.92s WALL (      11 calls)
     mix_rho      :      1.45s CPU      1.55s WALL (      11 calls)

     Called by c_bands:
     init_us_2    :      0.36s CPU      0.39s WALL (      46 calls)
     regterg      :     15.11s CPU     16.37s WALL (      22 calls)

     Called by sum_band:

     Called by *egterg:
     h_psi        :     14.72s CPU     15.99s WALL (      84 calls)
     g_psi        :      0.06s CPU      0.07s WALL (      60 calls)
     rdiaghg      :      0.04s CPU      0.04s WALL (      82 calls)
     regterg:over :      0.48s CPU      0.51s WALL (      60 calls)
     regterg:upda :      0.31s CPU      0.34s WALL (      60 calls)
     regterg:last :      0.12s CPU      0.13s WALL (      22 calls)

     Called by h_psi:
     h_psi:vloc   :     13.89s CPU     15.11s WALL (      84 calls)
     h_psi:vnl    :      0.76s CPU      0.80s WALL (      84 calls)
     add_vuspsi   :      0.34s CPU      0.36s WALL (      84 calls)

     General routines
     calbec       :      0.42s CPU      0.44s WALL (      84 calls)
     fft          :      7.42s CPU      8.13s WALL (     292 calls)
     fftw         :     13.89s CPU     15.12s WALL (    1064 calls)

     Parallel routines
     fft_scatter  :     10.98s CPU     11.93s WALL (    1356 calls)

     PWSCF        :    43.59s CPU        47.34s WALL


   This run was terminated on:   8:56:18  10May2016            

=------------------------------------------------------------------------------=
   JOB DONE.
=------------------------------------------------------------------------------=
