
     Program PWSCF v.5.1.1 starts on 10May2016 at  8:56:19 

     This program is part of the open-source Quantum ESPRESSO suite
     for quantum simulation of materials; please cite
         "P. Giannozzi et al., J. Phys.:Condens. Matter 21 395502 (2009);
          URL http://www.quantum-espresso.org", 
     in publications or presentations arising from this work. More details at
     http://www.quantum-espresso.org/quote

     Parallel version (MPI), running on     4 processors
     R & G space division:  proc/nbgrp/npool/nimage =       4
     Waiting for input...
     Reading input from standard input
 Reading EPCDFT CARD. Printing based upon belief that input should be reproducable from output.
     Reading   1 constraint(s); tolerance:  100.000000 max change in field 0.01
     epcdft_update_intrvl: 100
     epcdft with surface: T
          constraint           type   A   A   D   D      T      L
                   1  delta_charge    1   1   2   2 0.0000 0.0000

     Current dimensions of program PWSCF are:
     Max number of different atomic species (ntypx) = 10
     Max number of k-points (npk) =  40000
     Max angular momentum in pseudopotentials (lmaxx) =  3
               file Zn.pbe-mt_fhi.UPF: wavefunction(s)  4p 4f renormalized

     gamma-point specific algorithms are used
     Message from routine setup:
     the system is metallic, specify occupations

     Subspace diagonalization in iterative solution of the eigenvalue problem:
     a serial algorithm will be used


     Parallelization info
     --------------------
     sticks:   dense  smooth     PW     G-vecs:    dense   smooth      PW
     Min        2047    2047    512               139165   139165   17446
     Max        2052    2052    514               139168   139168   17450
     Sum        8197    8197   2053               556667   556667   69791
     Tot        4099    4099   1027

     Generating pointlists ...
     new r_m :   0.0687 (alat units)  1.5590 (a.u.) for type    1


     bravais-lattice index     =            1
     lattice parameter (alat)  =      22.6767  a.u.
     unit-cell volume          =   11661.1222 (a.u.)^3
     number of atoms/cell      =            2
     number of atomic types    =            1
     number of electrons       =        23.00 (up:  12.00, down:  11.00)
     number of Kohn-Sham states=           14
     kinetic-energy cutoff     =      50.0000  Ry
     charge density cutoff     =     200.0000  Ry
     convergence threshold     =      1.0E-07
     mixing beta               =       0.3000
     number of iterations used =            8  plain     mixing
     Exchange-correlation      = PBE ( 1  4  3  4 0 0)

     celldm(1)=  22.676714  celldm(2)=   0.000000  celldm(3)=   0.000000
     celldm(4)=   0.000000  celldm(5)=   0.000000  celldm(6)=   0.000000

     crystal axes: (cart. coord. in units of alat)
               a(1) = (   1.000000   0.000000   0.000000 )  
               a(2) = (   0.000000   1.000000   0.000000 )  
               a(3) = (   0.000000   0.000000   1.000000 )  

     reciprocal axes: (cart. coord. in units 2 pi/alat)
               b(1) = (  1.000000  0.000000  0.000000 )  
               b(2) = (  0.000000  1.000000  0.000000 )  
               b(3) = (  0.000000  0.000000  1.000000 )  


     PseudoPot. # 1 for Zn read from file:
     ../../pseudo/Zn.pbe-mt_fhi.UPF
     MD5 check sum: 5596c9f2b89b9f7367257e7ea958b26e
     Pseudo is Norm-conserving, Zval = 12.0
     Generated using FHI98PP, converted with fhi2upf.x v.5.0.2
     Using radial grid of  527 points,  3 beta functions with: 
                l(1) =   1
                l(2) =   2
                l(3) =   3

     atomic species   valence    mass     pseudopotential
        Zn            12.00    65.39000     Zn( 1.00)

     Starting magnetic structure 
     atomic species   magnetization
        Zn           0.000

     No symmetry found


                                    s                        frac. trans.

      isym =  1     identity                                     

 cryst.   s( 1) = (     1          0          0      )
                  (     0          1          0      )
                  (     0          0          1      )

 cart.    s( 1) = (  1.0000000  0.0000000  0.0000000 )
                  (  0.0000000  1.0000000  0.0000000 )
                  (  0.0000000  0.0000000  1.0000000 )


     point group C_1 (1)    
     there are  1 classes
     the character table:

       E    
A      1.00

     the symmetry operations in each class:
     E        1

   Cartesian axes

     site n.     atom                  positions (alat units)
         1           Zn  tau(   1) = (   0.4166667   0.4166667   0.6666667  )
         2           Zn  tau(   2) = (   0.4166667   0.4166667   0.5000000  )

   Crystallographic axes

     site n.     atom                  positions (cryst. coord.)
         1           Zn  tau(   1) = (  0.4166667  0.4166667  0.6666667  )
         2           Zn  tau(   2) = (  0.4166667  0.4166667  0.5000000  )

     number of k points=     2
                       cart. coord. in units 2pi/alat
        k(    1) = (   0.0000000   0.0000000   0.0000000), wk =   1.0000000
        k(    2) = (   0.0000000   0.0000000   0.0000000), wk =   1.0000000

                       cryst. coord.
        k(    1) = (   0.0000000   0.0000000   0.0000000), wk =   1.0000000
        k(    2) = (   0.0000000   0.0000000   0.0000000), wk =   1.0000000

     Dense  grid:   278334 G-vectors     FFT dimensions: ( 108, 108, 108)

     Largest allocated arrays     est. size (Mb)     dimensions
        Kohn-Sham Wavefunctions         1.86 Mb     (    8725,   14)
        NL pseudopotentials             3.99 Mb     (    8725,   30)
        Each V/rho on FFT grid          9.61 Mb     (  314928,   2)
        Each G-vector array             0.53 Mb     (   69584)
        G-vector shells                 0.02 Mb     (    2154)
     Largest temporary arrays     est. size (Mb)     dimensions
        Auxiliary wavefunctions         3.73 Mb     (    8725,   56)
        Each subspace H/S matrix        0.02 Mb     (      56,   56)
        Each <psi_i|beta_j> matrix      0.00 Mb     (      30,   14)
        Arrays for rho mixing          38.44 Mb     (  314928,    8)

     Initial potential from superposition of free atoms
     Check: negative starting charge=(component1):   -0.041597
     Check: negative starting charge=(component2):   -0.041597

     starting charge   23.99975, renormalised to   23.00000

     negative rho (up, down):  3.986E-02 3.986E-02
     
     Adding image charge field due to neutral metal slab at origin in XY plane.
     Including monopole and dipole terms.
     Quadrupole not implemented yet.
     System should not overlap with cell edges.
     

     reference position (x0):         9.44863066    9.44863066   13.22808293 bohr
     Total charge   1.0000
     Total dipole moment   0.0004   0.0004  -0.0002 au (Ha),   0.0010   0.0010  -0.0004 Debye

     Debug on write surface field to cube file.

     First surface image interaction energy:-0.380E-01

     
     Adding image charge field due to neutral metal slab at origin in XY plane.
     Including monopole and dipole terms.
     Quadrupole not implemented yet.
     System should not overlap with cell edges.
     

     reference position (x0):         9.44863066    9.44863066   13.22808293 bohr
     Total charge   1.0000
     Total dipole moment   0.0004   0.0004  -0.0002 au (Ha),   0.0010   0.0010  -0.0004 Debye

     Debug on write surface field to cube file.
     Starting wfc are   32 randomized atomic wfcs

     total cpu time spent up to now is        6.1 secs

     per-process dynamical memory:    78.4 Mb

     Self-consistent Calculation

     iteration #  1     ecut=    50.00 Ry     beta=0.30
     Davidson diagonalization with overlap
     ethr =  1.00E-02,  avg # of iterations =  4.0

     negative rho (up, down):  2.722E-02 2.746E-02

     Magnetic moment per site:
     atom:    1    charge:    9.3397    magn:    0.0384    constr:    0.0000
     atom:    2    charge:    9.3378    magn:    0.0380    constr:    0.0000

     total cpu time spent up to now is        9.6 secs

     total energy              =    -217.97835609 Ry
     Harris-Foulkes estimate   =    -218.16951098 Ry
     estimated scf accuracy    <       0.53430343 Ry

     total magnetization       =     1.00 Bohr mag/cell
     absolute magnetization    =     1.00 Bohr mag/cell

     iteration #  2     ecut=    50.00 Ry     beta=0.30
     Davidson diagonalization with overlap
     ethr =  2.32E-03,  avg # of iterations =  1.5

     negative rho (up, down):  1.237E-02 1.272E-02

     Magnetic moment per site:
     atom:    1    charge:    9.4627    magn:    0.0770    constr:    0.0000
     atom:    2    charge:    9.4612    magn:    0.0766    constr:    0.0000

     total cpu time spent up to now is       12.6 secs

     total energy              =    -217.96706449 Ry
     Harris-Foulkes estimate   =    -218.01254995 Ry
     estimated scf accuracy    <       0.11762557 Ry

     total magnetization       =     1.00 Bohr mag/cell
     absolute magnetization    =     1.01 Bohr mag/cell

     iteration #  3     ecut=    50.00 Ry     beta=0.30
     Davidson diagonalization with overlap
     ethr =  5.11E-04,  avg # of iterations =  2.0

     negative rho (up, down):  6.676E-03 7.006E-03

     Magnetic moment per site:
     atom:    1    charge:    9.4581    magn:    0.0853    constr:    0.0000
     atom:    2    charge:    9.4574    magn:    0.0851    constr:    0.0000

     total cpu time spent up to now is       16.0 secs

     total energy              =    -217.99294598 Ry
     Harris-Foulkes estimate   =    -217.99193837 Ry
     estimated scf accuracy    <       0.00963441 Ry

     total magnetization       =     1.00 Bohr mag/cell
     absolute magnetization    =     1.04 Bohr mag/cell

     iteration #  4     ecut=    50.00 Ry     beta=0.30
     Davidson diagonalization with overlap
     ethr =  4.19E-05,  avg # of iterations =  2.0

     negative rho (up, down):  2.265E-05 2.328E-05

     Magnetic moment per site:
     atom:    1    charge:    9.4776    magn:    0.0980    constr:    0.0000
     atom:    2    charge:    9.4771    magn:    0.0981    constr:    0.0000

     total cpu time spent up to now is       19.0 secs

     total energy              =    -217.99482348 Ry
     Harris-Foulkes estimate   =    -217.99397114 Ry
     estimated scf accuracy    <       0.00278880 Ry

     total magnetization       =     1.00 Bohr mag/cell
     absolute magnetization    =     1.05 Bohr mag/cell

     iteration #  5     ecut=    50.00 Ry     beta=0.30
     Davidson diagonalization with overlap
     ethr =  1.21E-05,  avg # of iterations =  2.5

     negative rho (up, down):  2.137E-05 2.193E-05

     Magnetic moment per site:
     atom:    1    charge:    9.4712    magn:    0.0957    constr:    0.0000
     atom:    2    charge:    9.4707    magn:    0.0959    constr:    0.0000

     total cpu time spent up to now is       22.0 secs

     total energy              =    -217.99518844 Ry
     Harris-Foulkes estimate   =    -217.99533039 Ry
     estimated scf accuracy    <       0.00036404 Ry

     total magnetization       =     1.00 Bohr mag/cell
     absolute magnetization    =     1.08 Bohr mag/cell

     iteration #  6     ecut=    50.00 Ry     beta=0.30
     Davidson diagonalization with overlap
     ethr =  1.58E-06,  avg # of iterations =  6.0

     Magnetic moment per site:
     atom:    1    charge:    9.4667    magn:    0.0931    constr:    0.0000
     atom:    2    charge:    9.4662    magn:    0.0933    constr:    0.0000

     total cpu time spent up to now is       26.3 secs

     total energy              =    -217.99525654 Ry
     Harris-Foulkes estimate   =    -217.99522195 Ry
     estimated scf accuracy    <       0.00003771 Ry

     total magnetization       =     1.00 Bohr mag/cell
     absolute magnetization    =     1.08 Bohr mag/cell

     iteration #  7     ecut=    50.00 Ry     beta=0.30
     Davidson diagonalization with overlap
     ethr =  1.64E-07,  avg # of iterations =  3.0

     Magnetic moment per site:
     atom:    1    charge:    9.4678    magn:    0.0926    constr:    0.0000
     atom:    2    charge:    9.4673    magn:    0.0928    constr:    0.0000

     total cpu time spent up to now is       30.2 secs

     total energy              =    -217.99527238 Ry
     Harris-Foulkes estimate   =    -217.99527860 Ry
     estimated scf accuracy    <       0.00001510 Ry

     total magnetization       =     1.00 Bohr mag/cell
     absolute magnetization    =     1.09 Bohr mag/cell

     iteration #  8     ecut=    50.00 Ry     beta=0.30
     Davidson diagonalization with overlap
     ethr =  6.57E-08,  avg # of iterations =  2.0

     Magnetic moment per site:
     atom:    1    charge:    9.4675    magn:    0.0925    constr:    0.0000
     atom:    2    charge:    9.4670    magn:    0.0927    constr:    0.0000

     total cpu time spent up to now is       34.1 secs

     total energy              =    -217.99527600 Ry
     Harris-Foulkes estimate   =    -217.99527603 Ry
     estimated scf accuracy    <       0.00000027 Ry

     total magnetization       =     1.00 Bohr mag/cell
     absolute magnetization    =     1.09 Bohr mag/cell

     iteration #  9     ecut=    50.00 Ry     beta=0.30
     Davidson diagonalization with overlap
     ethr =  1.16E-09,  avg # of iterations =  2.5

     Magnetic moment per site:
     atom:    1    charge:    9.4678    magn:    0.0925    constr:    0.0000
     atom:    2    charge:    9.4673    magn:    0.0927    constr:    0.0000

     total cpu time spent up to now is       37.6 secs

     total energy              =    -217.99527632 Ry
     Harris-Foulkes estimate   =    -217.99527676 Ry
     estimated scf accuracy    <       0.00000066 Ry

     total magnetization       =     1.00 Bohr mag/cell
     absolute magnetization    =     1.09 Bohr mag/cell

     iteration # 10     ecut=    50.00 Ry     beta=0.30
     Davidson diagonalization with overlap
     ethr =  1.16E-09,  avg # of iterations =  3.0
     
     Adding image charge field due to neutral metal slab at origin in XY plane.
     Including monopole and dipole terms.
     Quadrupole not implemented yet.
     System should not overlap with cell edges.
     

     reference position (x0):         9.44863066    9.44863066   13.22808293 bohr
     Total charge   1.0000
     Total dipole moment  -0.0004  -0.0004  -0.0566 au (Ha),  -0.0010  -0.0010  -0.1440 Debye

     Debug on write surface field to cube file.
       I         D           A         Val      Target            Str
       1 0.107E+01   0.106E+01   0.136E-01   0.000E+00   0.000000E+00
     Image interaction energy: -0.380E-01 Change: -0.600E-04 Tolerance:  0.100E-04

     Magnetic moment per site:
     atom:    1    charge:    9.4678    magn:    0.0925    constr:    0.0000
     atom:    2    charge:    9.4673    magn:    0.0927    constr:    0.0000

     total cpu time spent up to now is       43.2 secs

     total energy              =    -217.99527693 Ry
     Harris-Foulkes estimate   =    -217.99527678 Ry
     estimated scf accuracy    <       0.00000004 Ry

     total magnetization       =     1.00 Bohr mag/cell
     absolute magnetization    =     1.09 Bohr mag/cell

     iteration # 11     ecut=    50.00 Ry     beta=0.30
     Davidson diagonalization with overlap
     ethr =  1.54E-10,  avg # of iterations =  1.0
     
     Adding image charge field due to neutral metal slab at origin in XY plane.
     Including monopole and dipole terms.
     Quadrupole not implemented yet.
     System should not overlap with cell edges.
     

     reference position (x0):         9.44863066    9.44863066   13.22808293 bohr
     Total charge   1.0000
     Total dipole moment  -0.0004  -0.0004  -0.0566 au (Ha),  -0.0010  -0.0010  -0.1440 Debye

     Debug on write surface field to cube file.
       I         D           A         Val      Target            Str
       1 0.107E+01   0.106E+01   0.136E-01   0.000E+00   0.000000E+00
     Image interaction energy: -0.380E-01 Change:  0.139E-08 Tolerance:  0.100E-04
     
     Adding image charge field due to neutral metal slab at origin in XY plane.
     Including monopole and dipole terms.
     Quadrupole not implemented yet.
     System should not overlap with cell edges.
     

     reference position (x0):         9.44863066    9.44863066   13.22808293 bohr
     Total charge   1.0000
     Total dipole moment  -0.0004  -0.0004  -0.0566 au (Ha),  -0.0010  -0.0010  -0.1440 Debye

     Debug on write surface field to cube file.

     Magnetic moment per site:
     atom:    1    charge:    9.4677    magn:    0.0925    constr:    0.0000
     atom:    2    charge:    9.4672    magn:    0.0927    constr:    0.0000

     total cpu time spent up to now is       48.7 secs

     End of self-consistent calculation

 ------ SPIN UP ------------


          k = 0.0000 0.0000 0.0000 ( 34896 PWs)   bands (ev):

   -14.9716   -14.2606   -14.2606   -13.4863   -13.4823   -13.2563   -13.2391   -13.0274
   -13.0274   -12.9765   -11.0209    -7.1796    -4.3869    -3.5713
     occupation numbers 
     1.0000   1.0000   1.0000   1.0000   1.0000   1.0000   1.0000   1.0000
     1.0000   1.0000   1.0000   1.0000   0.0000   0.0000

 ------ SPIN DOWN ----------


          k = 0.0000 0.0000 0.0000 ( 34896 PWs)   bands (ev):

   -14.8405   -14.1517   -14.1517   -13.4080   -13.4038   -13.1772   -13.1601   -12.8730
   -12.8730   -12.7898   -10.7766    -6.2540    -4.0335    -4.0335
     occupation numbers 
     1.0000   1.0000   1.0000   1.0000   1.0000   1.0000   1.0000   1.0000
     1.0000   1.0000   1.0000   0.0000   0.0000   0.0000

     highest occupied level (ev):    -7.1796
     
     Adding image charge field due to neutral metal slab at origin in XY plane.
     Including monopole and dipole terms.
     Quadrupole not implemented yet.
     System should not overlap with cell edges.
     

     reference position (x0):         9.44863066    9.44863066   13.22808293 bohr
     Total charge   1.0000
     Total dipole moment  -0.0004  -0.0004  -0.0566 au (Ha),  -0.0010  -0.0010  -0.1440 Debye

     Debug on write surface field to cube file.
       I         D           A         Val      Target            Str
       1 0.107E+01   0.106E+01   0.136E-01   0.000E+00   0.000000E+00
     Image interaction energy: -0.380E-01 Change:  0.139E-08 Tolerance:  0.100E-04

!    total energy              =    -217.99527602 Ry
     Harris-Foulkes estimate   =    -217.99527678 Ry
     estimated scf accuracy    <       0.00000004 Ry

     The total energy is the sum of the following terms:

     one-electron contribution =    -399.99955146 Ry
     hartree contribution      =     209.59230560 Ry
     xc contribution           =     -32.48732276 Ry
     ewald contribution        =       4.90223735 Ry
     CDFT correction           =      -0.00000000 Ry
     scf correction            =      -0.00294474 Ry

     total magnetization       =     1.00 Bohr mag/cell
     absolute magnetization    =     1.09 Bohr mag/cell

     convergence has been achieved in  11 iterations

     Writing output data file left.save

     init_run     :      5.46s CPU      6.10s WALL (       1 calls)
     electrons    :     39.30s CPU     44.51s WALL (       1 calls)

     Called by init_run:
     wfcinit      :      1.10s CPU      1.23s WALL (       1 calls)
     potinit      :      3.74s CPU      4.18s WALL (       1 calls)

     Called by electrons:
     c_bands      :     16.51s CPU     18.44s WALL (      11 calls)
     sum_band     :      4.38s CPU      5.17s WALL (      11 calls)
     v_of_rho     :     10.49s CPU     11.78s WALL (      11 calls)
     v_h          :      0.34s CPU      0.38s WALL (      11 calls)
     v_xc         :     10.15s CPU     11.40s WALL (      11 calls)
     mix_rho      :      1.76s CPU      2.02s WALL (      11 calls)

     Called by c_bands:
     init_us_2    :      0.37s CPU      0.40s WALL (      46 calls)
     regterg      :     15.78s CPU     17.65s WALL (      22 calls)

     Called by sum_band:

     Called by *egterg:
     h_psi        :     15.33s CPU     17.12s WALL (      83 calls)
     g_psi        :      0.04s CPU      0.07s WALL (      59 calls)
     rdiaghg      :      0.02s CPU      0.04s WALL (      81 calls)
     regterg:over :      0.56s CPU      0.61s WALL (      59 calls)
     regterg:upda :      0.31s CPU      0.35s WALL (      59 calls)
     regterg:last :      0.12s CPU      0.13s WALL (      22 calls)

     Called by h_psi:
     h_psi:vloc   :     14.48s CPU     16.16s WALL (      83 calls)
     h_psi:vnl    :      0.81s CPU      0.88s WALL (      83 calls)
     add_vuspsi   :      0.35s CPU      0.37s WALL (      83 calls)

     General routines
     calbec       :      0.46s CPU      0.50s WALL (      83 calls)
     fft          :      7.77s CPU      8.93s WALL (     292 calls)
     fftw         :     15.19s CPU     16.83s WALL (    1058 calls)

     Parallel routines
     fft_scatter  :     12.66s CPU     14.11s WALL (    1350 calls)

     PWSCF        :    45.02s CPU        50.97s WALL


   This run was terminated on:   8:57:10  10May2016            

=------------------------------------------------------------------------------=
   JOB DONE.
=------------------------------------------------------------------------------=
