
     Program PWSCF v.5.1.1 starts on 10May2016 at 14:27:43 

     This program is part of the open-source Quantum ESPRESSO suite
     for quantum simulation of materials; please cite
         "P. Giannozzi et al., J. Phys.:Condens. Matter 21 395502 (2009);
          URL http://www.quantum-espresso.org", 
     in publications or presentations arising from this work. More details at
     http://www.quantum-espresso.org/quote

     Parallel version (MPI), running on     4 processors
     R & G space division:  proc/nbgrp/npool/nimage =       4
     Waiting for input...
     Reading input from standard input
 Reading EPCDFT CARD. Printing based upon belief that input should be reproducable from output.
     Reading   1 constraint(s); tolerance:  100.000000 max change in field 0.01
     epcdft_update_intrvl: 100
     epcdft with surface: T
          constraint           type   A   A   D   D      T      L
                   1  delta_charge    1   1   2   2 0.0000 0.0000

     Current dimensions of program PWSCF are:
     Max number of different atomic species (ntypx) = 10
     Max number of k-points (npk) =  40000
     Max angular momentum in pseudopotentials (lmaxx) =  3
               file Zn.pbe-mt_fhi.UPF: wavefunction(s)  4p 4f renormalized

     gamma-point specific algorithms are used
     Message from routine setup:
     the system is metallic, specify occupations

     Subspace diagonalization in iterative solution of the eigenvalue problem:
     a serial algorithm will be used


     Parallelization info
     --------------------
     sticks:   dense  smooth     PW     G-vecs:    dense   smooth      PW
     Min        2047    2047    512               139165   139165   17446
     Max        2052    2052    514               139168   139168   17450
     Sum        8197    8197   2053               556667   556667   69791
     Tot        4099    4099   1027

     Generating pointlists ...
     new r_m :   0.0687 (alat units)  1.5590 (a.u.) for type    1


     bravais-lattice index     =            1
     lattice parameter (alat)  =      22.6767  a.u.
     unit-cell volume          =   11661.1222 (a.u.)^3
     number of atoms/cell      =            2
     number of atomic types    =            1
     number of electrons       =        23.00 (up:  12.00, down:  11.00)
     number of Kohn-Sham states=           14
     kinetic-energy cutoff     =      50.0000  Ry
     charge density cutoff     =     200.0000  Ry
     convergence threshold     =      1.0E-07
     mixing beta               =       0.3000
     number of iterations used =            8  plain     mixing
     Exchange-correlation      = PBE ( 1  4  3  4 0 0)

     celldm(1)=  22.676714  celldm(2)=   0.000000  celldm(3)=   0.000000
     celldm(4)=   0.000000  celldm(5)=   0.000000  celldm(6)=   0.000000

     crystal axes: (cart. coord. in units of alat)
               a(1) = (   1.000000   0.000000   0.000000 )  
               a(2) = (   0.000000   1.000000   0.000000 )  
               a(3) = (   0.000000   0.000000   1.000000 )  

     reciprocal axes: (cart. coord. in units 2 pi/alat)
               b(1) = (  1.000000  0.000000  0.000000 )  
               b(2) = (  0.000000  1.000000  0.000000 )  
               b(3) = (  0.000000  0.000000  1.000000 )  


     PseudoPot. # 1 for Zn read from file:
     ../../pseudo/Zn.pbe-mt_fhi.UPF
     MD5 check sum: 5596c9f2b89b9f7367257e7ea958b26e
     Pseudo is Norm-conserving, Zval = 12.0
     Generated using FHI98PP, converted with fhi2upf.x v.5.0.2
     Using radial grid of  527 points,  3 beta functions with: 
                l(1) =   1
                l(2) =   2
                l(3) =   3

     atomic species   valence    mass     pseudopotential
        Zn            12.00    65.39000     Zn( 1.00)

     Starting magnetic structure 
     atomic species   magnetization
        Zn           0.000

     No symmetry found


                                    s                        frac. trans.

      isym =  1     identity                                     

 cryst.   s( 1) = (     1          0          0      )
                  (     0          1          0      )
                  (     0          0          1      )

 cart.    s( 1) = (  1.0000000  0.0000000  0.0000000 )
                  (  0.0000000  1.0000000  0.0000000 )
                  (  0.0000000  0.0000000  1.0000000 )


     point group C_1 (1)    
     there are  1 classes
     the character table:

       E    
A      1.00

     the symmetry operations in each class:
     E        1

   Cartesian axes

     site n.     atom                  positions (alat units)
         1           Zn  tau(   1) = (   0.4166667   0.4166667   0.7500000  )
         2           Zn  tau(   2) = (   0.4166667   0.4166667   0.5833333  )

   Crystallographic axes

     site n.     atom                  positions (cryst. coord.)
         1           Zn  tau(   1) = (  0.4166667  0.4166667  0.7500000  )
         2           Zn  tau(   2) = (  0.4166667  0.4166667  0.5833333  )

     number of k points=     2
                       cart. coord. in units 2pi/alat
        k(    1) = (   0.0000000   0.0000000   0.0000000), wk =   1.0000000
        k(    2) = (   0.0000000   0.0000000   0.0000000), wk =   1.0000000

                       cryst. coord.
        k(    1) = (   0.0000000   0.0000000   0.0000000), wk =   1.0000000
        k(    2) = (   0.0000000   0.0000000   0.0000000), wk =   1.0000000

     Dense  grid:   278334 G-vectors     FFT dimensions: ( 108, 108, 108)

     Largest allocated arrays     est. size (Mb)     dimensions
        Kohn-Sham Wavefunctions         1.86 Mb     (    8725,   14)
        NL pseudopotentials             3.99 Mb     (    8725,   30)
        Each V/rho on FFT grid          9.61 Mb     (  314928,   2)
        Each G-vector array             0.53 Mb     (   69584)
        G-vector shells                 0.02 Mb     (    2154)
     Largest temporary arrays     est. size (Mb)     dimensions
        Auxiliary wavefunctions         3.73 Mb     (    8725,   56)
        Each subspace H/S matrix        0.02 Mb     (      56,   56)
        Each <psi_i|beta_j> matrix      0.00 Mb     (      30,   14)
        Arrays for rho mixing          38.44 Mb     (  314928,    8)

     Initial potential from superposition of free atoms
     Check: negative starting charge=(component1):   -0.041597
     Check: negative starting charge=(component2):   -0.041597

     starting charge   23.99975, renormalised to   23.00000

     negative rho (up, down):  3.986E-02 3.986E-02
     
     Adding image charge field due to neutral metal slab at origin in XY plane.
     Including monopole and dipole terms.
     Quadrupole not implemented yet.
     System should not overlap with cell edges.
     

     reference position (x0):         9.44863066    9.44863066   15.11780906 bohr
     Total charge   1.0000
     Total dipole moment   0.0004   0.0004   0.0002 au (Ha),   0.0010   0.0010   0.0004 Debye


     First surface image interaction energy:-0.663E-01[Ry]


     reference position (x0):         9.44863066    9.44863066   15.11780906 bohr
     Total charge   1.0000
     Total dipole moment   0.0004   0.0004   0.0002 au (Ha),   0.0010   0.0010   0.0004 Debye

     Starting wfc are   32 randomized atomic wfcs

     total cpu time spent up to now is        4.1 secs

     per-process dynamical memory:    78.4 Mb

     Self-consistent Calculation

     iteration #  1     ecut=    50.00 Ry     beta=0.30
     Davidson diagonalization with overlap
     ethr =  1.00E-02,  avg # of iterations =  4.0

     negative rho (up, down):  2.722E-02 2.746E-02

     Magnetic moment per site:
     atom:    1    charge:    9.3402    magn:    0.0384    constr:    0.0000
     atom:    2    charge:    9.3373    magn:    0.0379    constr:    0.0000

     total cpu time spent up to now is        7.7 secs

     total energy              =    -217.97812363 Ry
     Harris-Foulkes estimate   =    -218.16979696 Ry
     estimated scf accuracy    <       0.53469810 Ry

     total magnetization       =     1.00 Bohr mag/cell
     absolute magnetization    =     1.00 Bohr mag/cell

     iteration #  2     ecut=    50.00 Ry     beta=0.30
     Davidson diagonalization with overlap
     ethr =  2.32E-03,  avg # of iterations =  1.5

     negative rho (up, down):  1.238E-02 1.273E-02

     Magnetic moment per site:
     atom:    1    charge:    9.4631    magn:    0.0771    constr:    0.0000
     atom:    2    charge:    9.4606    magn:    0.0766    constr:    0.0000

     total cpu time spent up to now is       11.0 secs

     total energy              =    -217.96704750 Ry
     Harris-Foulkes estimate   =    -218.01261234 Ry
     estimated scf accuracy    <       0.11754971 Ry

     total magnetization       =     1.00 Bohr mag/cell
     absolute magnetization    =     1.01 Bohr mag/cell

     iteration #  3     ecut=    50.00 Ry     beta=0.30
     Davidson diagonalization with overlap
     ethr =  5.11E-04,  avg # of iterations =  2.0

     negative rho (up, down):  6.661E-03 6.985E-03

     Magnetic moment per site:
     atom:    1    charge:    9.4584    magn:    0.0853    constr:    0.0000
     atom:    2    charge:    9.4574    magn:    0.0852    constr:    0.0000

     total cpu time spent up to now is       15.0 secs

     total energy              =    -217.99292937 Ry
     Harris-Foulkes estimate   =    -217.99188349 Ry
     estimated scf accuracy    <       0.00959944 Ry

     total magnetization       =     1.00 Bohr mag/cell
     absolute magnetization    =     1.04 Bohr mag/cell

     iteration #  4     ecut=    50.00 Ry     beta=0.30
     Davidson diagonalization with overlap
     ethr =  4.17E-05,  avg # of iterations =  2.0

     negative rho (up, down):  2.453E-05 2.517E-05

     Magnetic moment per site:
     atom:    1    charge:    9.4775    magn:    0.0979    constr:    0.0000
     atom:    2    charge:    9.4767    magn:    0.0982    constr:    0.0000

     total cpu time spent up to now is       18.3 secs

     total energy              =    -217.99477062 Ry
     Harris-Foulkes estimate   =    -217.99392930 Ry
     estimated scf accuracy    <       0.00275221 Ry

     total magnetization       =     1.00 Bohr mag/cell
     absolute magnetization    =     1.05 Bohr mag/cell

     iteration #  5     ecut=    50.00 Ry     beta=0.30
     Davidson diagonalization with overlap
     ethr =  1.20E-05,  avg # of iterations =  2.5

     negative rho (up, down):  2.099E-05 2.151E-05

     Magnetic moment per site:
     atom:    1    charge:    9.4714    magn:    0.0958    constr:    0.0000
     atom:    2    charge:    9.4707    magn:    0.0961    constr:    0.0000

     total cpu time spent up to now is       21.5 secs

     total energy              =    -217.99514608 Ry
     Harris-Foulkes estimate   =    -217.99525484 Ry
     estimated scf accuracy    <       0.00032943 Ry

     total magnetization       =     1.00 Bohr mag/cell
     absolute magnetization    =     1.08 Bohr mag/cell

     iteration #  6     ecut=    50.00 Ry     beta=0.30
     Davidson diagonalization with overlap
     ethr =  1.43E-06,  avg # of iterations =  2.0

     Magnetic moment per site:
     atom:    1    charge:    9.4667    magn:    0.0930    constr:    0.0000
     atom:    2    charge:    9.4659    magn:    0.0934    constr:    0.0000

     total cpu time spent up to now is       24.5 secs

     total energy              =    -217.99520500 Ry
     Harris-Foulkes estimate   =    -217.99516567 Ry
     estimated scf accuracy    <       0.00003878 Ry

     total magnetization       =     1.00 Bohr mag/cell
     absolute magnetization    =     1.08 Bohr mag/cell

     iteration #  7     ecut=    50.00 Ry     beta=0.30
     Davidson diagonalization with overlap
     ethr =  1.69E-07,  avg # of iterations =  6.0

     Magnetic moment per site:
     atom:    1    charge:    9.4680    magn:    0.0926    constr:    0.0000
     atom:    2    charge:    9.4672    magn:    0.0929    constr:    0.0000

     total cpu time spent up to now is       28.8 secs

     total energy              =    -217.99521932 Ry
     Harris-Foulkes estimate   =    -217.99522726 Ry
     estimated scf accuracy    <       0.00001684 Ry

     total magnetization       =     1.00 Bohr mag/cell
     absolute magnetization    =     1.09 Bohr mag/cell

     iteration #  8     ecut=    50.00 Ry     beta=0.30
     Davidson diagonalization with overlap
     ethr =  7.32E-08,  avg # of iterations =  2.0

     Magnetic moment per site:
     atom:    1    charge:    9.4676    magn:    0.0925    constr:    0.0000
     atom:    2    charge:    9.4668    magn:    0.0928    constr:    0.0000

     total cpu time spent up to now is       32.0 secs

     total energy              =    -217.99522288 Ry
     Harris-Foulkes estimate   =    -217.99522386 Ry
     estimated scf accuracy    <       0.00000026 Ry

     total magnetization       =     1.00 Bohr mag/cell
     absolute magnetization    =     1.09 Bohr mag/cell

     iteration #  9     ecut=    50.00 Ry     beta=0.30
     Davidson diagonalization with overlap
     ethr =  1.12E-09,  avg # of iterations =  2.5

     Magnetic moment per site:
     atom:    1    charge:    9.4679    magn:    0.0925    constr:    0.0000
     atom:    2    charge:    9.4671    magn:    0.0928    constr:    0.0000

     total cpu time spent up to now is       35.9 secs

     total energy              =    -217.99522370 Ry
     Harris-Foulkes estimate   =    -217.99522444 Ry
     estimated scf accuracy    <       0.00000064 Ry

     total magnetization       =     1.00 Bohr mag/cell
     absolute magnetization    =     1.09 Bohr mag/cell

     iteration # 10     ecut=    50.00 Ry     beta=0.30
     Davidson diagonalization with overlap
     ethr =  1.12E-09,  avg # of iterations =  3.0

     reference position (x0):         9.44863066    9.44863066   15.11780906 bohr
     Total charge   1.0000
     Total dipole moment  -0.0004  -0.0004  -0.0828 au (Ha),  -0.0010  -0.0010  -0.2104 Debye

       I         D           A         Val      Target            Str
       1 0.108E+01   0.106E+01   0.204E-01   0.000E+00   0.000000E+00
     Image interaction energy: -0.664E-01 [Ry] Change: -0.145E-03 [Ry] Tolerance:  0.100E-04 [Ry]

     Magnetic moment per site:
     atom:    1    charge:    9.4679    magn:    0.0925    constr:    0.0000
     atom:    2    charge:    9.4671    magn:    0.0928    constr:    0.0000

     total cpu time spent up to now is       39.7 secs

     total energy              =    -217.99522439 Ry
     Harris-Foulkes estimate   =    -217.99522419 Ry
     estimated scf accuracy    <       0.00000005 Ry

     total magnetization       =     1.00 Bohr mag/cell
     absolute magnetization    =     1.09 Bohr mag/cell

     iteration # 11     ecut=    50.00 Ry     beta=0.30
     Davidson diagonalization with overlap
     ethr =  2.20E-10,  avg # of iterations =  1.0

     reference position (x0):         9.44863066    9.44863066   15.11780906 bohr
     Total charge   1.0000
     Total dipole moment  -0.0004  -0.0004  -0.0828 au (Ha),  -0.0010  -0.0010  -0.2104 Debye

       I         D           A         Val      Target            Str
       1 0.108E+01   0.106E+01   0.204E-01   0.000E+00   0.000000E+00
     Image interaction energy: -0.664E-01 [Ry] Change:  0.427E-08 [Ry] Tolerance:  0.100E-04 [Ry]

     reference position (x0):         9.44863066    9.44863066   15.11780906 bohr
     Total charge   1.0000
     Total dipole moment  -0.0004  -0.0004  -0.0828 au (Ha),  -0.0010  -0.0010  -0.2104 Debye


     Magnetic moment per site:
     atom:    1    charge:    9.4678    magn:    0.0925    constr:    0.0000
     atom:    2    charge:    9.4670    magn:    0.0929    constr:    0.0000

     total cpu time spent up to now is       42.4 secs

     End of self-consistent calculation

 ------ SPIN UP ------------


          k = 0.0000 0.0000 0.0000 ( 34896 PWs)   bands (ev):

   -14.5834   -13.8725   -13.8725   -13.0984   -13.0944   -12.8681   -12.8510   -12.6392
   -12.6392   -12.5883   -10.6336    -6.7905    -4.0002    -3.1762
     occupation numbers 
     1.0000   1.0000   1.0000   1.0000   1.0000   1.0000   1.0000   1.0000
     1.0000   1.0000   1.0000   1.0000   0.0000   0.0000

 ------ SPIN DOWN ----------


          k = 0.0000 0.0000 0.0000 ( 34896 PWs)   bands (ev):

   -14.4521   -13.7635   -13.7634   -13.0201   -13.0159   -12.7890   -12.7719   -12.4847
   -12.4847   -12.4015   -10.3891    -5.8652    -3.6468    -3.6468
     occupation numbers 
     1.0000   1.0000   1.0000   1.0000   1.0000   1.0000   1.0000   1.0000
     1.0000   1.0000   1.0000   0.0000   0.0000   0.0000

     highest occupied level (ev):    -6.7905

     reference position (x0):         9.44863066    9.44863066   15.11780906 bohr
     Total charge   1.0000
     Total dipole moment  -0.0004  -0.0004  -0.0828 au (Ha),  -0.0010  -0.0010  -0.2104 Debye

       I         D           A         Val      Target            Str
       1 0.108E+01   0.106E+01   0.204E-01   0.000E+00   0.000000E+00
     Image interaction energy: -0.664E-01 [Ry] Change:  0.427E-08 [Ry] Tolerance:  0.100E-04 [Ry]

!    total energy              =    -217.99523410 Ry
     Harris-Foulkes estimate   =    -217.99522419 Ry
     estimated scf accuracy    <       0.00000005 Ry

     The total energy is the sum of the following terms:

     one-electron contribution =    -400.00130568 Ry
     hartree contribution      =     209.59493850 Ry
     xc contribution           =     -32.48749023 Ry
     ewald contribution        =       4.90223735 Ry
     CDFT correction           =      -0.00000000 Ry
     scf correction            =      -0.00361403 Ry

     total magnetization       =     1.00 Bohr mag/cell
     absolute magnetization    =     1.09 Bohr mag/cell

     convergence has been achieved in  11 iterations

     Writing output data file left.save

     init_run     :      3.55s CPU      4.07s WALL (       1 calls)
     electrons    :     35.66s CPU     39.03s WALL (       1 calls)

     Called by init_run:
     wfcinit      :      1.27s CPU      1.34s WALL (       1 calls)
     potinit      :      1.52s CPU      1.93s WALL (       1 calls)

     Called by electrons:
     c_bands      :     17.10s CPU     18.60s WALL (      11 calls)
     sum_band     :      4.48s CPU      4.90s WALL (      11 calls)
     v_of_rho     :     10.86s CPU     12.13s WALL (      11 calls)
     v_h          :      0.35s CPU      0.42s WALL (      11 calls)
     v_xc         :     10.50s CPU     11.72s WALL (      11 calls)
     mix_rho      :      1.49s CPU      1.62s WALL (      11 calls)

     Called by c_bands:
     init_us_2    :      0.36s CPU      0.37s WALL (      46 calls)
     regterg      :     16.35s CPU     17.82s WALL (      22 calls)

     Called by sum_band:

     Called by *egterg:
     h_psi        :     16.08s CPU     17.49s WALL (      81 calls)
     g_psi        :      0.06s CPU      0.06s WALL (      57 calls)
     rdiaghg      :      0.04s CPU      0.05s WALL (      79 calls)
     regterg:over :      0.48s CPU      0.56s WALL (      57 calls)
     regterg:upda :      0.30s CPU      0.31s WALL (      57 calls)
     regterg:last :      0.12s CPU      0.12s WALL (      22 calls)

     Called by h_psi:
     h_psi:vloc   :     15.31s CPU     16.60s WALL (      81 calls)
     h_psi:vnl    :      0.70s CPU      0.82s WALL (      81 calls)
     add_vuspsi   :      0.33s CPU      0.41s WALL (      81 calls)

     General routines
     calbec       :      0.37s CPU      0.41s WALL (      81 calls)
     fft          :      8.15s CPU      9.40s WALL (     292 calls)
     fftw         :     15.32s CPU     16.74s WALL (    1054 calls)

     Parallel routines
     fft_scatter  :     13.09s CPU     14.65s WALL (    1346 calls)

     PWSCF        :    39.44s CPU        43.41s WALL


   This run was terminated on:  14:28:27  10May2016            

=------------------------------------------------------------------------------=
   JOB DONE.
=------------------------------------------------------------------------------=
