
     Program PWSCF v.5.1.1 starts on 10May2016 at 14:28:28 

     This program is part of the open-source Quantum ESPRESSO suite
     for quantum simulation of materials; please cite
         "P. Giannozzi et al., J. Phys.:Condens. Matter 21 395502 (2009);
          URL http://www.quantum-espresso.org", 
     in publications or presentations arising from this work. More details at
     http://www.quantum-espresso.org/quote

     Parallel version (MPI), running on     4 processors
     R & G space division:  proc/nbgrp/npool/nimage =       4
     Waiting for input...
     Reading input from standard input
 Reading EPCDFT CARD. Printing based upon belief that input should be reproducable from output.
     Reading   1 constraint(s); tolerance:  100.000000 max change in field 0.01
     epcdft_update_intrvl: 100
     epcdft with surface: T
          constraint           type   A   A   D   D      T      L
                   1  delta_charge    1   1   2   2 0.0000 0.0000

     Current dimensions of program PWSCF are:
     Max number of different atomic species (ntypx) = 10
     Max number of k-points (npk) =  40000
     Max angular momentum in pseudopotentials (lmaxx) =  3
               file Zn.pbe-mt_fhi.UPF: wavefunction(s)  4p 4f renormalized

     gamma-point specific algorithms are used
     Message from routine setup:
     the system is metallic, specify occupations

     Subspace diagonalization in iterative solution of the eigenvalue problem:
     a serial algorithm will be used


     Parallelization info
     --------------------
     sticks:   dense  smooth     PW     G-vecs:    dense   smooth      PW
     Min        2047    2047    512               139165   139165   17446
     Max        2052    2052    514               139168   139168   17450
     Sum        8197    8197   2053               556667   556667   69791
     Tot        4099    4099   1027

     Generating pointlists ...
     new r_m :   0.0688 (alat units)  1.5590 (a.u.) for type    1


     bravais-lattice index     =            1
     lattice parameter (alat)  =      22.6767  a.u.
     unit-cell volume          =   11661.1222 (a.u.)^3
     number of atoms/cell      =            2
     number of atomic types    =            1
     number of electrons       =        23.00 (up:  12.00, down:  11.00)
     number of Kohn-Sham states=           14
     kinetic-energy cutoff     =      50.0000  Ry
     charge density cutoff     =     200.0000  Ry
     convergence threshold     =      1.0E-07
     mixing beta               =       0.3000
     number of iterations used =            8  plain     mixing
     Exchange-correlation      = PBE ( 1  4  3  4 0 0)

     celldm(1)=  22.676714  celldm(2)=   0.000000  celldm(3)=   0.000000
     celldm(4)=   0.000000  celldm(5)=   0.000000  celldm(6)=   0.000000

     crystal axes: (cart. coord. in units of alat)
               a(1) = (   1.000000   0.000000   0.000000 )  
               a(2) = (   0.000000   1.000000   0.000000 )  
               a(3) = (   0.000000   0.000000   1.000000 )  

     reciprocal axes: (cart. coord. in units 2 pi/alat)
               b(1) = (  1.000000  0.000000  0.000000 )  
               b(2) = (  0.000000  1.000000  0.000000 )  
               b(3) = (  0.000000  0.000000  1.000000 )  


     PseudoPot. # 1 for Zn read from file:
     ../../pseudo/Zn.pbe-mt_fhi.UPF
     MD5 check sum: 5596c9f2b89b9f7367257e7ea958b26e
     Pseudo is Norm-conserving, Zval = 12.0
     Generated using FHI98PP, converted with fhi2upf.x v.5.0.2
     Using radial grid of  527 points,  3 beta functions with: 
                l(1) =   1
                l(2) =   2
                l(3) =   3

     atomic species   valence    mass     pseudopotential
        Zn            12.00    65.39000     Zn( 1.00)

     Starting magnetic structure 
     atomic species   magnetization
        Zn           0.000

     No symmetry found


                                    s                        frac. trans.

      isym =  1     identity                                     

 cryst.   s( 1) = (     1          0          0      )
                  (     0          1          0      )
                  (     0          0          1      )

 cart.    s( 1) = (  1.0000000  0.0000000  0.0000000 )
                  (  0.0000000  1.0000000  0.0000000 )
                  (  0.0000000  0.0000000  1.0000000 )


     point group C_1 (1)    
     there are  1 classes
     the character table:

       E    
A      1.00

     the symmetry operations in each class:
     E        1

   Cartesian axes

     site n.     atom                  positions (alat units)
         1           Zn  tau(   1) = (   0.4166667   0.4166667   0.8333333  )
         2           Zn  tau(   2) = (   0.4166667   0.4166667   0.6666667  )

   Crystallographic axes

     site n.     atom                  positions (cryst. coord.)
         1           Zn  tau(   1) = (  0.4166667  0.4166667  0.8333333  )
         2           Zn  tau(   2) = (  0.4166667  0.4166667  0.6666667  )

     number of k points=     2
                       cart. coord. in units 2pi/alat
        k(    1) = (   0.0000000   0.0000000   0.0000000), wk =   1.0000000
        k(    2) = (   0.0000000   0.0000000   0.0000000), wk =   1.0000000

                       cryst. coord.
        k(    1) = (   0.0000000   0.0000000   0.0000000), wk =   1.0000000
        k(    2) = (   0.0000000   0.0000000   0.0000000), wk =   1.0000000

     Dense  grid:   278334 G-vectors     FFT dimensions: ( 108, 108, 108)

     Largest allocated arrays     est. size (Mb)     dimensions
        Kohn-Sham Wavefunctions         1.86 Mb     (    8725,   14)
        NL pseudopotentials             3.99 Mb     (    8725,   30)
        Each V/rho on FFT grid          9.61 Mb     (  314928,   2)
        Each G-vector array             0.53 Mb     (   69584)
        G-vector shells                 0.02 Mb     (    2154)
     Largest temporary arrays     est. size (Mb)     dimensions
        Auxiliary wavefunctions         3.73 Mb     (    8725,   56)
        Each subspace H/S matrix        0.02 Mb     (      56,   56)
        Each <psi_i|beta_j> matrix      0.00 Mb     (      30,   14)
        Arrays for rho mixing          38.44 Mb     (  314928,    8)

     Initial potential from superposition of free atoms
     Check: negative starting charge=(component1):   -0.041597
     Check: negative starting charge=(component2):   -0.041597

     starting charge   23.99975, renormalised to   23.00000

     negative rho (up, down):  3.986E-02 3.986E-02
     
     Adding image charge field due to neutral metal slab at origin in XY plane.
     Including monopole and dipole terms.
     Quadrupole not implemented yet.
     System should not overlap with cell edges.
     

     reference position (x0):         9.44863066    9.44863066   17.00753520 bohr
     Total charge   1.0000
     Total dipole moment   0.0004   0.0004  -0.0002 au (Ha),   0.0010   0.0010  -0.0004 Debye


     First surface image interaction energy:-0.572E-01[Ry]


     reference position (x0):         9.44863066    9.44863066   17.00753520 bohr
     Total charge   1.0000
     Total dipole moment   0.0004   0.0004  -0.0002 au (Ha),   0.0010   0.0010  -0.0004 Debye

     Starting wfc are   32 randomized atomic wfcs

     total cpu time spent up to now is        3.8 secs

     per-process dynamical memory:    78.3 Mb

     Self-consistent Calculation

     iteration #  1     ecut=    50.00 Ry     beta=0.30
     Davidson diagonalization with overlap
     ethr =  1.00E-02,  avg # of iterations =  4.0

     negative rho (up, down):  2.723E-02 2.746E-02

     Magnetic moment per site:
     atom:    1    charge:    9.3399    magn:    0.0384    constr:    0.0000
     atom:    2    charge:    9.3377    magn:    0.0381    constr:    0.0000

     total cpu time spent up to now is        7.7 secs

     total energy              =    -217.97809911 Ry
     Harris-Foulkes estimate   =    -218.17068877 Ry
     estimated scf accuracy    <       0.53491556 Ry

     total magnetization       =     1.00 Bohr mag/cell
     absolute magnetization    =     1.00 Bohr mag/cell

     iteration #  2     ecut=    50.00 Ry     beta=0.30
     Davidson diagonalization with overlap
     ethr =  2.33E-03,  avg # of iterations =  1.0

     negative rho (up, down):  1.228E-02 1.262E-02

     Magnetic moment per site:
     atom:    1    charge:    9.4652    magn:    0.0787    constr:    0.0000
     atom:    2    charge:    9.4630    magn:    0.0782    constr:    0.0000

     total cpu time spent up to now is       10.6 secs

     total energy              =    -217.96463394 Ry
     Harris-Foulkes estimate   =    -218.01260554 Ry
     estimated scf accuracy    <       0.11981150 Ry

     total magnetization       =     1.00 Bohr mag/cell
     absolute magnetization    =     1.01 Bohr mag/cell

     iteration #  3     ecut=    50.00 Ry     beta=0.30
     Davidson diagonalization with overlap
     ethr =  5.21E-04,  avg # of iterations =  2.0

     negative rho (up, down):  6.861E-03 7.177E-03

     Magnetic moment per site:
     atom:    1    charge:    9.4575    magn:    0.0857    constr:    0.0000
     atom:    2    charge:    9.4563    magn:    0.0856    constr:    0.0000

     total cpu time spent up to now is       13.8 secs

     total energy              =    -217.99263030 Ry
     Harris-Foulkes estimate   =    -217.99204421 Ry
     estimated scf accuracy    <       0.00994644 Ry

     total magnetization       =     1.00 Bohr mag/cell
     absolute magnetization    =     1.04 Bohr mag/cell

     iteration #  4     ecut=    50.00 Ry     beta=0.30
     Davidson diagonalization with overlap
     ethr =  4.32E-05,  avg # of iterations =  2.0

     negative rho (up, down):  2.632E-05 2.697E-05

     Magnetic moment per site:
     atom:    1    charge:    9.4791    magn:    0.0986    constr:    0.0000
     atom:    2    charge:    9.4781    magn:    0.0988    constr:    0.0000

     total cpu time spent up to now is       17.4 secs

     total energy              =    -217.99468033 Ry
     Harris-Foulkes estimate   =    -217.99399248 Ry
     estimated scf accuracy    <       0.00303222 Ry

     total magnetization       =     1.00 Bohr mag/cell
     absolute magnetization    =     1.05 Bohr mag/cell

     iteration #  5     ecut=    50.00 Ry     beta=0.30
     Davidson diagonalization with overlap
     ethr =  1.32E-05,  avg # of iterations =  2.0

     negative rho (up, down):  1.499E-05 1.532E-05

     Magnetic moment per site:
     atom:    1    charge:    9.4717    magn:    0.0961    constr:    0.0000
     atom:    2    charge:    9.4706    magn:    0.0964    constr:    0.0000

     total cpu time spent up to now is       20.5 secs

     total energy              =    -217.99515586 Ry
     Harris-Foulkes estimate   =    -217.99530664 Ry
     estimated scf accuracy    <       0.00051947 Ry

     total magnetization       =     1.00 Bohr mag/cell
     absolute magnetization    =     1.08 Bohr mag/cell

     iteration #  6     ecut=    50.00 Ry     beta=0.30
     Davidson diagonalization with overlap
     ethr =  2.26E-06,  avg # of iterations =  2.0

     Magnetic moment per site:
     atom:    1    charge:    9.4684    magn:    0.0938    constr:    0.0000
     atom:    2    charge:    9.4673    magn:    0.0941    constr:    0.0000

     total cpu time spent up to now is       23.7 secs

     total energy              =    -217.99523760 Ry
     Harris-Foulkes estimate   =    -217.99517395 Ry
     estimated scf accuracy    <       0.00003736 Ry

     total magnetization       =     1.00 Bohr mag/cell
     absolute magnetization    =     1.08 Bohr mag/cell

     iteration #  7     ecut=    50.00 Ry     beta=0.30
     Davidson diagonalization with overlap
     ethr =  1.62E-07,  avg # of iterations =  6.0

     Magnetic moment per site:
     atom:    1    charge:    9.4680    magn:    0.0930    constr:    0.0000
     atom:    2    charge:    9.4669    magn:    0.0933    constr:    0.0000

     total cpu time spent up to now is       27.7 secs

     total energy              =    -217.99524725 Ry
     Harris-Foulkes estimate   =    -217.99524147 Ry
     estimated scf accuracy    <       0.00000498 Ry

     total magnetization       =     1.00 Bohr mag/cell
     absolute magnetization    =     1.09 Bohr mag/cell

     iteration #  8     ecut=    50.00 Ry     beta=0.30
     Davidson diagonalization with overlap
     ethr =  2.17E-08,  avg # of iterations =  2.5

     Magnetic moment per site:
     atom:    1    charge:    9.4681    magn:    0.0929    constr:    0.0000
     atom:    2    charge:    9.4671    magn:    0.0933    constr:    0.0000

     total cpu time spent up to now is       30.8 secs

     total energy              =    -217.99524655 Ry
     Harris-Foulkes estimate   =    -217.99525113 Ry
     estimated scf accuracy    <       0.00000085 Ry

     total magnetization       =     1.00 Bohr mag/cell
     absolute magnetization    =     1.09 Bohr mag/cell

     iteration #  9     ecut=    50.00 Ry     beta=0.30
     Davidson diagonalization with overlap
     ethr =  3.69E-09,  avg # of iterations =  1.5

     Magnetic moment per site:
     atom:    1    charge:    9.4683    magn:    0.0928    constr:    0.0000
     atom:    2    charge:    9.4672    magn:    0.0931    constr:    0.0000

     total cpu time spent up to now is       34.3 secs

     total energy              =    -217.99524740 Ry
     Harris-Foulkes estimate   =    -217.99524903 Ry
     estimated scf accuracy    <       0.00000024 Ry

     total magnetization       =     1.00 Bohr mag/cell
     absolute magnetization    =     1.09 Bohr mag/cell

     iteration # 10     ecut=    50.00 Ry     beta=0.30
     Davidson diagonalization with overlap
     ethr =  1.06E-09,  avg # of iterations =  3.0

     reference position (x0):         9.44863066    9.44863066   17.00753520 bohr
     Total charge   1.0000
     Total dipole moment  -0.0004  -0.0004  -0.0445 au (Ha),  -0.0010  -0.0011  -0.1131 Debye

       I         D           A         Val      Target            Str
       1 0.107E+01   0.106E+01   0.127E-01   0.000E+00   0.000000E+00
     Image interaction energy: -0.581E-01 [Ry] Change: -0.872E-03 [Ry] Tolerance:  0.100E-04 [Ry]

     Magnetic moment per site:
     atom:    1    charge:    9.4683    magn:    0.0928    constr:    0.0000
     atom:    2    charge:    9.4672    magn:    0.0931    constr:    0.0000

     total cpu time spent up to now is       39.0 secs

     total energy              =    -217.99524795 Ry
     Harris-Foulkes estimate   =    -217.99524760 Ry
     estimated scf accuracy    <       0.00000003 Ry

     total magnetization       =     1.00 Bohr mag/cell
     absolute magnetization    =     1.09 Bohr mag/cell

     iteration # 11     ecut=    50.00 Ry     beta=0.30
     Davidson diagonalization with overlap
     ethr =  1.12E-10,  avg # of iterations =  1.0

     reference position (x0):         9.44863066    9.44863066   17.00753520 bohr
     Total charge   1.0000
     Total dipole moment  -0.0004  -0.0004  -0.0445 au (Ha),  -0.0010  -0.0011  -0.1131 Debye

       I         D           A         Val      Target            Str
       1 0.107E+01   0.106E+01   0.127E-01   0.000E+00   0.000000E+00
     Image interaction energy: -0.581E-01 [Ry] Change:  0.116E-07 [Ry] Tolerance:  0.100E-04 [Ry]

     reference position (x0):         9.44863066    9.44863066   17.00753520 bohr
     Total charge   1.0000
     Total dipole moment  -0.0004  -0.0004  -0.0445 au (Ha),  -0.0010  -0.0011  -0.1131 Debye


     Magnetic moment per site:
     atom:    1    charge:    9.4682    magn:    0.0928    constr:    0.0000
     atom:    2    charge:    9.4671    magn:    0.0932    constr:    0.0000

     total cpu time spent up to now is       41.9 secs

     End of self-consistent calculation

 ------ SPIN UP ------------


          k = 0.0000 0.0000 0.0000 ( 34896 PWs)   bands (ev):

   -14.6757   -13.9648   -13.9648   -13.1907   -13.1867   -12.9603   -12.9431   -12.7316
   -12.7316   -12.6808   -10.7265    -6.8779    -4.0927    -3.2419
     occupation numbers 
     1.0000   1.0000   1.0000   1.0000   1.0000   1.0000   1.0000   1.0000
     1.0000   1.0000   1.0000   1.0000   0.0000   0.0000

 ------ SPIN DOWN ----------


          k = 0.0000 0.0000 0.0000 ( 34896 PWs)   bands (ev):

   -14.5441   -13.8554   -13.8554   -13.1123   -13.1081   -12.8810   -12.8639   -12.5766
   -12.5766   -12.4933   -10.4816    -5.9521    -3.7389    -3.7389
     occupation numbers 
     1.0000   1.0000   1.0000   1.0000   1.0000   1.0000   1.0000   1.0000
     1.0000   1.0000   1.0000   0.0000   0.0000   0.0000

     highest occupied level (ev):    -6.8779

     reference position (x0):         9.44863066    9.44863066   17.00753520 bohr
     Total charge   1.0000
     Total dipole moment  -0.0004  -0.0004  -0.0445 au (Ha),  -0.0010  -0.0011  -0.1131 Debye

       I         D           A         Val      Target            Str
       1 0.107E+01   0.106E+01   0.127E-01   0.000E+00   0.000000E+00
     Image interaction energy: -0.581E-01 [Ry] Change:  0.116E-07 [Ry] Tolerance:  0.100E-04 [Ry]

!    total energy              =    -217.99528143 Ry
     Harris-Foulkes estimate   =    -217.99524760 Ry
     estimated scf accuracy    <       0.00000003 Ry

     The total energy is the sum of the following terms:

     one-electron contribution =    -400.01602437 Ry
     hartree contribution      =     209.60961736 Ry
     xc contribution           =     -32.48835658 Ry
     ewald contribution        =       4.90223735 Ry
     CDFT correction           =      -0.00000000 Ry
     scf correction            =      -0.00275519 Ry

     total magnetization       =     1.00 Bohr mag/cell
     absolute magnetization    =     1.09 Bohr mag/cell

     convergence has been achieved in  11 iterations

     Writing output data file left.save

     init_run     :      3.71s CPU      3.80s WALL (       1 calls)
     electrons    :     36.43s CPU     38.85s WALL (       1 calls)

     Called by init_run:
     wfcinit      :      1.26s CPU      1.29s WALL (       1 calls)
     potinit      :      1.76s CPU      1.80s WALL (       1 calls)

     Called by electrons:
     c_bands      :     16.91s CPU     17.83s WALL (      11 calls)
     sum_band     :      4.88s CPU      5.05s WALL (      11 calls)
     v_of_rho     :     11.45s CPU     12.21s WALL (      11 calls)
     v_h          :      0.37s CPU      0.37s WALL (      11 calls)
     v_xc         :     11.08s CPU     11.84s WALL (      11 calls)
     mix_rho      :      1.59s CPU      1.63s WALL (      11 calls)

     Called by c_bands:
     init_us_2    :      0.36s CPU      0.36s WALL (      46 calls)
     regterg      :     16.16s CPU     17.03s WALL (      22 calls)

     Called by sum_band:

     Called by *egterg:
     h_psi        :     15.85s CPU     16.66s WALL (      78 calls)
     g_psi        :      0.06s CPU      0.06s WALL (      54 calls)
     rdiaghg      :      0.04s CPU      0.04s WALL (      76 calls)
     regterg:over :      0.52s CPU      0.54s WALL (      54 calls)
     regterg:upda :      0.27s CPU      0.28s WALL (      54 calls)
     regterg:last :      0.11s CPU      0.11s WALL (      22 calls)

     Called by h_psi:
     h_psi:vloc   :     15.04s CPU     15.84s WALL (      78 calls)
     h_psi:vnl    :      0.74s CPU      0.75s WALL (      78 calls)
     add_vuspsi   :      0.32s CPU      0.32s WALL (      78 calls)

     General routines
     calbec       :      0.43s CPU      0.43s WALL (      78 calls)
     fft          :      8.35s CPU      9.05s WALL (     292 calls)
     fftw         :     15.47s CPU     16.24s WALL (    1018 calls)

     Parallel routines
     fft_scatter  :     13.77s CPU     14.79s WALL (    1310 calls)

     PWSCF        :    40.39s CPU        42.95s WALL


   This run was terminated on:  14:29:11  10May2016            

=------------------------------------------------------------------------------=
   JOB DONE.
=------------------------------------------------------------------------------=
