
     Program PWSCF v.5.1.1 starts on 10Jun2015 at 12: 3:22 

     This program is part of the open-source Quantum ESPRESSO suite
     for quantum simulation of materials; please cite
         "P. Giannozzi et al., J. Phys.:Condens. Matter 21 395502 (2009);
          URL http://www.quantum-espresso.org", 
     in publications or presentations arising from this work. More details at
     http://www.quantum-espresso.org/quote

     Parallel version (MPI & OpenMP), running on       8 processor cores
     Number of MPI processes:                 8
     Threads/MPI process:                     1
     R & G space division:  proc/nbgrp/npool/nimage =       8
     Waiting for input...
     Reading input from standard input
Warning: card &IONS ignored
Warning: card / ignored

     Current dimensions of program PWSCF are:
     Max number of different atomic species (ntypx) = 10
     Max number of k-points (npk) =  40000
     Max angular momentum in pseudopotentials (lmaxx) =  3
               file Zn.pbe-mt_fhi.UPF: wavefunction(s)  4p 4f renormalized

     gamma-point specific algorithms are used
     Message from routine setup:
     the system is metallic, specify occupations

     Subspace diagonalization in iterative solution of the eigenvalue problem:
     scalapack distributed-memory algorithm (size of sub-group:  2*  2 procs)

     Found symmetry operation: I + ( -0.5000  0.0000  0.0000)
     This is a supercell, fractional translations are disabled
 
     Parallelization info
     --------------------
     sticks:   dense  smooth     PW     G-vecs:    dense   smooth      PW
     Min         851     851    212                52960    52960    6612
     Max         854     854    214                52966    52966    6618
     Sum        6817    6817   1701               423701   423701   52923
     Tot        3409    3409    851
 
     Generating pointlists ...
     new r_m :   0.2063 (alat units)  3.8976 (a.u.) for type    1


     bravais-lattice index     =            1
     lattice parameter (alat)  =      18.8973  a.u.
     unit-cell volume          =    6748.3346 (a.u.)^3
     number of atoms/cell      =            2
     number of atomic types    =            1
     number of electrons       =        23.00 (up:  12.00, down:  11.00)
     number of Kohn-Sham states=           12
     kinetic-energy cutoff     =      60.0000  Ry
     charge density cutoff     =     240.0000  Ry
     convergence threshold     =      1.0E-08
     mixing beta               =       0.3000
     number of iterations used =            8  plain     mixing
     Exchange-correlation      = PBE ( 1  4  3  4 0 0)

     celldm(1)=  18.897261  celldm(2)=   0.000000  celldm(3)=   0.000000
     celldm(4)=   0.000000  celldm(5)=   0.000000  celldm(6)=   0.000000

     crystal axes: (cart. coord. in units of alat)
               a(1) = (   1.000000   0.000000   0.000000 )  
               a(2) = (   0.000000   1.000000   0.000000 )  
               a(3) = (   0.000000   0.000000   1.000000 )  

     reciprocal axes: (cart. coord. in units 2 pi/alat)
               b(1) = (  1.000000  0.000000  0.000000 )  
               b(2) = (  0.000000  1.000000  0.000000 )  
               b(3) = (  0.000000  0.000000  1.000000 )  


     PseudoPot. # 1 for Zn read from file:
     /home/matt/espresso/pseudo/Zn.pbe-mt_fhi.UPF
     MD5 check sum: 5596c9f2b89b9f7367257e7ea958b26e
     Pseudo is Norm-conserving, Zval = 12.0
     Generated using FHI98PP, converted with fhi2upf.x v.5.0.2
     Using radial grid of  527 points,  3 beta functions with: 
                l(1) =   1
                l(2) =   2
                l(3) =   3

     atomic species   valence    mass     pseudopotential
        Zn            12.00    65.39000     Zn( 1.00)

     Starting magnetic structure 
     atomic species   magnetization
        Zn           0.000

     No symmetry found


                                    s                        frac. trans.

      isym =  1     identity                                     

 cryst.   s( 1) = (     1          0          0      )
                  (     0          1          0      )
                  (     0          0          1      )

 cart.    s( 1) = (  1.0000000  0.0000000  0.0000000 )
                  (  0.0000000  1.0000000  0.0000000 )
                  (  0.0000000  0.0000000  1.0000000 )


     point group C_1 (1)    
     there are  1 classes
     the character table:

       E    
A      1.00

     the symmetry operations in each class:
     E        1

   Cartesian axes

     site n.     atom                  positions (alat units)
         1           Zn  tau(   1) = (   0.0000000   0.0000000   0.0000000  )
         2           Zn  tau(   2) = (   0.5000000   0.0000000   0.0000000  )

   Crystallographic axes

     site n.     atom                  positions (cryst. coord.)
         1           Zn  tau(   1) = (  0.0000000  0.0000000  0.0000000  )
         2           Zn  tau(   2) = (  0.5000000  0.0000000  0.0000000  )

     number of k points=     2
                       cart. coord. in units 2pi/alat
        k(    1) = (   0.0000000   0.0000000   0.0000000), wk =   1.0000000
        k(    2) = (   0.0000000   0.0000000   0.0000000), wk =   1.0000000

                       cryst. coord.
        k(    1) = (   0.0000000   0.0000000   0.0000000), wk =   1.0000000
        k(    2) = (   0.0000000   0.0000000   0.0000000), wk =   1.0000000

     Dense  grid:   211851 G-vectors     FFT dimensions: (  96,  96,  96)

     Largest allocated arrays     est. size (Mb)     dimensions
        Kohn-Sham Wavefunctions         0.61 Mb     (    3308,   12)
        NL pseudopotentials             1.51 Mb     (    3308,   30)
        Each V/rho on FFT grid          3.38 Mb     (  110592,   2)
        Each G-vector array             0.20 Mb     (   26482)
        G-vector shells                 0.01 Mb     (    1749)
     Largest temporary arrays     est. size (Mb)     dimensions
        Auxiliary wavefunctions         1.21 Mb     (    3308,   48)
        Each subspace H/S matrix        0.00 Mb     (      24,   24)
        Each <psi_i|beta_j> matrix      0.00 Mb     (      30,   12)
        Arrays for rho mixing          13.50 Mb     (  110592,    8)
 
     Using Voronoi cells
     Adding the potential well
        Amplitude [Ry a.u.] : -3.8717E-01
        Fragment start :           1
        Fragment end   :           1
 

     Initial potential from superposition of free atoms
     Check: negative starting charge=(component1):   -0.000227
     Check: negative starting charge=(component2):   -0.000227

     starting charge   23.99975, renormalised to   23.00000

     negative rho (up, down):  2.175E-04 2.175E-04
     Starting wfc are   32 randomized atomic wfcs

     total cpu time spent up to now is        1.8 secs

     per-process dynamical memory:    35.6 Mb

     Self-consistent Calculation

     iteration #  1     ecut=    60.00 Ry     beta=0.30
     Davidson diagonalization with overlap
     ethr =  1.00E-02,  avg # of iterations =  2.0

     negative rho (up, down):  1.174E-04 1.243E-04
 
     Magnetic moment per site:
     atom:    1    charge:   11.5081    magn:    0.0008    constr:    0.0000
     atom:    2    charge:   11.2171    magn:    0.2854    constr:    0.0000

     total cpu time spent up to now is        3.4 secs

     The total energy is the sum of the following terms:

     one-electron contribution =    -318.88557865 Ry
     hartree contribution      =     161.25855480 Ry
     xc contribution           =     -31.76244226 Ry
     ewald contribution        =     -44.70331250 Ry

     total energy              =    -224.85639506 Ry
     Harris-Foulkes estimate   =    -225.12263368 Ry
     estimated scf accuracy    <       0.63054836 Ry

     total magnetization       =     1.00 Bohr mag/cell
     absolute magnetization    =     1.00 Bohr mag/cell

     iteration #  2     ecut=    60.00 Ry     beta=0.30
     Davidson diagonalization with overlap
     ethr =  2.74E-03,  avg # of iterations =  2.0

     negative rho (up, down):  1.816E-05 2.229E-05
 
     Magnetic moment per site:
     atom:    1    charge:   11.7365    magn:    0.0022    constr:    0.0000
     atom:    2    charge:   11.0595    magn:    0.6795    constr:    0.0000

     total cpu time spent up to now is        4.8 secs

     The total energy is the sum of the following terms:

     one-electron contribution =    -316.13790282 Ry
     hartree contribution      =     165.83404423 Ry
     xc contribution           =     -32.47515485 Ry
     ewald contribution        =     -44.70331250 Ry

     total energy              =    -224.78301597 Ry
     Harris-Foulkes estimate   =    -224.88863449 Ry
     estimated scf accuracy    <       0.16703656 Ry

     total magnetization       =     1.00 Bohr mag/cell
     absolute magnetization    =     1.00 Bohr mag/cell

     iteration #  3     ecut=    60.00 Ry     beta=0.30
     Davidson diagonalization with overlap
     ethr =  7.26E-04,  avg # of iterations =  3.0

     negative rho (up, down):  1.651E-06 2.250E-06
 
     Magnetic moment per site:
     atom:    1    charge:   11.7786    magn:    0.0054    constr:    0.0000
     atom:    2    charge:   11.0028    magn:    0.8266    constr:    0.0000

     total cpu time spent up to now is        6.4 secs

     The total energy is the sum of the following terms:

     one-electron contribution =    -312.60637124 Ry
     hartree contribution      =     164.54761530 Ry
     xc contribution           =     -32.29995549 Ry
     ewald contribution        =     -44.70331250 Ry

     total energy              =    -224.81873739 Ry
     Harris-Foulkes estimate   =    -224.82182022 Ry
     estimated scf accuracy    <       0.00953780 Ry

     total magnetization       =     1.00 Bohr mag/cell
     absolute magnetization    =     1.01 Bohr mag/cell

     iteration #  4     ecut=    60.00 Ry     beta=0.30
     Davidson diagonalization with overlap
     ethr =  4.15E-05,  avg # of iterations =  2.0

     negative rho (up, down):  2.098E-08 3.350E-08
 
     Magnetic moment per site:
     atom:    1    charge:   11.8230    magn:    0.0060    constr:    0.0000
     atom:    2    charge:   10.9695    magn:    0.9137    constr:    0.0000

     total cpu time spent up to now is        7.9 secs

     The total energy is the sum of the following terms:

     one-electron contribution =    -313.69764558 Ry
     hartree contribution      =     165.43980685 Ry
     xc contribution           =     -32.44551684 Ry
     ewald contribution        =     -44.70331250 Ry

     total energy              =    -224.81931675 Ry
     Harris-Foulkes estimate   =    -224.82333737 Ry
     estimated scf accuracy    <       0.00707189 Ry

     total magnetization       =     1.00 Bohr mag/cell
     absolute magnetization    =     1.01 Bohr mag/cell

     iteration #  5     ecut=    60.00 Ry     beta=0.30
     Davidson diagonalization with overlap
     ethr =  3.07E-05,  avg # of iterations =  3.0
 
     Magnetic moment per site:
     atom:    1    charge:   11.8294    magn:    0.0074    constr:    0.0000
     atom:    2    charge:   10.9599    magn:    0.9448    constr:    0.0000

     total cpu time spent up to now is        9.5 secs

     The total energy is the sum of the following terms:

     one-electron contribution =    -313.00005081 Ry
     hartree contribution      =     165.44197381 Ry
     xc contribution           =     -32.45351077 Ry
     ewald contribution        =     -44.70331250 Ry

     total energy              =    -224.82102008 Ry
     Harris-Foulkes estimate   =    -224.82086612 Ry
     estimated scf accuracy    <       0.00011762 Ry

     total magnetization       =     1.00 Bohr mag/cell
     absolute magnetization    =     1.02 Bohr mag/cell

     iteration #  6     ecut=    60.00 Ry     beta=0.30
     Davidson diagonalization with overlap
     ethr =  5.11E-07,  avg # of iterations =  3.0
 
     Magnetic moment per site:
     atom:    1    charge:   11.8274    magn:    0.0081    constr:    0.0000
     atom:    2    charge:   10.9589    magn:    0.9524    constr:    0.0000

     total cpu time spent up to now is       11.1 secs

     The total energy is the sum of the following terms:

     one-electron contribution =    -312.98894880 Ry
     hartree contribution      =     165.40421404 Ry
     xc contribution           =     -32.45142796 Ry
     ewald contribution        =     -44.70331250 Ry

     total energy              =    -224.82103781 Ry
     Harris-Foulkes estimate   =    -224.82103713 Ry
     estimated scf accuracy    <       0.00005445 Ry

     total magnetization       =     1.00 Bohr mag/cell
     absolute magnetization    =     1.02 Bohr mag/cell

     iteration #  7     ecut=    60.00 Ry     beta=0.30
     Davidson diagonalization with overlap
     ethr =  2.37E-07,  avg # of iterations =  1.5
 
     Magnetic moment per site:
     atom:    1    charge:   11.8264    magn:    0.0080    constr:    0.0000
     atom:    2    charge:   10.9590    magn:    0.9529    constr:    0.0000

     total cpu time spent up to now is       12.9 secs

     The total energy is the sum of the following terms:

     one-electron contribution =    -313.00331613 Ry
     hartree contribution      =     165.36146756 Ry
     xc contribution           =     -32.44551259 Ry
     ewald contribution        =     -44.70331250 Ry

     total energy              =    -224.82102847 Ry
     Harris-Foulkes estimate   =    -224.82104139 Ry
     estimated scf accuracy    <       0.00002036 Ry

     total magnetization       =     1.00 Bohr mag/cell
     absolute magnetization    =     1.02 Bohr mag/cell

     iteration #  8     ecut=    60.00 Ry     beta=0.30
     Davidson diagonalization with overlap
     ethr =  8.85E-08,  avg # of iterations =  3.0
 
     Magnetic moment per site:
     atom:    1    charge:   11.8261    magn:    0.0079    constr:    0.0000
     atom:    2    charge:   10.9593    magn:    0.9523    constr:    0.0000

     total cpu time spent up to now is       14.6 secs

     The total energy is the sum of the following terms:

     one-electron contribution =    -313.04020533 Ry
     hartree contribution      =     165.35530013 Ry
     xc contribution           =     -32.44442425 Ry
     ewald contribution        =     -44.70331250 Ry

     total energy              =    -224.82103390 Ry
     Harris-Foulkes estimate   =    -224.82103354 Ry
     estimated scf accuracy    <       0.00000022 Ry

     total magnetization       =     1.00 Bohr mag/cell
     absolute magnetization    =     1.02 Bohr mag/cell

     iteration #  9     ecut=    60.00 Ry     beta=0.30
     Davidson diagonalization with overlap
     ethr =  9.58E-10,  avg # of iterations =  3.0
 
     Magnetic moment per site:
     atom:    1    charge:   11.8264    magn:    0.0078    constr:    0.0000
     atom:    2    charge:   10.9592    magn:    0.9525    constr:    0.0000

     total cpu time spent up to now is       16.3 secs

     The total energy is the sum of the following terms:

     one-electron contribution =    -313.04653883 Ry
     hartree contribution      =     165.36354319 Ry
     xc contribution           =     -32.44555696 Ry
     ewald contribution        =     -44.70331250 Ry

     total energy              =    -224.82103354 Ry
     Harris-Foulkes estimate   =    -224.82103408 Ry
     estimated scf accuracy    <       0.00000113 Ry

     total magnetization       =     1.00 Bohr mag/cell
     absolute magnetization    =     1.02 Bohr mag/cell

     iteration # 10     ecut=    60.00 Ry     beta=0.30
     Davidson diagonalization with overlap
     ethr =  9.58E-10,  avg # of iterations =  3.0
 
     Magnetic moment per site:
     atom:    1    charge:   11.8265    magn:    0.0078    constr:    0.0000
     atom:    2    charge:   10.9592    magn:    0.9525    constr:    0.0000

     total cpu time spent up to now is       18.0 secs

     The total energy is the sum of the following terms:

     one-electron contribution =    -313.04022990 Ry
     hartree contribution      =     165.36634537 Ry
     xc contribution           =     -32.44591930 Ry
     ewald contribution        =     -44.70331250 Ry

     total energy              =    -224.82103363 Ry
     Harris-Foulkes estimate   =    -224.82103367 Ry
     estimated scf accuracy    <       0.00000008 Ry

     total magnetization       =     1.00 Bohr mag/cell
     absolute magnetization    =     1.02 Bohr mag/cell

     iteration # 11     ecut=    60.00 Ry     beta=0.30
     Davidson diagonalization with overlap
     ethr =  3.34E-10,  avg # of iterations =  3.0
 
     Magnetic moment per site:
     atom:    1    charge:   11.8265    magn:    0.0078    constr:    0.0000
     atom:    2    charge:   10.9592    magn:    0.9525    constr:    0.0000

     total cpu time spent up to now is       19.5 secs

     End of self-consistent calculation

 ------ SPIN UP ------------


          k = 0.0000 0.0000 0.0000 ( 26462 PWs)   bands (ev):

   -15.2996 -15.2994 -15.2984 -15.2984 -15.2983 -14.7914 -14.7785 -14.7785
   -14.7508 -14.7500 -10.7903 -10.1065

     occupation numbers 
     1.0000   1.0000   1.0000   1.0000   1.0000   1.0000   1.0000   1.0000
     1.0000   1.0000   1.0000   1.0000

 ------ SPIN DOWN ----------


          k = 0.0000 0.0000 0.0000 ( 26462 PWs)   bands (ev):

   -15.0486 -15.0476 -15.0476 -15.0476 -15.0467 -14.7889 -14.7762 -14.7762
   -14.7492 -14.7484 -10.7672  -8.9355

     occupation numbers 
     1.0000   1.0000   1.0000   1.0000   1.0000   1.0000   1.0000   1.0000
     1.0000   1.0000   1.0000   0.0000

     highest occupied level (ev):   -10.1065

     The total energy is the sum of the following terms:

     one-electron contribution =    -313.03793242 Ry
     hartree contribution      =     165.36609702 Ry
     xc contribution           =     -32.44588575 Ry
     ewald contribution        =     -44.70331250 Ry

!    total energy              =    -224.82103365 Ry
     Harris-Foulkes estimate   =    -224.82103365 Ry
     estimated scf accuracy    <          2.1E-10 Ry

     The total energy is the sum of the following terms:

     one-electron contribution =    -313.03793242 Ry
     hartree contribution      =     165.36609702 Ry
     xc contribution           =     -32.44588575 Ry
     ewald contribution        =     -44.70331250 Ry
     electric field correction =       0.00000000 Ry

     total magnetization       =     1.00 Bohr mag/cell
     absolute magnetization    =     1.02 Bohr mag/cell

     convergence has been achieved in  11 iterations
 
     Using Voronoi cells
     Adding the potential well
        Amplitude [Ry a.u.] : -3.8717E-01
        Fragment start :           1
        Fragment end   :           1
 
 
     Using Voronoi cells
     Adding the potential well
        Amplitude [Ry a.u.] : -3.8717E-01
        Fragment start :           1
        Fragment end   :           1
 
     E field correction :    4.64226701614666       Ry
     #e's   in well     :    11.9902549684804       electrons

     Writing output data file zn.save
 
     init_run     :      1.54s CPU      1.62s WALL (       1 calls)
     electrons    :     17.06s CPU     17.89s WALL (       1 calls)

     Called by init_run:
     wfcinit      :      0.76s CPU      0.79s WALL (       1 calls)
     potinit      :      0.51s CPU      0.54s WALL (       1 calls)

     Called by electrons:
     c_bands      :      7.71s CPU      8.11s WALL (      11 calls)
     sum_band     :      2.48s CPU      2.61s WALL (      11 calls)
     v_of_rho     :      5.57s CPU      5.75s WALL (      12 calls)
     v_h          :      0.25s CPU      0.26s WALL (      12 calls)
     v_xc         :      5.30s CPU      5.49s WALL (      12 calls)
     mix_rho      :      1.20s CPU      1.27s WALL (      11 calls)

     Called by c_bands:
     init_us_2    :      0.16s CPU      0.17s WALL (      46 calls)
     regterg      :      7.38s CPU      7.76s WALL (      22 calls)

     Called by sum_band:

     Called by *egterg:
     h_psi        :      7.42s CPU      7.80s WALL (      81 calls)
     g_psi        :      0.03s CPU      0.02s WALL (      57 calls)
     rdiaghg      :      0.08s CPU      0.09s WALL (      79 calls)
     regterg:over :      0.13s CPU      0.14s WALL (      57 calls)
     regterg:upda :      0.19s CPU      0.21s WALL (      57 calls)
     regterg:last :      0.04s CPU      0.04s WALL (      22 calls)
     rdiaghg:chol :      0.02s CPU      0.01s WALL (      79 calls)
     rdiaghg:inve :      0.01s CPU      0.00s WALL (      79 calls)
     rdiaghg:para :      0.00s CPU      0.01s WALL (     158 calls)

     Called by h_psi:
     h_psi:vloc   :      7.10s CPU      7.44s WALL (      81 calls)
     h_psi:vnl    :      0.29s CPU      0.33s WALL (      81 calls)
     add_vuspsi   :      0.10s CPU      0.11s WALL (      81 calls)

     General routines
     calbec       :      0.19s CPU      0.22s WALL (      81 calls)
     fft          :      4.00s CPU      4.14s WALL (     249 calls)
     fftw         :      7.20s CPU      7.46s WALL (     918 calls)
     davcio       :      0.00s CPU      0.00s WALL (       2 calls)
 
     Parallel routines
     fft_scatter  :      6.70s CPU      6.97s WALL (    1167 calls)
 
     PWSCF        :    18.94s CPU        19.96s WALL

 
   This run was terminated on:  12: 3:42  10Jun2015            

=------------------------------------------------------------------------------=
   JOB DONE.
=------------------------------------------------------------------------------=
