
     Program PWSCF v.5.1.1 starts on 12Jun2015 at 17:21:34 

     This program is part of the open-source Quantum ESPRESSO suite
     for quantum simulation of materials; please cite
         "P. Giannozzi et al., J. Phys.:Condens. Matter 21 395502 (2009);
          URL http://www.quantum-espresso.org", 
     in publications or presentations arising from this work. More details at
     http://www.quantum-espresso.org/quote

     Parallel version (MPI & OpenMP), running on       8 processor cores
     Number of MPI processes:                 8
     Threads/MPI process:                     1
     R & G space division:  proc/nbgrp/npool/nimage =       8
     Waiting for input...
     Reading input from standard input
Warning: card &IONS ignored
Warning: card / ignored

     Current dimensions of program PWSCF are:
     Max number of different atomic species (ntypx) = 10
     Max number of k-points (npk) =  40000
     Max angular momentum in pseudopotentials (lmaxx) =  3

     IMPORTANT: XC functional enforced from input :
     Exchange-correlation      = PBE ( 1  4  3  4 0 0)
     Any further DFT definition will be discarded
     Please, verify this is what you really want

               file H.pbe-mt_fhi.UPF: wavefunction(s)  2p 4f renormalized
               file O.pbe-mt_fhi.UPF: wavefunction(s)  4f renormalized

     gamma-point specific algorithms are used

     Subspace diagonalization in iterative solution of the eigenvalue problem:
     scalapack distributed-memory algorithm (size of sub-group:  2*  2 procs)

 
     Parallelization info
     --------------------
     sticks:   dense  smooth     PW     G-vecs:    dense   smooth      PW
     Min         357     357     88                14410    14410    1792
     Max         360     360     90                14416    14416    1798
     Sum        2869    2869    717               115313   115313   14363
     Tot        1435    1435    359
 
     Generating pointlists ...
     new r_m :   0.0751 (alat units)  0.7508 (a.u.) for type    1
     new r_m :   0.0751 (alat units)  0.7508 (a.u.) for type    2


     bravais-lattice index     =            0
     lattice parameter (alat)  =      10.0000  a.u.
     unit-cell volume          =    1000.0000 (a.u.)^3
     number of atoms/cell      =            6
     number of atomic types    =            2
     number of electrons       =        16.00 (up:   8.00, down:   8.00)
     number of Kohn-Sham states=            8
     kinetic-energy cutoff     =      90.0000  Ry
     charge density cutoff     =     360.0000  Ry
     convergence threshold     =      1.0E-08
     mixing beta               =       0.7000
     number of iterations used =            8  plain     mixing
     Exchange-correlation      = PBE ( 1  4  3  4 0 0)

     celldm(1)=  10.000000  celldm(2)=   0.000000  celldm(3)=   0.000000
     celldm(4)=   0.000000  celldm(5)=   0.000000  celldm(6)=   0.000000

     crystal axes: (cart. coord. in units of alat)
               a(1) = (   1.000000   0.000000   0.000000 )  
               a(2) = (   0.000000   1.000000   0.000000 )  
               a(3) = (   0.000000   0.000000   1.000000 )  

     reciprocal axes: (cart. coord. in units 2 pi/alat)
               b(1) = (  1.000000  0.000000  0.000000 )  
               b(2) = (  0.000000  1.000000  0.000000 )  
               b(3) = (  0.000000  0.000000  1.000000 )  


     PseudoPot. # 1 for  H read from file:
     ../pseudo/H.pbe-mt_fhi.UPF
     MD5 check sum: a19bd5488733b3d98581df861506e80d
     Pseudo is Norm-conserving, Zval =  1.0
     Generated using FHI98PP, converted with fhi2upf.x v.5.0.2
     Using radial grid of  387 points,  3 beta functions with: 
                l(1) =   0
                l(2) =   1
                l(3) =   3

     PseudoPot. # 2 for  O read from file:
     ../pseudo/O.pbe-mt_fhi.UPF
     MD5 check sum: 2ddb684ddb3c5d7407f47e9cdd68296a
     Pseudo is Norm-conserving, Zval =  6.0
     Generated using FHI98PP, converted with fhi2upf.x v.5.0.2
     Using radial grid of  473 points,  3 beta functions with: 
                l(1) =   0
                l(2) =   1
                l(3) =   3

     atomic species   valence    mass     pseudopotential
        H              1.00     1.00000      H( 1.00)
        O              6.00    16.00000      O( 1.00)

     Starting magnetic structure 
     atomic species   magnetization
        H            0.000
        O            0.000

     No symmetry found



   Cartesian axes

     site n.     atom                  positions (alat units)
         1           O   tau(   1) = (  -0.8493087   0.3301751  -0.0566067  )
         2           H   tau(   2) = (  -0.6657732   0.3462309  -0.0465187  )
         3           H   tau(   3) = (  -0.9108296   0.4997549  -0.0324084  )
         4           O   tau(   4) = (  -0.3081119   0.3793281  -0.0286365  )
         5           H   tau(   5) = (  -0.2127958   0.3081367   0.1110563  )
         6           H   tau(   6) = (  -0.2063306   0.3419248  -0.1766238  )

     number of k points=     2
                       cart. coord. in units 2pi/alat
        k(    1) = (   0.0000000   0.0000000   0.0000000), wk =   1.0000000
        k(    2) = (   0.0000000   0.0000000   0.0000000), wk =   1.0000000

     Dense  grid:    57657 G-vectors     FFT dimensions: (  64,  64,  64)

     Largest allocated arrays     est. size (Mb)     dimensions
        Kohn-Sham Wavefunctions         0.11 Mb     (     899,    8)
        NL pseudopotentials             0.91 Mb     (     899,   66)
        Each V/rho on FFT grid          1.00 Mb     (   32768,   2)
        Each G-vector array             0.05 Mb     (    7207)
        G-vector shells                 0.01 Mb     (     713)
     Largest temporary arrays     est. size (Mb)     dimensions
        Auxiliary wavefunctions         0.22 Mb     (     899,   32)
        Each subspace H/S matrix        0.00 Mb     (      16,   16)
        Each <psi_i|beta_j> matrix      0.00 Mb     (      66,    8)
        Arrays for rho mixing           4.00 Mb     (   32768,    8)
 
     Using Voronoi cells
     Adding the potential well
        Amplitude [Ry a.u.] :  0.0000E+00
        Fragment start :           1
        Fragment end   :           3
 

     Initial potential from superposition of free atoms

     starting charge   15.99996, renormalised to   16.00000
     Starting wfc are   96 randomized atomic wfcs

     total cpu time spent up to now is        0.8 secs

     per-process dynamical memory:    20.0 Mb

     Self-consistent Calculation

     iteration #  1     ecut=    90.00 Ry     beta=0.70
     Davidson diagonalization with overlap
     ethr =  1.00E-02,  avg # of iterations =  2.0
 
     Magnetic moment per site:
     atom:    1    charge:    2.0836    magn:   -0.0002    constr:    0.0000
     atom:    2    charge:    0.3397    magn:   -0.0001    constr:    0.0000
     atom:    3    charge:    0.3542    magn:    0.0001    constr:    0.0000
     atom:    4    charge:    2.0782    magn:    0.0006    constr:    0.0000
     atom:    5    charge:    0.3459    magn:   -0.0001    constr:    0.0000
     atom:    6    charge:    0.3466    magn:    0.0000    constr:    0.0000

     total cpu time spent up to now is        1.0 secs

     The total energy is the sum of the following terms:

     one-electron contribution =     -99.12149403 Ry
     hartree contribution      =      53.89776748 Ry
     xc contribution           =     -17.47749015 Ry
     ewald contribution        =      -8.48286711 Ry

     total energy              =     -68.37675205 Ry
     Harris-Foulkes estimate   =     -68.98721977 Ry
     estimated scf accuracy    <       0.86089386 Ry

     total magnetization       =     0.00 Bohr mag/cell
     absolute magnetization    =     0.01 Bohr mag/cell

     iteration #  2     ecut=    90.00 Ry     beta=0.70
     Davidson diagonalization with overlap
     ethr =  5.38E-03,  avg # of iterations =  2.0
 
     Magnetic moment per site:
     atom:    1    charge:    1.9240    magn:   -0.0001    constr:    0.0000
     atom:    2    charge:    0.3672    magn:    0.0000    constr:    0.0000
     atom:    3    charge:    0.3867    magn:    0.0001    constr:    0.0000
     atom:    4    charge:    1.9233    magn:    0.0004    constr:    0.0000
     atom:    5    charge:    0.3759    magn:   -0.0001    constr:    0.0000
     atom:    6    charge:    0.3756    magn:    0.0000    constr:    0.0000

     total cpu time spent up to now is        1.3 secs

     The total energy is the sum of the following terms:

     one-electron contribution =     -89.95990858 Ry
     hartree contribution      =      50.77655642 Ry
     xc contribution           =     -16.89405991 Ry
     ewald contribution        =      -8.48286711 Ry

     total energy              =     -68.58574570 Ry
     Harris-Foulkes estimate   =     -68.89681335 Ry
     estimated scf accuracy    <       0.62383852 Ry

     total magnetization       =     0.00 Bohr mag/cell
     absolute magnetization    =     0.00 Bohr mag/cell

     iteration #  3     ecut=    90.00 Ry     beta=0.70
     Davidson diagonalization with overlap
     ethr =  3.90E-03,  avg # of iterations =  2.0

     negative rho (up, down):  5.253E-08 4.616E-08
 
     Magnetic moment per site:
     atom:    1    charge:    1.9112    magn:    0.0000    constr:    0.0000
     atom:    2    charge:    0.3829    magn:    0.0000    constr:    0.0000
     atom:    3    charge:    0.4062    magn:    0.0000    constr:    0.0000
     atom:    4    charge:    1.9066    magn:    0.0001    constr:    0.0000
     atom:    5    charge:    0.3954    magn:    0.0000    constr:    0.0000
     atom:    6    charge:    0.3951    magn:    0.0000    constr:    0.0000

     total cpu time spent up to now is        1.6 secs

     The total energy is the sum of the following terms:

     one-electron contribution =     -94.76706172 Ry
     hartree contribution      =      51.38382890 Ry
     xc contribution           =     -17.01684930 Ry
     ewald contribution        =      -8.48286711 Ry

     total energy              =     -68.71417581 Ry
     Harris-Foulkes estimate   =     -68.71644866 Ry
     estimated scf accuracy    <       0.00653939 Ry

     total magnetization       =     0.00 Bohr mag/cell
     absolute magnetization    =     0.00 Bohr mag/cell

     iteration #  4     ecut=    90.00 Ry     beta=0.70
     Davidson diagonalization with overlap
     ethr =  4.09E-05,  avg # of iterations =  2.0
 
     Magnetic moment per site:
     atom:    1    charge:    1.9108    magn:    0.0000    constr:    0.0000
     atom:    2    charge:    0.3811    magn:    0.0000    constr:    0.0000
     atom:    3    charge:    0.4042    magn:    0.0000    constr:    0.0000
     atom:    4    charge:    1.9096    magn:    0.0001    constr:    0.0000
     atom:    5    charge:    0.3930    magn:    0.0000    constr:    0.0000
     atom:    6    charge:    0.3926    magn:    0.0000    constr:    0.0000

     total cpu time spent up to now is        1.9 secs

     The total energy is the sum of the following terms:

     one-electron contribution =     -94.45676727 Ry
     hartree contribution      =      51.31526323 Ry
     xc contribution           =     -17.00300905 Ry
     ewald contribution        =      -8.48286711 Ry

     total energy              =     -68.71519289 Ry
     Harris-Foulkes estimate   =     -68.71539573 Ry
     estimated scf accuracy    <       0.00046421 Ry

     total magnetization       =     0.00 Bohr mag/cell
     absolute magnetization    =     0.00 Bohr mag/cell

     iteration #  5     ecut=    90.00 Ry     beta=0.70
     Davidson diagonalization with overlap
     ethr =  2.90E-06,  avg # of iterations =  2.0
 
     Magnetic moment per site:
     atom:    1    charge:    1.9114    magn:    0.0000    constr:    0.0000
     atom:    2    charge:    0.3802    magn:    0.0000    constr:    0.0000
     atom:    3    charge:    0.4035    magn:    0.0000    constr:    0.0000
     atom:    4    charge:    1.9097    magn:    0.0001    constr:    0.0000
     atom:    5    charge:    0.3921    magn:    0.0000    constr:    0.0000
     atom:    6    charge:    0.3915    magn:    0.0000    constr:    0.0000

     total cpu time spent up to now is        2.2 secs

     The total energy is the sum of the following terms:

     one-electron contribution =     -94.48681483 Ry
     hartree contribution      =      51.28470023 Ry
     xc contribution           =     -16.99677051 Ry
     ewald contribution        =      -8.48286711 Ry

     total energy              =     -68.71521380 Ry
     Harris-Foulkes estimate   =     -68.71523604 Ry
     estimated scf accuracy    <       0.00005554 Ry

     total magnetization       =     0.00 Bohr mag/cell
     absolute magnetization    =     0.00 Bohr mag/cell

     iteration #  6     ecut=    90.00 Ry     beta=0.70
     Davidson diagonalization with overlap
     ethr =  3.47E-07,  avg # of iterations =  1.0
 
     Magnetic moment per site:
     atom:    1    charge:    1.9114    magn:    0.0000    constr:    0.0000
     atom:    2    charge:    0.3797    magn:    0.0000    constr:    0.0000
     atom:    3    charge:    0.4033    magn:    0.0000    constr:    0.0000
     atom:    4    charge:    1.9099    magn:    0.0000    constr:    0.0000
     atom:    5    charge:    0.3917    magn:    0.0000    constr:    0.0000
     atom:    6    charge:    0.3911    magn:    0.0000    constr:    0.0000

     total cpu time spent up to now is        2.5 secs

     The total energy is the sum of the following terms:

     one-electron contribution =     -94.49883138 Ry
     hartree contribution      =      51.26761722 Ry
     xc contribution           =     -16.99339162 Ry
     ewald contribution        =      -8.48286711 Ry

     total energy              =     -68.71521317 Ry
     Harris-Foulkes estimate   =     -68.71521699 Ry
     estimated scf accuracy    <       0.00000833 Ry

     total magnetization       =     0.00 Bohr mag/cell
     absolute magnetization    =     0.00 Bohr mag/cell

     iteration #  7     ecut=    90.00 Ry     beta=0.70
     Davidson diagonalization with overlap
     ethr =  5.20E-08,  avg # of iterations =  2.0
 
     Magnetic moment per site:
     atom:    1    charge:    1.9116    magn:    0.0000    constr:    0.0000
     atom:    2    charge:    0.3796    magn:    0.0000    constr:    0.0000
     atom:    3    charge:    0.4032    magn:    0.0000    constr:    0.0000
     atom:    4    charge:    1.9100    magn:    0.0000    constr:    0.0000
     atom:    5    charge:    0.3917    magn:    0.0000    constr:    0.0000
     atom:    6    charge:    0.3911    magn:    0.0000    constr:    0.0000

     total cpu time spent up to now is        2.9 secs

     The total energy is the sum of the following terms:

     one-electron contribution =     -94.50995032 Ry
     hartree contribution      =      51.26758029 Ry
     xc contribution           =     -16.99337339 Ry
     ewald contribution        =      -8.48286711 Ry

     total energy              =     -68.71521498 Ry
     Harris-Foulkes estimate   =     -68.71521513 Ry
     estimated scf accuracy    <       0.00000042 Ry

     total magnetization       =     0.00 Bohr mag/cell
     absolute magnetization    =     0.00 Bohr mag/cell

     iteration #  8     ecut=    90.00 Ry     beta=0.70
     Davidson diagonalization with overlap
     ethr =  2.60E-09,  avg # of iterations =  2.0
 
     Magnetic moment per site:
     atom:    1    charge:    1.9116    magn:    0.0000    constr:    0.0000
     atom:    2    charge:    0.3796    magn:    0.0000    constr:    0.0000
     atom:    3    charge:    0.4032    magn:    0.0000    constr:    0.0000
     atom:    4    charge:    1.9100    magn:    0.0000    constr:    0.0000
     atom:    5    charge:    0.3917    magn:    0.0000    constr:    0.0000
     atom:    6    charge:    0.3911    magn:    0.0000    constr:    0.0000

     total cpu time spent up to now is        3.1 secs

     The total energy is the sum of the following terms:

     one-electron contribution =     -94.50841166 Ry
     hartree contribution      =      51.26917570 Ry
     xc contribution           =     -16.99369798 Ry
     ewald contribution        =      -8.48286711 Ry

     total energy              =     -68.71521504 Ry
     Harris-Foulkes estimate   =     -68.71521506 Ry
     estimated scf accuracy    <       0.00000005 Ry

     total magnetization       =     0.00 Bohr mag/cell
     absolute magnetization    =     0.00 Bohr mag/cell

     iteration #  9     ecut=    90.00 Ry     beta=0.70
     Davidson diagonalization with overlap
     ethr =  3.38E-10,  avg # of iterations =  2.0
 
     Magnetic moment per site:
     atom:    1    charge:    1.9116    magn:    0.0000    constr:    0.0000
     atom:    2    charge:    0.3796    magn:    0.0000    constr:    0.0000
     atom:    3    charge:    0.4032    magn:    0.0000    constr:    0.0000
     atom:    4    charge:    1.9100    magn:    0.0000    constr:    0.0000
     atom:    5    charge:    0.3917    magn:    0.0000    constr:    0.0000
     atom:    6    charge:    0.3911    magn:    0.0000    constr:    0.0000

     total cpu time spent up to now is        3.4 secs

     End of self-consistent calculation

 ------ SPIN UP ------------


          k = 0.0000 0.0000 0.0000 (  7182 PWs)   bands (ev):

   -23.8704 -22.8831 -11.5704 -11.3762  -8.4025  -6.4152  -5.4950  -5.3270

 ------ SPIN DOWN ----------


          k = 0.0000 0.0000 0.0000 (  7182 PWs)   bands (ev):

   -23.8704 -22.8831 -11.5704 -11.3762  -8.4025  -6.4152  -5.4950  -5.3270

     highest occupied level (ev):    -5.3270

     The total energy is the sum of the following terms:

     one-electron contribution =     -94.50749062 Ry
     hartree contribution      =      51.26876840 Ry
     xc contribution           =     -16.99362571 Ry
     ewald contribution        =      -8.48286711 Ry

!    total energy              =     -68.71521504 Ry
     Harris-Foulkes estimate   =     -68.71521504 Ry
     estimated scf accuracy    <          2.0E-09 Ry

     The total energy is the sum of the following terms:

     one-electron contribution =     -94.50749062 Ry
     hartree contribution      =      51.26876840 Ry
     xc contribution           =     -16.99362571 Ry
     ewald contribution        =      -8.48286711 Ry
     electric field correction =       0.00000000 Ry

     total magnetization       =     0.00 Bohr mag/cell
     absolute magnetization    =     0.00 Bohr mag/cell

     convergence has been achieved in   9 iterations
 
     Using Voronoi cells
     Adding the potential well
        Amplitude [Ry a.u.] :  1.0000E+00
        Fragment start :           1
        Fragment end   :           3
 
 
     Using Voronoi cells
     Adding the potential well
        Amplitude [Ry a.u.] :  1.0000E+00
        Fragment start :           1
        Fragment end   :           3
 
     #e's   in well     :   0.113072625039357       electrons

     Writing output data file h2o.save
 
     init_run     :      0.63s CPU      0.64s WALL (       1 calls)
     electrons    :      2.64s CPU      2.68s WALL (       1 calls)

     Called by init_run:
     wfcinit      :      0.36s CPU      0.37s WALL (       1 calls)
     potinit      :      0.11s CPU      0.12s WALL (       1 calls)

     Called by electrons:
     c_bands      :      1.05s CPU      1.05s WALL (       9 calls)
     sum_band     :      0.35s CPU      0.35s WALL (       9 calls)
     v_of_rho     :      1.06s CPU      1.08s WALL (      10 calls)
     mix_rho      :      0.17s CPU      0.16s WALL (       9 calls)

     Called by c_bands:
     init_us_2    :      0.05s CPU      0.05s WALL (      38 calls)
     regterg      :      0.94s CPU      0.96s WALL (      18 calls)

     Called by *egterg:
     h_psi        :      1.12s CPU      1.12s WALL (      54 calls)
     g_psi        :      0.01s CPU      0.00s WALL (      34 calls)
     rdiaghg      :      0.05s CPU      0.05s WALL (      52 calls)

     Called by h_psi:
     add_vuspsi   :      0.04s CPU      0.04s WALL (      54 calls)

     General routines
     calbec       :      0.06s CPU      0.07s WALL (      54 calls)
     fft          :      0.65s CPU      0.66s WALL (     207 calls)
     fftw         :      1.13s CPU      1.11s WALL (     664 calls)
     davcio       :      0.00s CPU      0.00s WALL (       2 calls)
 
     Parallel routines
     fft_scatter  :      0.94s CPU      0.99s WALL (     871 calls)
 
     PWSCF        :     3.47s CPU         3.56s WALL

 
   This run was terminated on:  17:21:38  12Jun2015            

=------------------------------------------------------------------------------=
   JOB DONE.
=------------------------------------------------------------------------------=
