
     Program PWSCF v.5.1.1 starts on 12Jun2015 at 17:21:39 

     This program is part of the open-source Quantum ESPRESSO suite
     for quantum simulation of materials; please cite
         "P. Giannozzi et al., J. Phys.:Condens. Matter 21 395502 (2009);
          URL http://www.quantum-espresso.org", 
     in publications or presentations arising from this work. More details at
     http://www.quantum-espresso.org/quote

     Parallel version (MPI & OpenMP), running on       8 processor cores
     Number of MPI processes:                 8
     Threads/MPI process:                     1
     R & G space division:  proc/nbgrp/npool/nimage =       8
     Waiting for input...
     Reading input from standard input

     Current dimensions of program PWSCF are:
     Max number of different atomic species (ntypx) = 10
     Max number of k-points (npk) =  40000
     Max angular momentum in pseudopotentials (lmaxx) =  3

     IMPORTANT: XC functional enforced from input :
     Exchange-correlation      = PBE ( 1  4  3  4 0 0)
     Any further DFT definition will be discarded
     Please, verify this is what you really want

               file Si.pbe-mt_fhi.UPF: wavefunction(s)  4f renormalized

     gamma-point specific algorithms are used

     Subspace diagonalization in iterative solution of the eigenvalue problem:
     scalapack distributed-memory algorithm (size of sub-group:  2*  2 procs)

 
     Parallelization info
     --------------------
     sticks:   dense  smooth     PW     G-vecs:    dense   smooth      PW
     Min         336     336     83                13049    13049    1639
     Max         340     340     86                13054    13054    1646
     Sum        2701    2701    673               104415   104415   13133
     Tot        1351    1351    337
 
     Generating pointlists ...
     new r_m :   0.1786 (alat units)  1.8322 (a.u.) for type    1


     bravais-lattice index     =            0
     lattice parameter (alat)  =      10.2612  a.u.
     unit-cell volume          =    1080.4287 (a.u.)^3
     number of atoms/cell      =            8
     number of atomic types    =            1
     number of electrons       =        32.00 (up:  16.00, down:  16.00)
     number of Kohn-Sham states=           16
     kinetic-energy cutoff     =      80.0000  Ry
     charge density cutoff     =     320.0000  Ry
     convergence threshold     =      1.0E-08
     mixing beta               =       0.7000
     number of iterations used =            8  plain     mixing
     Exchange-correlation      = PBE ( 1  4  3  4 0 0)

     celldm(1)=  10.261213  celldm(2)=   0.000000  celldm(3)=   0.000000
     celldm(4)=   0.000000  celldm(5)=   0.000000  celldm(6)=   0.000000

     crystal axes: (cart. coord. in units of alat)
               a(1) = (   1.000000   0.000000   0.000000 )  
               a(2) = (   0.000000   1.000000   0.000000 )  
               a(3) = (   0.000000   0.000000   1.000000 )  

     reciprocal axes: (cart. coord. in units 2 pi/alat)
               b(1) = (  1.000000  0.000000  0.000000 )  
               b(2) = (  0.000000  1.000000  0.000000 )  
               b(3) = (  0.000000  0.000000  1.000000 )  


     PseudoPot. # 1 for Si read from file:
     ../pseudo/Si.pbe-mt_fhi.UPF
     MD5 check sum: 259057c2adf9952f9ced37ae3d9e311d
     Pseudo is Norm-conserving, Zval =  4.0
     Generated using FHI98PP, converted with fhi2upf.x v.5.0.2
     Using radial grid of  495 points,  3 beta functions with: 
                l(1) =   0
                l(2) =   1
                l(3) =   3

     atomic species   valence    mass     pseudopotential
        Si             4.00    28.08600     Si( 1.00)

     Starting magnetic structure 
     atomic species   magnetization
        Si           0.000

     No symmetry found



   Cartesian axes

     site n.     atom                  positions (alat units)
         1           Si  tau(   1) = (   0.0000000   0.0000000   0.0000000  )
         2           Si  tau(   2) = (   0.0000000   0.5000000   0.5000000  )
         3           Si  tau(   3) = (   0.5000000   0.5000000   0.0000000  )
         4           Si  tau(   4) = (   0.5000000   0.0000000   0.5000000  )
         5           Si  tau(   5) = (   0.7499079   0.2500921   0.7499079  )
         6           Si  tau(   6) = (   0.2499079   0.2499079   0.2499079  )
         7           Si  tau(   7) = (   0.2500921   0.7499079   0.7499079  )
         8           Si  tau(   8) = (   0.7499079   0.7499079   0.2499079  )

     number of k points=     2
                       cart. coord. in units 2pi/alat
        k(    1) = (   0.0000000   0.0000000   0.0000000), wk =   1.0000000
        k(    2) = (   0.0000000   0.0000000   0.0000000), wk =   1.0000000

     Dense  grid:    52208 G-vectors     FFT dimensions: (  60,  60,  60)

     Largest allocated arrays     est. size (Mb)     dimensions
        Kohn-Sham Wavefunctions         0.20 Mb     (     822,   16)
        NL pseudopotentials             1.10 Mb     (     822,   88)
        Each V/rho on FFT grid          0.88 Mb     (   28800,   2)
        Each G-vector array             0.05 Mb     (    6526)
        G-vector shells                 0.01 Mb     (     656)
     Largest temporary arrays     est. size (Mb)     dimensions
        Auxiliary wavefunctions         0.40 Mb     (     822,   64)
        Each subspace H/S matrix        0.01 Mb     (      32,   32)
        Each <psi_i|beta_j> matrix      0.01 Mb     (      88,   16)
        Arrays for rho mixing           3.52 Mb     (   28800,    8)
 
     Using Voronoi cells
     Adding the potential well
        Amplitude [Ry a.u.] :  0.0000E+00
        Fragment start :           1
        Fragment end   :           1
 

     Initial potential from superposition of free atoms

     starting charge   31.99436, renormalised to   32.00000
     Starting wfc are  128 randomized atomic wfcs

     total cpu time spent up to now is        0.6 secs

     per-process dynamical memory:    19.4 Mb

     Self-consistent Calculation

     iteration #  1     ecut=    80.00 Ry     beta=0.70
     Davidson diagonalization with overlap
     ethr =  1.00E-02,  avg # of iterations =  2.0
 
     Magnetic moment per site:
     atom:    1    charge:    1.8759    magn:    0.0000    constr:    0.0000
     atom:    2    charge:    1.8763    magn:    0.0004    constr:    0.0000
     atom:    3    charge:    1.8760    magn:    0.0000    constr:    0.0000
     atom:    4    charge:    1.8758    magn:    0.0002    constr:    0.0000
     atom:    5    charge:    1.8755    magn:    0.0011    constr:    0.0000
     atom:    6    charge:    1.8765    magn:    0.0001    constr:    0.0000
     atom:    7    charge:    1.8759    magn:   -0.0003    constr:    0.0000
     atom:    8    charge:    1.8759    magn:    0.0015    constr:    0.0000

     total cpu time spent up to now is        0.9 secs

     The total energy is the sum of the following terms:

     one-electron contribution =      19.18460768 Ry
     hartree contribution      =       4.73890893 Ry
     xc contribution           =     -19.39187358 Ry
     ewald contribution        =     -67.19577065 Ry

     total energy              =     -62.27511802 Ry
     Harris-Foulkes estimate   =     -62.38493524 Ry
     estimated scf accuracy    <       0.43748762 Ry

     total magnetization       =     0.00 Bohr mag/cell
     absolute magnetization    =     0.03 Bohr mag/cell

     iteration #  2     ecut=    80.00 Ry     beta=0.70
     Davidson diagonalization with overlap
     ethr =  1.37E-03,  avg # of iterations =  1.0
 
     Magnetic moment per site:
     atom:    1    charge:    1.8723    magn:   -0.0004    constr:    0.0000
     atom:    2    charge:    1.8731    magn:    0.0002    constr:    0.0000
     atom:    3    charge:    1.8729    magn:   -0.0002    constr:    0.0000
     atom:    4    charge:    1.8730    magn:    0.0000    constr:    0.0000
     atom:    5    charge:    1.8724    magn:    0.0008    constr:    0.0000
     atom:    6    charge:    1.8733    magn:   -0.0004    constr:    0.0000
     atom:    7    charge:    1.8736    magn:   -0.0004    constr:    0.0000
     atom:    8    charge:    1.8725    magn:    0.0012    constr:    0.0000

     total cpu time spent up to now is        1.1 secs

     The total energy is the sum of the following terms:

     one-electron contribution =      19.34123208 Ry
     hartree contribution      =       5.15237951 Ry
     xc contribution           =     -19.61869144 Ry
     ewald contribution        =     -67.19577065 Ry

     total energy              =     -62.29668192 Ry
     Harris-Foulkes estimate   =     -62.29485279 Ry
     estimated scf accuracy    <       0.02159895 Ry

     total magnetization       =     0.00 Bohr mag/cell
     absolute magnetization    =     0.02 Bohr mag/cell

     iteration #  3     ecut=    80.00 Ry     beta=0.70
     Davidson diagonalization with overlap
     ethr =  6.75E-05,  avg # of iterations =  2.0
 
     Magnetic moment per site:
     atom:    1    charge:    1.8571    magn:   -0.0003    constr:    0.0000
     atom:    2    charge:    1.8570    magn:    0.0000    constr:    0.0000
     atom:    3    charge:    1.8569    magn:   -0.0002    constr:    0.0000
     atom:    4    charge:    1.8568    magn:   -0.0001    constr:    0.0000
     atom:    5    charge:    1.8567    magn:    0.0003    constr:    0.0000
     atom:    6    charge:    1.8571    magn:   -0.0004    constr:    0.0000
     atom:    7    charge:    1.8568    magn:   -0.0002    constr:    0.0000
     atom:    8    charge:    1.8570    magn:    0.0006    constr:    0.0000

     total cpu time spent up to now is        1.4 secs

     The total energy is the sum of the following terms:

     one-electron contribution =      19.41360744 Ry
     hartree contribution      =       5.07263710 Ry
     xc contribution           =     -19.60243447 Ry
     ewald contribution        =     -67.19577065 Ry

     total energy              =     -62.30023552 Ry
     Harris-Foulkes estimate   =     -62.30029359 Ry
     estimated scf accuracy    <       0.00058701 Ry

     total magnetization       =     0.00 Bohr mag/cell
     absolute magnetization    =     0.02 Bohr mag/cell

     iteration #  4     ecut=    80.00 Ry     beta=0.70
     Davidson diagonalization with overlap
     ethr =  1.83E-06,  avg # of iterations =  2.0
 
     Magnetic moment per site:
     atom:    1    charge:    1.8608    magn:   -0.0002    constr:    0.0000
     atom:    2    charge:    1.8611    magn:    0.0000    constr:    0.0000
     atom:    3    charge:    1.8612    magn:   -0.0002    constr:    0.0000
     atom:    4    charge:    1.8611    magn:   -0.0001    constr:    0.0000
     atom:    5    charge:    1.8609    magn:    0.0003    constr:    0.0000
     atom:    6    charge:    1.8612    magn:   -0.0004    constr:    0.0000
     atom:    7    charge:    1.8613    magn:   -0.0002    constr:    0.0000
     atom:    8    charge:    1.8609    magn:    0.0006    constr:    0.0000

     total cpu time spent up to now is        1.6 secs

     The total energy is the sum of the following terms:

     one-electron contribution =      19.39601594 Ry
     hartree contribution      =       5.11049409 Ry
     xc contribution           =     -19.61695363 Ry
     ewald contribution        =     -67.19577065 Ry

     total energy              =     -62.30033968 Ry
     Harris-Foulkes estimate   =     -62.30040344 Ry
     estimated scf accuracy    <       0.00013631 Ry

     total magnetization       =     0.00 Bohr mag/cell
     absolute magnetization    =     0.02 Bohr mag/cell

     iteration #  5     ecut=    80.00 Ry     beta=0.70
     Davidson diagonalization with overlap
     ethr =  4.26E-07,  avg # of iterations =  2.0
 
     Magnetic moment per site:
     atom:    1    charge:    1.8608    magn:   -0.0002    constr:    0.0000
     atom:    2    charge:    1.8611    magn:    0.0000    constr:    0.0000
     atom:    3    charge:    1.8611    magn:   -0.0002    constr:    0.0000
     atom:    4    charge:    1.8610    magn:   -0.0001    constr:    0.0000
     atom:    5    charge:    1.8609    magn:    0.0003    constr:    0.0000
     atom:    6    charge:    1.8612    magn:   -0.0003    constr:    0.0000
     atom:    7    charge:    1.8612    magn:   -0.0002    constr:    0.0000
     atom:    8    charge:    1.8609    magn:    0.0006    constr:    0.0000

     total cpu time spent up to now is        1.9 secs

     The total energy is the sum of the following terms:

     one-electron contribution =      19.40229638 Ry
     hartree contribution      =       5.11073678 Ry
     xc contribution           =     -19.61717409 Ry
     ewald contribution        =     -67.19577065 Ry

     total energy              =     -62.30035360 Ry
     Harris-Foulkes estimate   =     -62.30035358 Ry
     estimated scf accuracy    <       0.00000057 Ry

     total magnetization       =     0.00 Bohr mag/cell
     absolute magnetization    =     0.02 Bohr mag/cell

     iteration #  6     ecut=    80.00 Ry     beta=0.70
     Davidson diagonalization with overlap
     ethr =  1.79E-09,  avg # of iterations =  9.0
 
     Magnetic moment per site:
     atom:    1    charge:    1.8608    magn:   -0.0002    constr:    0.0000
     atom:    2    charge:    1.8611    magn:    0.0000    constr:    0.0000
     atom:    3    charge:    1.8611    magn:   -0.0002    constr:    0.0000
     atom:    4    charge:    1.8610    magn:   -0.0001    constr:    0.0000
     atom:    5    charge:    1.8608    magn:    0.0003    constr:    0.0000
     atom:    6    charge:    1.8612    magn:   -0.0003    constr:    0.0000
     atom:    7    charge:    1.8613    magn:   -0.0002    constr:    0.0000
     atom:    8    charge:    1.8609    magn:    0.0006    constr:    0.0000

     total cpu time spent up to now is        2.3 secs

     The total energy is the sum of the following terms:

     one-electron contribution =      19.40247934 Ry
     hartree contribution      =       5.11074210 Ry
     xc contribution           =     -19.61719694 Ry
     ewald contribution        =     -67.19577065 Ry

     total energy              =     -62.30035647 Ry
     Harris-Foulkes estimate   =     -62.30035624 Ry
     estimated scf accuracy    <       0.00000248 Ry

     total magnetization       =     0.00 Bohr mag/cell
     absolute magnetization    =     0.01 Bohr mag/cell

     iteration #  7     ecut=    80.00 Ry     beta=0.70
     Davidson diagonalization with overlap
     ethr =  1.79E-09,  avg # of iterations =  1.0
 
     Magnetic moment per site:
     atom:    1    charge:    1.8608    magn:   -0.0001    constr:    0.0000
     atom:    2    charge:    1.8610    magn:    0.0000    constr:    0.0000
     atom:    3    charge:    1.8611    magn:   -0.0002    constr:    0.0000
     atom:    4    charge:    1.8610    magn:   -0.0001    constr:    0.0000
     atom:    5    charge:    1.8609    magn:    0.0002    constr:    0.0000
     atom:    6    charge:    1.8611    magn:   -0.0003    constr:    0.0000
     atom:    7    charge:    1.8611    magn:   -0.0002    constr:    0.0000
     atom:    8    charge:    1.8609    magn:    0.0005    constr:    0.0000

     total cpu time spent up to now is        2.6 secs

     The total energy is the sum of the following terms:

     one-electron contribution =      19.40245736 Ry
     hartree contribution      =       5.11049154 Ry
     xc contribution           =     -19.61709117 Ry
     ewald contribution        =     -67.19577065 Ry

     total energy              =     -62.30035591 Ry
     Harris-Foulkes estimate   =     -62.30035649 Ry
     estimated scf accuracy    <       0.00000336 Ry

     total magnetization       =     0.00 Bohr mag/cell
     absolute magnetization    =     0.01 Bohr mag/cell

     iteration #  8     ecut=    80.00 Ry     beta=0.70
     Davidson diagonalization with overlap
     ethr =  1.79E-09,  avg # of iterations =  5.0
 
     Magnetic moment per site:
     atom:    1    charge:    1.8607    magn:   -0.0001    constr:    0.0000
     atom:    2    charge:    1.8610    magn:    0.0000    constr:    0.0000
     atom:    3    charge:    1.8611    magn:   -0.0001    constr:    0.0000
     atom:    4    charge:    1.8610    magn:    0.0000    constr:    0.0000
     atom:    5    charge:    1.8609    magn:    0.0002    constr:    0.0000
     atom:    6    charge:    1.8610    magn:   -0.0003    constr:    0.0000
     atom:    7    charge:    1.8610    magn:   -0.0001    constr:    0.0000
     atom:    8    charge:    1.8609    magn:    0.0004    constr:    0.0000

     total cpu time spent up to now is        2.9 secs

     The total energy is the sum of the following terms:

     one-electron contribution =      19.40241641 Ry
     hartree contribution      =       5.11021839 Ry
     xc contribution           =     -19.61702613 Ry
     ewald contribution        =     -67.19577065 Ry

     total energy              =     -62.30035603 Ry
     Harris-Foulkes estimate   =     -62.30035605 Ry
     estimated scf accuracy    <       0.00000083 Ry

     total magnetization       =     0.00 Bohr mag/cell
     absolute magnetization    =     0.01 Bohr mag/cell

     iteration #  9     ecut=    80.00 Ry     beta=0.70
     Davidson diagonalization with overlap
     ethr =  1.79E-09,  avg # of iterations =  4.0
 
     Magnetic moment per site:
     atom:    1    charge:    1.8607    magn:    0.0000    constr:    0.0000
     atom:    2    charge:    1.8609    magn:    0.0000    constr:    0.0000
     atom:    3    charge:    1.8612    magn:   -0.0001    constr:    0.0000
     atom:    4    charge:    1.8610    magn:    0.0000    constr:    0.0000
     atom:    5    charge:    1.8610    magn:    0.0001    constr:    0.0000
     atom:    6    charge:    1.8609    magn:   -0.0002    constr:    0.0000
     atom:    7    charge:    1.8609    magn:   -0.0001    constr:    0.0000
     atom:    8    charge:    1.8609    magn:    0.0004    constr:    0.0000

     total cpu time spent up to now is        3.3 secs

     The total energy is the sum of the following terms:

     one-electron contribution =      19.40235767 Ry
     hartree contribution      =       5.11005629 Ry
     xc contribution           =     -19.61696760 Ry
     ewald contribution        =     -67.19577065 Ry

     total energy              =     -62.30035605 Ry
     Harris-Foulkes estimate   =     -62.30035608 Ry
     estimated scf accuracy    <       0.00000029 Ry

     total magnetization       =     0.00 Bohr mag/cell
     absolute magnetization    =     0.01 Bohr mag/cell

     iteration # 10     ecut=    80.00 Ry     beta=0.70
     Davidson diagonalization with overlap
     ethr =  8.99E-10,  avg # of iterations =  5.0
 
     Magnetic moment per site:
     atom:    1    charge:    1.8607    magn:    0.0000    constr:    0.0000
     atom:    2    charge:    1.8610    magn:    0.0000    constr:    0.0000
     atom:    3    charge:    1.8612    magn:   -0.0001    constr:    0.0000
     atom:    4    charge:    1.8610    magn:    0.0000    constr:    0.0000
     atom:    5    charge:    1.8609    magn:    0.0001    constr:    0.0000
     atom:    6    charge:    1.8610    magn:   -0.0002    constr:    0.0000
     atom:    7    charge:    1.8610    magn:   -0.0001    constr:    0.0000
     atom:    8    charge:    1.8609    magn:    0.0004    constr:    0.0000

     total cpu time spent up to now is        3.6 secs

     The total energy is the sum of the following terms:

     one-electron contribution =      19.40232411 Ry
     hartree contribution      =       5.11010557 Ry
     xc contribution           =     -19.61698649 Ry
     ewald contribution        =     -67.19577065 Ry

     total energy              =     -62.30035618 Ry
     Harris-Foulkes estimate   =     -62.30035617 Ry
     estimated scf accuracy    <       0.00000003 Ry

     total magnetization       =     0.00 Bohr mag/cell
     absolute magnetization    =     0.01 Bohr mag/cell

     iteration # 11     ecut=    80.00 Ry     beta=0.70
     Davidson diagonalization with overlap
     ethr =  1.09E-10,  avg # of iterations =  5.0
 
     Magnetic moment per site:
     atom:    1    charge:    1.8607    magn:    0.0000    constr:    0.0000
     atom:    2    charge:    1.8610    magn:    0.0000    constr:    0.0000
     atom:    3    charge:    1.8612    magn:   -0.0001    constr:    0.0000
     atom:    4    charge:    1.8610    magn:    0.0000    constr:    0.0000
     atom:    5    charge:    1.8609    magn:    0.0001    constr:    0.0000
     atom:    6    charge:    1.8610    magn:   -0.0002    constr:    0.0000
     atom:    7    charge:    1.8610    magn:   -0.0001    constr:    0.0000
     atom:    8    charge:    1.8610    magn:    0.0003    constr:    0.0000

     total cpu time spent up to now is        3.9 secs

     The total energy is the sum of the following terms:

     one-electron contribution =      19.40233376 Ry
     hartree contribution      =       5.11005531 Ry
     xc contribution           =     -19.61696352 Ry
     ewald contribution        =     -67.19577065 Ry

     total energy              =     -62.30035621 Ry
     Harris-Foulkes estimate   =     -62.30035619 Ry
     estimated scf accuracy    <       0.00000002 Ry

     total magnetization       =     0.00 Bohr mag/cell
     absolute magnetization    =     0.01 Bohr mag/cell

     iteration # 12     ecut=    80.00 Ry     beta=0.70
     Davidson diagonalization with overlap
     ethr =  5.53E-11,  avg # of iterations =  5.5
 
     Magnetic moment per site:
     atom:    1    charge:    1.8607    magn:    0.0000    constr:    0.0000
     atom:    2    charge:    1.8609    magn:    0.0000    constr:    0.0000
     atom:    3    charge:    1.8612    magn:   -0.0001    constr:    0.0000
     atom:    4    charge:    1.8610    magn:    0.0000    constr:    0.0000
     atom:    5    charge:    1.8610    magn:    0.0000    constr:    0.0000
     atom:    6    charge:    1.8610    magn:   -0.0002    constr:    0.0000
     atom:    7    charge:    1.8610    magn:   -0.0001    constr:    0.0000
     atom:    8    charge:    1.8610    magn:    0.0003    constr:    0.0000

     total cpu time spent up to now is        4.3 secs

     End of self-consistent calculation

 ------ SPIN UP ------------


          k = 0.0000 0.0000 0.0000 (  6567 PWs)   bands (ev):

    -5.4808  -1.3109  -1.3106  -1.3089  -1.3088  -1.3082  -1.3057   3.6256
     3.6261   3.6263   3.6266   3.6274   3.6281   6.5435   6.5479   6.5495

 ------ SPIN DOWN ----------


          k = 0.0000 0.0000 0.0000 (  6567 PWs)   bands (ev):

    -5.4808  -1.3111  -1.3105  -1.3089  -1.3088  -1.3079  -1.3059   3.6258
     3.6260   3.6261   3.6268   3.6275   3.6280   6.5435   6.5479   6.5495

     highest occupied level (ev):     6.5495

     The total energy is the sum of the following terms:

     one-electron contribution =      19.40232477 Ry
     hartree contribution      =       5.11005188 Ry
     xc contribution           =     -19.61696224 Ry
     ewald contribution        =     -67.19577065 Ry

!    total energy              =     -62.30035625 Ry
     Harris-Foulkes estimate   =     -62.30035623 Ry
     estimated scf accuracy    <          2.3E-09 Ry

     The total energy is the sum of the following terms:

     one-electron contribution =      19.40232477 Ry
     hartree contribution      =       5.11005188 Ry
     xc contribution           =     -19.61696224 Ry
     ewald contribution        =     -67.19577065 Ry
     electric field correction =       0.00000000 Ry

     total magnetization       =     0.00 Bohr mag/cell
     absolute magnetization    =     0.01 Bohr mag/cell

     convergence has been achieved in  12 iterations
 
     Using Voronoi cells
     Adding the potential well
        Amplitude [Ry a.u.] :  1.0000E+00
        Fragment start :           1
        Fragment end   :           1
 
 
     Using Voronoi cells
     Adding the potential well
        Amplitude [Ry a.u.] :  1.0000E+00
        Fragment start :           1
        Fragment end   :           1
 
     #e's   in well     :   5.523529608954192E-003  electrons

     Writing output data file si.save
 
     init_run     :      0.56s CPU      0.57s WALL (       1 calls)
     electrons    :      3.46s CPU      3.67s WALL (       1 calls)

     Called by init_run:
     wfcinit      :      0.33s CPU      0.34s WALL (       1 calls)
     potinit      :      0.08s CPU      0.09s WALL (       1 calls)

     Called by electrons:
     c_bands      :      1.90s CPU      2.06s WALL (      12 calls)
     sum_band     :      0.34s CPU      0.34s WALL (      12 calls)
     v_of_rho     :      0.98s CPU      1.04s WALL (      13 calls)
     mix_rho      :      0.19s CPU      0.19s WALL (      12 calls)

     Called by c_bands:
     init_us_2    :      0.07s CPU      0.07s WALL (      50 calls)
     regterg      :      1.73s CPU      1.89s WALL (      24 calls)

     Called by *egterg:
     h_psi        :      1.65s CPU      1.74s WALL (     113 calls)
     g_psi        :      0.01s CPU      0.01s WALL (      87 calls)
     rdiaghg      :      0.12s CPU      0.19s WALL (     111 calls)

     Called by h_psi:
     add_vuspsi   :      0.08s CPU      0.10s WALL (     113 calls)

     General routines
     calbec       :      0.16s CPU      0.18s WALL (     113 calls)
     fft          :      0.44s CPU      0.49s WALL (     270 calls)
     fftw         :      1.43s CPU      1.51s WALL (    1610 calls)
     davcio       :      0.00s CPU      0.00s WALL (       2 calls)
 
     Parallel routines
     fft_scatter  :      0.71s CPU      0.74s WALL (    1880 calls)
 
     PWSCF        :     4.16s CPU         4.41s WALL

 
   This run was terminated on:  17:21:43  12Jun2015            

=------------------------------------------------------------------------------=
   JOB DONE.
=------------------------------------------------------------------------------=
